Archive member included to satisfy reference by file (symbol)

c:/program files (x86)/atollic/truestudio for stm32 9.3.0/armtools/bin/../lib/gcc/arm-atollic-eabi/6.3.1/../../../../arm-atollic-eabi/lib/armv6-m\libc_nano.a(lib_a-errno.o)
                              Core\Src\syscalls.o (__errno)
c:/program files (x86)/atollic/truestudio for stm32 9.3.0/armtools/bin/../lib/gcc/arm-atollic-eabi/6.3.1/../../../../arm-atollic-eabi/lib/armv6-m\libc_nano.a(lib_a-impure.o)
                              c:/program files (x86)/atollic/truestudio for stm32 9.3.0/armtools/bin/../lib/gcc/arm-atollic-eabi/6.3.1/../../../../arm-atollic-eabi/lib/armv6-m\libc_nano.a(lib_a-errno.o) (_impure_ptr)
c:/program files (x86)/atollic/truestudio for stm32 9.3.0/armtools/bin/../lib/gcc/arm-atollic-eabi/6.3.1/../../../../arm-atollic-eabi/lib/armv6-m\libc_nano.a(lib_a-init.o)
                              startup\startup_stm32f072xb.o (__libc_init_array)
c:/program files (x86)/atollic/truestudio for stm32 9.3.0/armtools/bin/../lib/gcc/arm-atollic-eabi/6.3.1/../../../../arm-atollic-eabi/lib/armv6-m\libc_nano.a(lib_a-memcpy-stub.o)
                              Core\Src\main.o (memcpy)
c:/program files (x86)/atollic/truestudio for stm32 9.3.0/armtools/bin/../lib/gcc/arm-atollic-eabi/6.3.1/../../../../arm-atollic-eabi/lib/armv6-m\libc_nano.a(lib_a-memset.o)
                              Core\Src\main.o (memset)
c:/program files (x86)/atollic/truestudio for stm32 9.3.0/armtools/bin/../lib/gcc/arm-atollic-eabi/6.3.1/../../../../arm-atollic-eabi/lib/armv6-m\libm.a(lib_a-s_cos.o)
                              Core\Src\OJ_Main.o (cos)
c:/program files (x86)/atollic/truestudio for stm32 9.3.0/armtools/bin/../lib/gcc/arm-atollic-eabi/6.3.1/../../../../arm-atollic-eabi/lib/armv6-m\libm.a(lib_a-s_sin.o)
                              Core\Src\OJ_Main.o (sin)
c:/program files (x86)/atollic/truestudio for stm32 9.3.0/armtools/bin/../lib/gcc/arm-atollic-eabi/6.3.1/../../../../arm-atollic-eabi/lib/armv6-m\libm.a(lib_a-w_atan2.o)
                              Core\Src\OJ_Main.o (atan2)
c:/program files (x86)/atollic/truestudio for stm32 9.3.0/armtools/bin/../lib/gcc/arm-atollic-eabi/6.3.1/../../../../arm-atollic-eabi/lib/armv6-m\libm.a(lib_a-w_pow.o)
                              Core\Src\OJ_Main.o (pow)
c:/program files (x86)/atollic/truestudio for stm32 9.3.0/armtools/bin/../lib/gcc/arm-atollic-eabi/6.3.1/../../../../arm-atollic-eabi/lib/armv6-m\libm.a(lib_a-w_sqrt.o)
                              Core\Src\OJ_Main.o (sqrt)
c:/program files (x86)/atollic/truestudio for stm32 9.3.0/armtools/bin/../lib/gcc/arm-atollic-eabi/6.3.1/../../../../arm-atollic-eabi/lib/armv6-m\libm.a(lib_a-e_atan2.o)
                              c:/program files (x86)/atollic/truestudio for stm32 9.3.0/armtools/bin/../lib/gcc/arm-atollic-eabi/6.3.1/../../../../arm-atollic-eabi/lib/armv6-m\libm.a(lib_a-w_atan2.o) (__ieee754_atan2)
c:/program files (x86)/atollic/truestudio for stm32 9.3.0/armtools/bin/../lib/gcc/arm-atollic-eabi/6.3.1/../../../../arm-atollic-eabi/lib/armv6-m\libm.a(lib_a-e_pow.o)
                              c:/program files (x86)/atollic/truestudio for stm32 9.3.0/armtools/bin/../lib/gcc/arm-atollic-eabi/6.3.1/../../../../arm-atollic-eabi/lib/armv6-m\libm.a(lib_a-w_pow.o) (__ieee754_pow)
c:/program files (x86)/atollic/truestudio for stm32 9.3.0/armtools/bin/../lib/gcc/arm-atollic-eabi/6.3.1/../../../../arm-atollic-eabi/lib/armv6-m\libm.a(lib_a-e_rem_pio2.o)
                              c:/program files (x86)/atollic/truestudio for stm32 9.3.0/armtools/bin/../lib/gcc/arm-atollic-eabi/6.3.1/../../../../arm-atollic-eabi/lib/armv6-m\libm.a(lib_a-s_cos.o) (__ieee754_rem_pio2)
c:/program files (x86)/atollic/truestudio for stm32 9.3.0/armtools/bin/../lib/gcc/arm-atollic-eabi/6.3.1/../../../../arm-atollic-eabi/lib/armv6-m\libm.a(lib_a-e_sqrt.o)
                              c:/program files (x86)/atollic/truestudio for stm32 9.3.0/armtools/bin/../lib/gcc/arm-atollic-eabi/6.3.1/../../../../arm-atollic-eabi/lib/armv6-m\libm.a(lib_a-w_sqrt.o) (__ieee754_sqrt)
c:/program files (x86)/atollic/truestudio for stm32 9.3.0/armtools/bin/../lib/gcc/arm-atollic-eabi/6.3.1/../../../../arm-atollic-eabi/lib/armv6-m\libm.a(lib_a-k_cos.o)
                              c:/program files (x86)/atollic/truestudio for stm32 9.3.0/armtools/bin/../lib/gcc/arm-atollic-eabi/6.3.1/../../../../arm-atollic-eabi/lib/armv6-m\libm.a(lib_a-s_cos.o) (__kernel_cos)
c:/program files (x86)/atollic/truestudio for stm32 9.3.0/armtools/bin/../lib/gcc/arm-atollic-eabi/6.3.1/../../../../arm-atollic-eabi/lib/armv6-m\libm.a(lib_a-k_rem_pio2.o)
                              c:/program files (x86)/atollic/truestudio for stm32 9.3.0/armtools/bin/../lib/gcc/arm-atollic-eabi/6.3.1/../../../../arm-atollic-eabi/lib/armv6-m\libm.a(lib_a-e_rem_pio2.o) (__kernel_rem_pio2)
[...]
Memory Configuration

Name             Origin             Length             Attributes
RAM              0x20000000         0x00004000         xrw
FLASH            0x08000000         0x00020000         xr
*default*        0x00000000         0xffffffff

Linker script and memory map

LOAD c:/program files (x86)/atollic/truestudio for stm32 9.3.0/armtools/bin/../lib/gcc/arm-atollic-eabi/6.3.1/armv6-m/crti.o
LOAD c:/program files (x86)/atollic/truestudio for stm32 9.3.0/armtools/bin/../lib/gcc/arm-atollic-eabi/6.3.1/armv6-m/crtbegin.o
LOAD Core\Src\OJ_Main.o
LOAD Core\Src\OJ_TLE.o
LOAD Core\Src\main.o
LOAD Core\Src\stm32f0xx_hal_msp.o
LOAD Core\Src\stm32f0xx_hal_timebase_tim.o
LOAD Core\Src\stm32f0xx_it.o
LOAD Core\Src\syscalls.o
LOAD Core\Src\system_stm32f0xx.o
LOAD Drivers\STM32F0xx_HAL_Driver\Src\stm32f0xx_hal.o
LOAD Drivers\STM32F0xx_HAL_Driver\Src\stm32f0xx_hal_cortex.o
LOAD Drivers\STM32F0xx_HAL_Driver\Src\stm32f0xx_hal_dma.o
LOAD Drivers\STM32F0xx_HAL_Driver\Src\stm32f0xx_hal_flash.o
LOAD Drivers\STM32F0xx_HAL_Driver\Src\stm32f0xx_hal_flash_ex.o
LOAD Drivers\STM32F0xx_HAL_Driver\Src\stm32f0xx_hal_gpio.o
LOAD Drivers\STM32F0xx_HAL_Driver\Src\stm32f0xx_hal_i2c.o
LOAD Drivers\STM32F0xx_HAL_Driver\Src\stm32f0xx_hal_i2c_ex.o
LOAD Drivers\STM32F0xx_HAL_Driver\Src\stm32f0xx_hal_pcd.o
LOAD Drivers\STM32F0xx_HAL_Driver\Src\stm32f0xx_hal_pcd_ex.o
LOAD Drivers\STM32F0xx_HAL_Driver\Src\stm32f0xx_hal_pwr.o
LOAD Drivers\STM32F0xx_HAL_Driver\Src\stm32f0xx_hal_pwr_ex.o
LOAD Drivers\STM32F0xx_HAL_Driver\Src\stm32f0xx_hal_rcc.o
LOAD Drivers\STM32F0xx_HAL_Driver\Src\stm32f0xx_hal_rcc_ex.o
LOAD Drivers\STM32F0xx_HAL_Driver\Src\stm32f0xx_hal_spi.o
LOAD Drivers\STM32F0xx_HAL_Driver\Src\stm32f0xx_hal_spi_ex.o
LOAD Drivers\STM32F0xx_HAL_Driver\Src\stm32f0xx_hal_tim.o
LOAD Drivers\STM32F0xx_HAL_Driver\Src\stm32f0xx_hal_tim_ex.o
LOAD Middlewares\ST\STM32_USB_Device_Library\Class\CustomHID\Src\usbd_customhid.o
LOAD Middlewares\ST\STM32_USB_Device_Library\Core\Src\usbd_core.o
LOAD Middlewares\ST\STM32_USB_Device_Library\Core\Src\usbd_ctlreq.o
LOAD Middlewares\ST\STM32_USB_Device_Library\Core\Src\usbd_ioreq.o
LOAD USB_DEVICE\App\usb_device.o
LOAD USB_DEVICE\App\usbd_custom_hid_if.o
LOAD USB_DEVICE\App\usbd_desc.o
LOAD USB_DEVICE\Target\usbd_conf.o
LOAD startup\startup_stm32f072xb.o
                0x00000080                malloc_getpagesize_P = 0x80
START GROUP
LOAD c:/program files (x86)/atollic/truestudio for stm32 9.3.0/armtools/bin/../lib/gcc/arm-atollic-eabi/6.3.1/../../../../arm-atollic-eabi/lib/armv6-m\libc_nano.a
LOAD c:/program files (x86)/atollic/truestudio for stm32 9.3.0/armtools/bin/../lib/gcc/arm-atollic-eabi/6.3.1/../../../../arm-atollic-eabi/lib/armv6-m\libm.a
END GROUP
START GROUP
LOAD c:/program files (x86)/atollic/truestudio for stm32 9.3.0/armtools/bin/../lib/gcc/arm-atollic-eabi/6.3.1/armv6-m\libgcc.a
LOAD c:/program files (x86)/atollic/truestudio for stm32 9.3.0/armtools/bin/../lib/gcc/arm-atollic-eabi/6.3.1/../../../../arm-atollic-eabi/lib/armv6-m\libc_nano.a
END GROUP
START GROUP
LOAD c:/program files (x86)/atollic/truestudio for stm32 9.3.0/armtools/bin/../lib/gcc/arm-atollic-eabi/6.3.1/armv6-m\libgcc.a
LOAD c:/program files (x86)/atollic/truestudio for stm32 9.3.0/armtools/bin/../lib/gcc/arm-atollic-eabi/6.3.1/../../../../arm-atollic-eabi/lib/armv6-m\libc_nano.a
LOAD c:/program files (x86)/atollic/truestudio for stm32 9.3.0/armtools/bin/../lib/gcc/arm-atollic-eabi/6.3.1/../../../../arm-atollic-eabi/lib/armv6-m\libnosys.a
END GROUP
START GROUP
LOAD c:/program files (x86)/atollic/truestudio for stm32 9.3.0/armtools/bin/../lib/gcc/arm-atollic-eabi/6.3.1/armv6-m\libgcc.a
LOAD c:/program files (x86)/atollic/truestudio for stm32 9.3.0/armtools/bin/../lib/gcc/arm-atollic-eabi/6.3.1/../../../../arm-atollic-eabi/lib/armv6-m\libc_nano.a
LOAD c:/program files (x86)/atollic/truestudio for stm32 9.3.0/armtools/bin/../lib/gcc/arm-atollic-eabi/6.3.1/../../../../arm-atollic-eabi/lib/armv6-m\libnosys.a
END GROUP
LOAD c:/program files (x86)/atollic/truestudio for stm32 9.3.0/armtools/bin/../lib/gcc/arm-atollic-eabi/6.3.1/armv6-m/crtend.o
LOAD c:/program files (x86)/atollic/truestudio for stm32 9.3.0/armtools/bin/../lib/gcc/arm-atollic-eabi/6.3.1/armv6-m/crtn.o
                0x20004000                _estack = 0x20004000
                0x00000200                _Min_Heap_Size = 0x200
                0x00000400                _Min_Stack_Size = 0x400

.isr_vector     0x08000000       0xc0
                0x08000000                . = ALIGN (0x4)
 *(.isr_vector)
 .isr_vector    0x08000000       0xc0 startup\startup_stm32f072xb.o
                0x08000000                g_pfnVectors
                0x080000c0                . = ALIGN (0x4)

.text           0x080000c0     0x7b6c
                0x080000c0                . = ALIGN (0x4)
 *(.text)
 .text          0x080000c0       0x48 c:/program files (x86)/atollic/truestudio for stm32 9.3.0/armtools/bin/../lib/gcc/arm-atollic-eabi/6.3.1/armv6-m/crtbegin.o
 .text          0x08000108      0x114 c:/program files (x86)/atollic/truestudio for stm32 9.3.0/armtools/bin/../lib/gcc/arm-atollic-eabi/6.3.1/armv6-m\libgcc.a(_udivsi3.o)
                0x08000108                __aeabi_uidiv
                0x08000108                __udivsi3
                0x08000214                __aeabi_uidivmod
 .text          0x0800021c        0x4 c:/program files (x86)/atollic/truestudio for stm32 9.3.0/armtools/bin/../lib/gcc/arm-atollic-eabi/6.3.1/armv6-m\libgcc.a(_dvmd_tls.o)
                0x0800021c                __aeabi_idiv0
                0x0800021c                __aeabi_ldiv0
 .text          0x08000220       0x7c c:/program files (x86)/atollic/truestudio for stm32 9.3.0/armtools/bin/../lib/gcc/arm-atollic-eabi/6.3.1/armv6-m\libgcc.a(_arm_cmpdf2.o)
                0x08000220                __aeabi_cdrcmple
                0x08000230                __aeabi_cdcmple
                0x08000230                __aeabi_cdcmpeq
                0x08000240                __aeabi_dcmpeq
                0x0800024c                __aeabi_dcmplt
                0x08000260                __aeabi_dcmple
                0x08000274                __aeabi_dcmpgt
                0x08000288                __aeabi_dcmpge
 .text          0x0800029c       0x74 c:/program files (x86)/atollic/truestudio for stm32 9.3.0/armtools/bin/../lib/gcc/arm-atollic-eabi/6.3.1/armv6-m\libgcc.a(_arm_cmpsf2.o)
                0x0800029c                __aeabi_cfrcmple
                0x080002a4                __aeabi_cfcmpeq
                0x080002a4                __aeabi_cfcmple
                0x080002b4                __aeabi_fcmpeq
                0x080002c0                __aeabi_fcmplt
                0x080002d4                __aeabi_fcmple
                0x080002e8                __aeabi_fcmpgt
                0x080002fc                __aeabi_fcmpge
 .text          0x08000310      0x290 c:/program files (x86)/atollic/truestudio for stm32 9.3.0/armtools/bin/../lib/gcc/arm-atollic-eabi/6.3.1/armv6-m\libgcc.a(divsf3.o)
                0x08000310                __aeabi_fdiv
 .text          0x080005a0       0x4c c:/program files (x86)/atollic/truestudio for stm32 9.3.0/armtools/bin/../lib/gcc/arm-atollic-eabi/6.3.1/armv6-m\libgcc.a(eqsf2.o)
                0x080005a0                __eqsf2
                0x080005a0                __nesf2
 .text          0x080005ec       0x80 c:/program files (x86)/atollic/truestudio for stm32 9.3.0/armtools/bin/../lib/gcc/arm-atollic-eabi/6.3.1/armv6-m\libgcc.a(gesf2.o)
                0x080005ec                __gesf2
                0x080005ec                __gtsf2
 .text          0x0800066c       0x84 c:/program files (x86)/atollic/truestudio for stm32 9.3.0/armtools/bin/../lib/gcc/arm-atollic-eabi/6.3.1/armv6-m\libgcc.a(lesf2.o)
                0x0800066c                __ltsf2
                0x0800066c                __lesf2
 .text          0x080006f0      0x240 c:/program files (x86)/atollic/truestudio for stm32 9.3.0/armtools/bin/../lib/gcc/arm-atollic-eabi/6.3.1/armv6-m\libgcc.a(mulsf3.o)
                0x080006f0                __aeabi_fmul
 .text          0x08000930      0x338 c:/program files (x86)/atollic/truestudio for stm32 9.3.0/armtools/bin/../lib/gcc/arm-atollic-eabi/6.3.1/armv6-m\libgcc.a(subsf3.o)
                0x08000930                __aeabi_fsub
 .text          0x08000c68       0xa0 c:/program files (x86)/atollic/truestudio for stm32 9.3.0/armtools/bin/../lib/gcc/arm-atollic-eabi/6.3.1/armv6-m\libgcc.a(floatsisf.o)
                0x08000c68                __aeabi_i2f
 .text          0x08000d08      0x620 c:/program files (x86)/atollic/truestudio for stm32 9.3.0/armtools/bin/../lib/gcc/arm-atollic-eabi/6.3.1/armv6-m\libgcc.a(adddf3.o)
                0x08000d08                __aeabi_dadd
 .text          0x08001328      0x668 c:/program files (x86)/atollic/truestudio for stm32 9.3.0/armtools/bin/../lib/gcc/arm-atollic-eabi/6.3.1/armv6-m\libgcc.a(divdf3.o)
                0x08001328                __aeabi_ddiv
 .text          0x08001990       0x74 c:/program files (x86)/atollic/truestudio for stm32 9.3.0/armtools/bin/../lib/gcc/arm-atollic-eabi/6.3.1/armv6-m\libgcc.a(eqdf2.o)
                0x08001990                __nedf2
                0x08001990                __eqdf2
 .text          0x08001a04       0xc8 c:/program files (x86)/atollic/truestudio for stm32 9.3.0/armtools/bin/../lib/gcc/arm-atollic-eabi/6.3.1/armv6-m\libgcc.a(gedf2.o)
                0x08001a04                __gedf2
                0x08001a04                __gtdf2
 .text          0x08001acc       0xc4 c:/program files (x86)/atollic/truestudio for stm32 9.3.0/armtools/bin/../lib/gcc/arm-atollic-eabi/6.3.1/armv6-m\libgcc.a(ledf2.o)
                0x08001acc                __ledf2
                0x08001acc                __ltdf2
 .text          0x08001b90      0x500 c:/program files (x86)/atollic/truestudio for stm32 9.3.0/armtools/bin/../lib/gcc/arm-atollic-eabi/6.3.1/armv6-m\libgcc.a(muldf3.o)
                0x08001b90                __aeabi_dmul
 .text          0x08002090      0x62c c:/program files (x86)/atollic/truestudio for stm32 9.3.0/armtools/bin/../lib/gcc/arm-atollic-eabi/6.3.1/armv6-m\libgcc.a(subdf3.o)
                0x08002090                __aeabi_dsub
 .text          0x080026bc       0x84 c:/program files (x86)/atollic/truestudio for stm32 9.3.0/armtools/bin/../lib/gcc/arm-atollic-eabi/6.3.1/armv6-m\libgcc.a(floatsidf.o)
                0x080026bc                __aeabi_i2d
 .text          0x08002740       0xa4 c:/program files (x86)/atollic/truestudio for stm32 9.3.0/armtools/bin/../lib/gcc/arm-atollic-eabi/6.3.1/armv6-m\libgcc.a(extendsfdf2.o)
                0x08002740                __aeabi_f2d
 .text          0x080027e4      0x114 c:/program files (x86)/atollic/truestudio for stm32 9.3.0/armtools/bin/../lib/gcc/arm-atollic-eabi/6.3.1/armv6-m\libgcc.a(truncdfsf2.o)
                0x080027e4                __aeabi_d2f
 .text          0x080028f8       0x3c c:/program files (x86)/atollic/truestudio for stm32 9.3.0/armtools/bin/../lib/gcc/arm-atollic-eabi/6.3.1/armv6-m\libgcc.a(_clzsi2.o)
                0x080028f8                __clzsi2
 *(.text*)
 .text.GetMaxMinValues
                0x08002934       0x48 Core\Src\OJ_Main.o
                0x08002934                GetMaxMinValues
 .text.GetTempValues
                0x0800297c        0xc Core\Src\OJ_Main.o
                0x0800297c                GetTempValues
 .text.GetColibValues
                0x08002988       0xf0 Core\Src\OJ_Main.o
                0x08002988                GetColibValues
 .text.GetResultAngle
                0x08002a78       0xe8 Core\Src\OJ_Main.o
                0x08002a78                GetResultAngle
 .text.TLEReadData
                0x08002b60      0x354 Core\Src\OJ_TLE.o
                0x08002b60                TLEReadData
 .text.MX_GPIO_Init
                0x08002eb4       0xc4 Core\Src\main.o
 .text.MX_DMA_Init
                0x08002f78       0x30 Core\Src\main.o
 .text.MX_TIM3_Init
                0x08002fa8       0x68 Core\Src\main.o
 .text.MX_SPI2_Init
                0x08003010       0x4c Core\Src\main.o
 .text.SystemClock_Config
                0x0800305c       0x58 Core\Src\main.o
                0x0800305c                SystemClock_Config
 .text.main     0x080030b4       0xa8 Core\Src\main.o
                0x080030b4                main
 .text.HAL_TIM_PeriodElapsedCallback
                0x0800315c       0x18 Core\Src\main.o
                0x0800315c                HAL_TIM_PeriodElapsedCallback
 .text.Error_Handler
                0x08003174        0x2 Core\Src\main.o
                0x08003174                Error_Handler
 *fill*         0x08003176        0x2 
 .text.HAL_MspInit
                0x08003178       0x40 Core\Src\stm32f0xx_hal_msp.o
                0x08003178                HAL_MspInit
 .text.HAL_SPI_MspInit
                0x080031b8       0xec Core\Src\stm32f0xx_hal_msp.o
                0x080031b8                HAL_SPI_MspInit
 .text.HAL_TIM_PWM_MspInit
                0x080032a4       0x2c Core\Src\stm32f0xx_hal_msp.o
                0x080032a4                HAL_TIM_PWM_MspInit
 .text.HAL_TIM_MspPostInit
                0x080032d0       0x58 Core\Src\stm32f0xx_hal_msp.o
                0x080032d0                HAL_TIM_MspPostInit
 .text.HAL_InitTick
                0x08003328       0x78 Core\Src\stm32f0xx_hal_timebase_tim.o
                0x08003328                HAL_InitTick
 .text.NMI_Handler
                0x080033a0        0x2 Core\Src\stm32f0xx_it.o
                0x080033a0                NMI_Handler
 .text.HardFault_Handler
                0x080033a2        0x2 Core\Src\stm32f0xx_it.o
                0x080033a2                HardFault_Handler
 .text.SVC_Handler
                0x080033a4        0x2 Core\Src\stm32f0xx_it.o
                0x080033a4                SVC_Handler
 .text.PendSV_Handler
                0x080033a6        0x2 Core\Src\stm32f0xx_it.o
                0x080033a6                PendSV_Handler
 .text.SysTick_Handler
                0x080033a8        0x2 Core\Src\stm32f0xx_it.o
                0x080033a8                SysTick_Handler
 .text.RCC_CRS_IRQHandler
                0x080033aa        0x2 Core\Src\stm32f0xx_it.o
                0x080033aa                RCC_CRS_IRQHandler
 .text.EXTI4_15_IRQHandler
                0x080033ac       0x20 Core\Src\stm32f0xx_it.o
                0x080033ac                EXTI4_15_IRQHandler
 .text.DMA1_Channel4_5_6_7_IRQHandler
                0x080033cc       0x18 Core\Src\stm32f0xx_it.o
                0x080033cc                DMA1_Channel4_5_6_7_IRQHandler
 .text.TIM6_DAC_IRQHandler
                0x080033e4       0x10 Core\Src\stm32f0xx_it.o
                0x080033e4                TIM6_DAC_IRQHandler
 .text.USB_IRQHandler
                0x080033f4       0x10 Core\Src\stm32f0xx_it.o
                0x080033f4                USB_IRQHandler
 .text.SystemInit
                0x08003404       0x60 Core\Src\system_stm32f0xx.o
                0x08003404                SystemInit
 .text.HAL_Init
                0x08003464       0x20 Drivers\STM32F0xx_HAL_Driver\Src\stm32f0xx_hal.o
                0x08003464                HAL_Init
 .text.HAL_IncTick
                0x08003484       0x10 Drivers\STM32F0xx_HAL_Driver\Src\stm32f0xx_hal.o
                0x08003484                HAL_IncTick
 .text.HAL_GetTick
                0x08003494        0xc Drivers\STM32F0xx_HAL_Driver\Src\stm32f0xx_hal.o
                0x08003494                HAL_GetTick
 .text.HAL_Delay
                0x080034a0       0x22 Drivers\STM32F0xx_HAL_Driver\Src\stm32f0xx_hal.o
                0x080034a0                HAL_Delay
 *fill*         0x080034c2        0x2 
 .text.HAL_NVIC_SetPriority
                0x080034c4       0x64 Drivers\STM32F0xx_HAL_Driver\Src\stm32f0xx_hal_cortex.o
                0x080034c4                HAL_NVIC_SetPriority
 .text.HAL_NVIC_EnableIRQ
                0x08003528       0x14 Drivers\STM32F0xx_HAL_Driver\Src\stm32f0xx_hal_cortex.o
                0x08003528                HAL_NVIC_EnableIRQ
 .text.DMA_SetConfig
                0x0800353c       0x2a Drivers\STM32F0xx_HAL_Driver\Src\stm32f0xx_hal_dma.o
 *fill*         0x08003566        0x2 
 .text.DMA_CalcBaseAndBitshift
                0x08003568       0x28 Drivers\STM32F0xx_HAL_Driver\Src\stm32f0xx_hal_dma.o
 .text.HAL_DMA_Init
                0x08003590       0x58 Drivers\STM32F0xx_HAL_Driver\Src\stm32f0xx_hal_dma.o
                0x08003590                HAL_DMA_Init
 .text.HAL_DMA_Start_IT
                0x080035e8       0x76 Drivers\STM32F0xx_HAL_Driver\Src\stm32f0xx_hal_dma.o
                0x080035e8                HAL_DMA_Start_IT
 .text.HAL_DMA_IRQHandler
                0x0800365e       0xaa Drivers\STM32F0xx_HAL_Driver\Src\stm32f0xx_hal_dma.o
                0x0800365e                HAL_DMA_IRQHandler
 .text.HAL_GPIO_Init
                0x08003708      0x19c Drivers\STM32F0xx_HAL_Driver\Src\stm32f0xx_hal_gpio.o
                0x08003708                HAL_GPIO_Init
 .text.HAL_GPIO_WritePin
                0x080038a4        0xc Drivers\STM32F0xx_HAL_Driver\Src\stm32f0xx_hal_gpio.o
                0x080038a4                HAL_GPIO_WritePin
 .text.HAL_GPIO_EXTI_Callback
                0x080038b0        0x2 Drivers\STM32F0xx_HAL_Driver\Src\stm32f0xx_hal_gpio.o
                0x080038b0                HAL_GPIO_EXTI_Callback
 *fill*         0x080038b2        0x2 
 .text.HAL_GPIO_EXTI_IRQHandler
                0x080038b4       0x1c Drivers\STM32F0xx_HAL_Driver\Src\stm32f0xx_hal_gpio.o
                0x080038b4                HAL_GPIO_EXTI_IRQHandler
 .text.HAL_PCD_Init
                0x080038d0       0xc0 Drivers\STM32F0xx_HAL_Driver\Src\stm32f0xx_hal_pcd.o
                0x080038d0                HAL_PCD_Init
 .text.HAL_PCD_Start
                0x08003990       0x18 Drivers\STM32F0xx_HAL_Driver\Src\stm32f0xx_hal_pcd.o
                0x08003990                HAL_PCD_Start
 .text.HAL_PCD_SetAddress
                0x080039a8       0x36 Drivers\STM32F0xx_HAL_Driver\Src\stm32f0xx_hal_pcd.o
                0x080039a8                HAL_PCD_SetAddress
 *fill*         0x080039de        0x2 
 .text.HAL_PCD_EP_Open
                0x080039e0      0x354 Drivers\STM32F0xx_HAL_Driver\Src\stm32f0xx_hal_pcd.o
                0x080039e0                HAL_PCD_EP_Open
 .text.HAL_PCD_EP_Close
                0x08003d34      0x1d0 Drivers\STM32F0xx_HAL_Driver\Src\stm32f0xx_hal_pcd.o
                0x08003d34                HAL_PCD_EP_Close
 .text.HAL_PCD_EP_Receive
                0x08003f04      0x200 Drivers\STM32F0xx_HAL_Driver\Src\stm32f0xx_hal_pcd.o
                0x08003f04                HAL_PCD_EP_Receive
 .text.HAL_PCD_EP_SetStall
                0x08004104       0xc4 Drivers\STM32F0xx_HAL_Driver\Src\stm32f0xx_hal_pcd.o
                0x08004104                HAL_PCD_EP_SetStall
 .text.HAL_PCD_EP_ClrStall
                0x080041c8       0xe0 Drivers\STM32F0xx_HAL_Driver\Src\stm32f0xx_hal_pcd.o
                0x080041c8                HAL_PCD_EP_ClrStall
 .text.PCD_WritePMA
                0x080042a8       0x26 Drivers\STM32F0xx_HAL_Driver\Src\stm32f0xx_hal_pcd.o
                0x080042a8                PCD_WritePMA
 *fill*         0x080042ce        0x2 
 .text.HAL_PCD_EP_Transmit
                0x080042d0      0x21c Drivers\STM32F0xx_HAL_Driver\Src\stm32f0xx_hal_pcd.o
                0x080042d0                HAL_PCD_EP_Transmit
 .text.PCD_ReadPMA
                0x080044ec       0x2c Drivers\STM32F0xx_HAL_Driver\Src\stm32f0xx_hal_pcd.o
                0x080044ec                PCD_ReadPMA
 .text.PCD_EP_ISR_Handler
                0x08004518      0x4bc Drivers\STM32F0xx_HAL_Driver\Src\stm32f0xx_hal_pcd.o
 .text.HAL_PCD_IRQHandler
                0x080049d4      0x120 Drivers\STM32F0xx_HAL_Driver\Src\stm32f0xx_hal_pcd.o
                0x080049d4                HAL_PCD_IRQHandler
 .text.HAL_PCDEx_PMAConfig
                0x08004af4       0x3a Drivers\STM32F0xx_HAL_Driver\Src\stm32f0xx_hal_pcd_ex.o
                0x08004af4                HAL_PCDEx_PMAConfig
 *fill*         0x08004b2e        0x2 
 .text.HAL_RCC_OscConfig
                0x08004b30      0x4f8 Drivers\STM32F0xx_HAL_Driver\Src\stm32f0xx_hal_rcc.o
                0x08004b30                HAL_RCC_OscConfig
 .text.HAL_RCC_GetSysClockFreq
                0x08005028       0x94 Drivers\STM32F0xx_HAL_Driver\Src\stm32f0xx_hal_rcc.o
                0x08005028                HAL_RCC_GetSysClockFreq
 .text.HAL_RCC_ClockConfig
                0x080050bc      0x184 Drivers\STM32F0xx_HAL_Driver\Src\stm32f0xx_hal_rcc.o
                0x080050bc                HAL_RCC_ClockConfig
 .text.HAL_RCC_GetHCLKFreq
                0x08005240        0xc Drivers\STM32F0xx_HAL_Driver\Src\stm32f0xx_hal_rcc.o
                0x08005240                HAL_RCC_GetHCLKFreq
 .text.HAL_RCC_GetPCLK1Freq
                0x0800524c       0x20 Drivers\STM32F0xx_HAL_Driver\Src\stm32f0xx_hal_rcc.o
                0x0800524c                HAL_RCC_GetPCLK1Freq
 .text.HAL_RCC_GetClockConfig
                0x0800526c       0x38 Drivers\STM32F0xx_HAL_Driver\Src\stm32f0xx_hal_rcc.o
                0x0800526c                HAL_RCC_GetClockConfig
 .text.HAL_RCCEx_PeriphCLKConfig
                0x080052a4      0x158 Drivers\STM32F0xx_HAL_Driver\Src\stm32f0xx_hal_rcc_ex.o
                0x080052a4                HAL_RCCEx_PeriphCLKConfig
 .text.SPI_WaitFlagStateUntilTimeout
                0x080053fc       0xa0 Drivers\STM32F0xx_HAL_Driver\Src\stm32f0xx_hal_spi.o
 .text.SPI_WaitFifoStateUntilTimeout
                0x0800549c       0xb4 Drivers\STM32F0xx_HAL_Driver\Src\stm32f0xx_hal_spi.o
 .text.SPI_EndRxTxTransaction
                0x08005550       0x68 Drivers\STM32F0xx_HAL_Driver\Src\stm32f0xx_hal_spi.o
 .text.SPI_EndRxTransaction
                0x080055b8       0x8e Drivers\STM32F0xx_HAL_Driver\Src\stm32f0xx_hal_spi.o
 *fill*         0x08005646        0x2 
 .text.HAL_SPI_Init
                0x08005648       0xcc Drivers\STM32F0xx_HAL_Driver\Src\stm32f0xx_hal_spi.o
                0x08005648                HAL_SPI_Init
 .text.HAL_SPI_TransmitReceive
                0x08005714      0x2a8 Drivers\STM32F0xx_HAL_Driver\Src\stm32f0xx_hal_spi.o
                0x08005714                HAL_SPI_TransmitReceive
 .text.HAL_SPI_Receive
                0x080059bc      0x190 Drivers\STM32F0xx_HAL_Driver\Src\stm32f0xx_hal_spi.o
                0x080059bc                HAL_SPI_Receive
 .text.HAL_SPI_Transmit_DMA
                0x08005b4c      0x11c Drivers\STM32F0xx_HAL_Driver\Src\stm32f0xx_hal_spi.o
                0x08005b4c                HAL_SPI_Transmit_DMA
 .text.HAL_SPI_TransmitReceive_DMA
                0x08005c68      0x1f4 Drivers\STM32F0xx_HAL_Driver\Src\stm32f0xx_hal_spi.o
                0x08005c68                HAL_SPI_TransmitReceive_DMA
 .text.HAL_SPI_Receive_DMA
                0x08005e5c      0x170 Drivers\STM32F0xx_HAL_Driver\Src\stm32f0xx_hal_spi.o
                0x08005e5c                HAL_SPI_Receive_DMA
 .text.HAL_SPI_TxCpltCallback
                0x08005fcc        0x2 Drivers\STM32F0xx_HAL_Driver\Src\stm32f0xx_hal_spi.o
                0x08005fcc                HAL_SPI_TxCpltCallback
 .text.HAL_SPI_RxCpltCallback
                0x08005fce        0x2 Drivers\STM32F0xx_HAL_Driver\Src\stm32f0xx_hal_spi.o
                0x08005fce                HAL_SPI_RxCpltCallback
 .text.HAL_SPI_TxRxCpltCallback
                0x08005fd0        0x2 Drivers\STM32F0xx_HAL_Driver\Src\stm32f0xx_hal_spi.o
                0x08005fd0                HAL_SPI_TxRxCpltCallback
 .text.HAL_SPI_TxHalfCpltCallback
                0x08005fd2        0x2 Drivers\STM32F0xx_HAL_Driver\Src\stm32f0xx_hal_spi.o
                0x08005fd2                HAL_SPI_TxHalfCpltCallback
 .text.SPI_DMAHalfTransmitCplt
                0x08005fd4        0xa Drivers\STM32F0xx_HAL_Driver\Src\stm32f0xx_hal_spi.o
 .text.HAL_SPI_RxHalfCpltCallback
                0x08005fde        0x2 Drivers\STM32F0xx_HAL_Driver\Src\stm32f0xx_hal_spi.o
                0x08005fde                HAL_SPI_RxHalfCpltCallback
 .text.SPI_DMAHalfReceiveCplt
                0x08005fe0        0xa Drivers\STM32F0xx_HAL_Driver\Src\stm32f0xx_hal_spi.o
 .text.HAL_SPI_TxRxHalfCpltCallback
                0x08005fea        0x2 Drivers\STM32F0xx_HAL_Driver\Src\stm32f0xx_hal_spi.o
                0x08005fea                HAL_SPI_TxRxHalfCpltCallback
 .text.SPI_DMAHalfTransmitReceiveCplt
                0x08005fec        0xa Drivers\STM32F0xx_HAL_Driver\Src\stm32f0xx_hal_spi.o
 .text.HAL_SPI_ErrorCallback
                0x08005ff6        0x2 Drivers\STM32F0xx_HAL_Driver\Src\stm32f0xx_hal_spi.o
                0x08005ff6                HAL_SPI_ErrorCallback
 .text.SPI_DMAError
                0x08005ff8       0x22 Drivers\STM32F0xx_HAL_Driver\Src\stm32f0xx_hal_spi.o
 .text.SPI_DMATransmitCplt
                0x0800601a       0x74 Drivers\STM32F0xx_HAL_Driver\Src\stm32f0xx_hal_spi.o
 .text.SPI_DMAReceiveCplt
                0x0800608e       0x5a Drivers\STM32F0xx_HAL_Driver\Src\stm32f0xx_hal_spi.o
 .text.SPI_DMATransmitReceiveCplt
                0x080060e8       0x60 Drivers\STM32F0xx_HAL_Driver\Src\stm32f0xx_hal_spi.o
 .text.HAL_SPI_GetState
                0x08006148        0x8 Drivers\STM32F0xx_HAL_Driver\Src\stm32f0xx_hal_spi.o
                0x08006148                HAL_SPI_GetState
 .text.TIM_OC1_SetConfig
                0x08006150       0x8c Drivers\STM32F0xx_HAL_Driver\Src\stm32f0xx_hal_tim.o
 .text.TIM_OC3_SetConfig
                0x080061dc       0x94 Drivers\STM32F0xx_HAL_Driver\Src\stm32f0xx_hal_tim.o
 .text.TIM_OC4_SetConfig
                0x08006270       0x74 Drivers\STM32F0xx_HAL_Driver\Src\stm32f0xx_hal_tim.o
 .text.HAL_TIM_Base_MspInit
                0x080062e4        0x2 Drivers\STM32F0xx_HAL_Driver\Src\stm32f0xx_hal_tim.o
                0x080062e4                HAL_TIM_Base_MspInit
 .text.HAL_TIM_Base_Start_IT
                0x080062e6       0x16 Drivers\STM32F0xx_HAL_Driver\Src\stm32f0xx_hal_tim.o
                0x080062e6                HAL_TIM_Base_Start_IT
 .text.HAL_TIM_OC_DelayElapsedCallback
                0x080062fc        0x2 Drivers\STM32F0xx_HAL_Driver\Src\stm32f0xx_hal_tim.o
                0x080062fc                HAL_TIM_OC_DelayElapsedCallback
 .text.HAL_TIM_IC_CaptureCallback
                0x080062fe        0x2 Drivers\STM32F0xx_HAL_Driver\Src\stm32f0xx_hal_tim.o
                0x080062fe                HAL_TIM_IC_CaptureCallback
 .text.HAL_TIM_PWM_PulseFinishedCallback
                0x08006300        0x2 Drivers\STM32F0xx_HAL_Driver\Src\stm32f0xx_hal_tim.o
                0x08006300                HAL_TIM_PWM_PulseFinishedCallback
 .text.HAL_TIM_TriggerCallback
                0x08006302        0x2 Drivers\STM32F0xx_HAL_Driver\Src\stm32f0xx_hal_tim.o
                0x08006302                HAL_TIM_TriggerCallback
 .text.HAL_TIM_IRQHandler
                0x08006304      0x15a Drivers\STM32F0xx_HAL_Driver\Src\stm32f0xx_hal_tim.o
                0x08006304                HAL_TIM_IRQHandler
 *fill*         0x0800645e        0x2 
 .text.TIM_Base_SetConfig
                0x08006460       0xa4 Drivers\STM32F0xx_HAL_Driver\Src\stm32f0xx_hal_tim.o
                0x08006460                TIM_Base_SetConfig
 .text.HAL_TIM_Base_Init
                0x08006504       0x34 Drivers\STM32F0xx_HAL_Driver\Src\stm32f0xx_hal_tim.o
                0x08006504                HAL_TIM_Base_Init
 .text.HAL_TIM_PWM_Init
                0x08006538       0x34 Drivers\STM32F0xx_HAL_Driver\Src\stm32f0xx_hal_tim.o
                0x08006538                HAL_TIM_PWM_Init
 .text.TIM_OC2_SetConfig
                0x0800656c       0x88 Drivers\STM32F0xx_HAL_Driver\Src\stm32f0xx_hal_tim.o
                0x0800656c                TIM_OC2_SetConfig
 .text.HAL_TIM_PWM_ConfigChannel
                0x080065f4       0xec Drivers\STM32F0xx_HAL_Driver\Src\stm32f0xx_hal_tim.o
                0x080065f4                HAL_TIM_PWM_ConfigChannel
 .text.TIM_CCxChannelCmd
                0x080066e0       0x16 Drivers\STM32F0xx_HAL_Driver\Src\stm32f0xx_hal_tim.o
                0x080066e0                TIM_CCxChannelCmd
 *fill*         0x080066f6        0x2 
 .text.HAL_TIM_PWM_Start
                0x080066f8       0x64 Drivers\STM32F0xx_HAL_Driver\Src\stm32f0xx_hal_tim.o
                0x080066f8                HAL_TIM_PWM_Start
 .text.HAL_TIMEx_MasterConfigSynchronization
                0x0800675c       0x4c Drivers\STM32F0xx_HAL_Driver\Src\stm32f0xx_hal_tim_ex.o
                0x0800675c                HAL_TIMEx_MasterConfigSynchronization
 .text.HAL_TIMEx_CommutationCallback
                0x080067a8        0x2 Drivers\STM32F0xx_HAL_Driver\Src\stm32f0xx_hal_tim_ex.o
                0x080067a8                HAL_TIMEx_CommutationCallback
 .text.HAL_TIMEx_BreakCallback
                0x080067aa        0x2 Drivers\STM32F0xx_HAL_Driver\Src\stm32f0xx_hal_tim_ex.o
                0x080067aa                HAL_TIMEx_BreakCallback
 .text.USBD_CUSTOM_HID_GetCfgDesc
                0x080067ac        0xc Middlewares\ST\STM32_USB_Device_Library\Class\CustomHID\Src\usbd_customhid.o
 .text.USBD_CUSTOM_HID_DataIn
                0x080067b8       0x12 Middlewares\ST\STM32_USB_Device_Library\Class\CustomHID\Src\usbd_customhid.o
 .text.USBD_CUSTOM_HID_EP0_RxReady
                0x080067ca       0x26 Middlewares\ST\STM32_USB_Device_Library\Class\CustomHID\Src\usbd_customhid.o
 .text.USBD_CUSTOM_HID_GetDeviceQualifierDesc
                0x080067f0        0xc Middlewares\ST\STM32_USB_Device_Library\Class\CustomHID\Src\usbd_customhid.o
 .text.USBD_CUSTOM_HID_DataOut
                0x080067fc       0x26 Middlewares\ST\STM32_USB_Device_Library\Class\CustomHID\Src\usbd_customhid.o
 *fill*         0x08006822        0x2 
 .text.USBD_CUSTOM_HID_Setup
                0x08006824       0xe0 Middlewares\ST\STM32_USB_Device_Library\Class\CustomHID\Src\usbd_customhid.o
 .text.USBD_CUSTOM_HID_DeInit
                0x08006904       0x38 Middlewares\ST\STM32_USB_Device_Library\Class\CustomHID\Src\usbd_customhid.o
 .text.USBD_CUSTOM_HID_Init
                0x0800693c       0x52 Middlewares\ST\STM32_USB_Device_Library\Class\CustomHID\Src\usbd_customhid.o
 .text.USBD_CUSTOM_HID_SendReport
                0x0800698e       0x2e Middlewares\ST\STM32_USB_Device_Library\Class\CustomHID\Src\usbd_customhid.o
                0x0800698e                USBD_CUSTOM_HID_SendReport
 .text.USBD_CUSTOM_HID_RegisterInterface
                0x080069bc       0x12 Middlewares\ST\STM32_USB_Device_Library\Class\CustomHID\Src\usbd_customhid.o
                0x080069bc                USBD_CUSTOM_HID_RegisterInterface
 .text.USBD_Init
                0x080069ce       0x38 Middlewares\ST\STM32_USB_Device_Library\Core\Src\usbd_core.o
                0x080069ce                USBD_Init
 .text.USBD_RegisterClass
                0x08006a06       0x12 Middlewares\ST\STM32_USB_Device_Library\Core\Src\usbd_core.o
                0x08006a06                USBD_RegisterClass
 .text.USBD_Start
                0x08006a18        0xa Middlewares\ST\STM32_USB_Device_Library\Core\Src\usbd_core.o
                0x08006a18                USBD_Start
 .text.USBD_SetClassConfig
                0x08006a22       0x20 Middlewares\ST\STM32_USB_Device_Library\Core\Src\usbd_core.o
                0x08006a22                USBD_SetClassConfig
 .text.USBD_ClrClassConfig
                0x08006a42       0x10 Middlewares\ST\STM32_USB_Device_Library\Core\Src\usbd_core.o
                0x08006a42                USBD_ClrClassConfig
 *fill*         0x08006a52        0x2 
 .text.USBD_LL_SetupStage
                0x08006a54       0x68 Middlewares\ST\STM32_USB_Device_Library\Core\Src\usbd_core.o
                0x08006a54                USBD_LL_SetupStage
 .text.USBD_LL_DataOutStage
                0x08006abc       0x7a Middlewares\ST\STM32_USB_Device_Library\Core\Src\usbd_core.o
                0x08006abc                USBD_LL_DataOutStage
 .text.USBD_LL_DataInStage
                0x08006b36       0xc4 Middlewares\ST\STM32_USB_Device_Library\Core\Src\usbd_core.o
                0x08006b36                USBD_LL_DataInStage
 .text.USBD_LL_Reset
                0x08006bfa       0x46 Middlewares\ST\STM32_USB_Device_Library\Core\Src\usbd_core.o
                0x08006bfa                USBD_LL_Reset
 .text.USBD_LL_SetSpeed
                0x08006c40        0x6 Middlewares\ST\STM32_USB_Device_Library\Core\Src\usbd_core.o
                0x08006c40                USBD_LL_SetSpeed
 .text.USBD_LL_Suspend
                0x08006c46       0x16 Middlewares\ST\STM32_USB_Device_Library\Core\Src\usbd_core.o
                0x08006c46                USBD_LL_Suspend
 .text.USBD_LL_Resume
                0x08006c5c        0xe Middlewares\ST\STM32_USB_Device_Library\Core\Src\usbd_core.o
                0x08006c5c                USBD_LL_Resume
 .text.USBD_LL_SOF
                0x08006c6a       0x20 Middlewares\ST\STM32_USB_Device_Library\Core\Src\usbd_core.o
                0x08006c6a                USBD_LL_SOF
 .text.USBD_GetLen
                0x08006c8a       0x14 Middlewares\ST\STM32_USB_Device_Library\Core\Src\usbd_ctlreq.o
 .text.USBD_SetFeature
                0x08006c9e       0x24 Middlewares\ST\STM32_USB_Device_Library\Core\Src\usbd_ctlreq.o
 .text.USBD_ParseSetupRequest
                0x08006cc2       0x28 Middlewares\ST\STM32_USB_Device_Library\Core\Src\usbd_ctlreq.o
                0x08006cc2                USBD_ParseSetupRequest
 .text.USBD_CtlError
                0x08006cea       0x14 Middlewares\ST\STM32_USB_Device_Library\Core\Src\usbd_ctlreq.o
                0x08006cea                USBD_CtlError
 *fill*         0x08006cfe        0x2 
 .text.USBD_GetDescriptor
                0x08006d00      0x164 Middlewares\ST\STM32_USB_Device_Library\Core\Src\usbd_ctlreq.o
 .text.USBD_SetAddress
                0x08006e64       0x58 Middlewares\ST\STM32_USB_Device_Library\Core\Src\usbd_ctlreq.o
 .text.USBD_SetConfig
                0x08006ebc       0xb0 Middlewares\ST\STM32_USB_Device_Library\Core\Src\usbd_ctlreq.o
 .text.USBD_GetConfig
                0x08006f6c       0x3c Middlewares\ST\STM32_USB_Device_Library\Core\Src\usbd_ctlreq.o
 .text.USBD_GetStatus
                0x08006fa8       0x34 Middlewares\ST\STM32_USB_Device_Library\Core\Src\usbd_ctlreq.o
 .text.USBD_ClrFeature
                0x08006fdc       0x38 Middlewares\ST\STM32_USB_Device_Library\Core\Src\usbd_ctlreq.o
 .text.USBD_StdDevReq
                0x08007014       0x48 Middlewares\ST\STM32_USB_Device_Library\Core\Src\usbd_ctlreq.o
                0x08007014                USBD_StdDevReq
 .text.USBD_StdItfReq
                0x0800705c       0x3c Middlewares\ST\STM32_USB_Device_Library\Core\Src\usbd_ctlreq.o
                0x0800705c                USBD_StdItfReq
 .text.USBD_StdEPReq
                0x08007098      0x138 Middlewares\ST\STM32_USB_Device_Library\Core\Src\usbd_ctlreq.o
                0x08007098                USBD_StdEPReq
 .text.USBD_GetString
                0x080071d0       0x3c Middlewares\ST\STM32_USB_Device_Library\Core\Src\usbd_ctlreq.o
                0x080071d0                USBD_GetString
 .text.USBD_CtlSendData
                0x0800720c       0x1c Middlewares\ST\STM32_USB_Device_Library\Core\Src\usbd_ioreq.o
                0x0800720c                USBD_CtlSendData
 .text.USBD_CtlContinueSendData
                0x08007228       0x10 Middlewares\ST\STM32_USB_Device_Library\Core\Src\usbd_ioreq.o
                0x08007228                USBD_CtlContinueSendData
 .text.USBD_CtlPrepareRx
                0x08007238       0x20 Middlewares\ST\STM32_USB_Device_Library\Core\Src\usbd_ioreq.o
                0x08007238                USBD_CtlPrepareRx
 .text.USBD_CtlContinueRx
                0x08007258       0x10 Middlewares\ST\STM32_USB_Device_Library\Core\Src\usbd_ioreq.o
                0x08007258                USBD_CtlContinueRx
 .text.USBD_CtlSendStatus
                0x08007268       0x18 Middlewares\ST\STM32_USB_Device_Library\Core\Src\usbd_ioreq.o
                0x08007268                USBD_CtlSendStatus
 .text.USBD_CtlReceiveStatus
                0x08007280       0x18 Middlewares\ST\STM32_USB_Device_Library\Core\Src\usbd_ioreq.o
                0x08007280                USBD_CtlReceiveStatus
 .text.MX_USB_DEVICE_Init
                0x08007298       0x5c USB_DEVICE\App\usb_device.o
                0x08007298                MX_USB_DEVICE_Init
 .text.CUSTOM_HID_Init_FS
                0x080072f4        0x4 USB_DEVICE\App\usbd_custom_hid_if.o
 .text.CUSTOM_HID_DeInit_FS
                0x080072f8        0x4 USB_DEVICE\App\usbd_custom_hid_if.o
 .text.CUSTOM_HID_OutEvent_FS
                0x080072fc       0x30 USB_DEVICE\App\usbd_custom_hid_if.o
 .text.USBD_FS_DeviceDescriptor
                0x0800732c        0xc USB_DEVICE\App\usbd_desc.o
                0x0800732c                USBD_FS_DeviceDescriptor
 .text.USBD_FS_LangIDStrDescriptor
                0x08007338        0xc USB_DEVICE\App\usbd_desc.o
                0x08007338                USBD_FS_LangIDStrDescriptor
 .text.IntToUnicode
                0x08007344       0x30 USB_DEVICE\App\usbd_desc.o
 .text.Get_SerialNum
                0x08007374       0x40 USB_DEVICE\App\usbd_desc.o
 .text.USBD_FS_SerialStrDescriptor
                0x080073b4       0x14 USB_DEVICE\App\usbd_desc.o
                0x080073b4                USBD_FS_SerialStrDescriptor
 .text.USBD_FS_ProductStrDescriptor
                0x080073c8       0x28 USB_DEVICE\App\usbd_desc.o
                0x080073c8                USBD_FS_ProductStrDescriptor
 .text.USBD_FS_ManufacturerStrDescriptor
                0x080073f0       0x1c USB_DEVICE\App\usbd_desc.o
                0x080073f0                USBD_FS_ManufacturerStrDescriptor
 .text.USBD_FS_ConfigStrDescriptor
                0x0800740c       0x28 USB_DEVICE\App\usbd_desc.o
                0x0800740c                USBD_FS_ConfigStrDescriptor
 .text.USBD_FS_InterfaceStrDescriptor
                0x08007434       0x28 USB_DEVICE\App\usbd_desc.o
                0x08007434                USBD_FS_InterfaceStrDescriptor
 .text.USBD_Get_USB_Status
                0x0800745c       0x14 USB_DEVICE\Target\usbd_conf.o
 .text.SystemClockConfig_Resume
                0x08007470        0x8 USB_DEVICE\Target\usbd_conf.o
 .text.HAL_PCD_MspInit
                0x08007478       0x40 USB_DEVICE\Target\usbd_conf.o
                0x08007478                HAL_PCD_MspInit
 .text.HAL_PCD_SetupStageCallback
                0x080074b8       0x14 USB_DEVICE\Target\usbd_conf.o
                0x080074b8                HAL_PCD_SetupStageCallback
 .text.HAL_PCD_DataOutStageCallback
                0x080074cc       0x1e USB_DEVICE\Target\usbd_conf.o
                0x080074cc                HAL_PCD_DataOutStageCallback
 .text.HAL_PCD_DataInStageCallback
                0x080074ea       0x1a USB_DEVICE\Target\usbd_conf.o
                0x080074ea                HAL_PCD_DataInStageCallback
 .text.HAL_PCD_SOFCallback
                0x08007504        0xe USB_DEVICE\Target\usbd_conf.o
                0x08007504                HAL_PCD_SOFCallback
 .text.HAL_PCD_ResetCallback
                0x08007512       0x22 USB_DEVICE\Target\usbd_conf.o
                0x08007512                HAL_PCD_ResetCallback
 .text.HAL_PCD_SuspendCallback
                0x08007534       0x24 USB_DEVICE\Target\usbd_conf.o
                0x08007534                HAL_PCD_SuspendCallback
 .text.HAL_PCD_ResumeCallback
                0x08007558       0x2c USB_DEVICE\Target\usbd_conf.o
                0x08007558                HAL_PCD_ResumeCallback
 .text.USBD_LL_Init
                0x08007584       0x74 USB_DEVICE\Target\usbd_conf.o
                0x08007584                USBD_LL_Init
 .text.USBD_LL_Start
                0x080075f8       0x12 USB_DEVICE\Target\usbd_conf.o
                0x080075f8                USBD_LL_Start
 .text.USBD_LL_OpenEP
                0x0800760a       0x18 USB_DEVICE\Target\usbd_conf.o
                0x0800760a                USBD_LL_OpenEP
 .text.USBD_LL_CloseEP
                0x08007622       0x12 USB_DEVICE\Target\usbd_conf.o
                0x08007622                USBD_LL_CloseEP
 .text.USBD_LL_StallEP
                0x08007634       0x12 USB_DEVICE\Target\usbd_conf.o
                0x08007634                USBD_LL_StallEP
 .text.USBD_LL_ClearStallEP
                0x08007646       0x12 USB_DEVICE\Target\usbd_conf.o
                0x08007646                USBD_LL_ClearStallEP
 .text.USBD_LL_IsStallEP
                0x08007658       0x34 USB_DEVICE\Target\usbd_conf.o
                0x08007658                USBD_LL_IsStallEP
 .text.USBD_LL_SetUSBAddress
                0x0800768c       0x12 USB_DEVICE\Target\usbd_conf.o
                0x0800768c                USBD_LL_SetUSBAddress
 .text.USBD_LL_Transmit
                0x0800769e       0x12 USB_DEVICE\Target\usbd_conf.o
                0x0800769e                USBD_LL_Transmit
 .text.USBD_LL_PrepareReceive
                0x080076b0       0x12 USB_DEVICE\Target\usbd_conf.o
                0x080076b0                USBD_LL_PrepareReceive
 *fill*         0x080076c2        0x2 
 .text.USBD_static_malloc
                0x080076c4        0x8 USB_DEVICE\Target\usbd_conf.o
                0x080076c4                USBD_static_malloc
 .text.USBD_static_free
                0x080076cc        0x2 USB_DEVICE\Target\usbd_conf.o
                0x080076cc                USBD_static_free
 *fill*         0x080076ce        0x2 
 .text.Reset_Handler
                0x080076d0       0x50 startup\startup_stm32f072xb.o
                0x080076d0                Reset_Handler
 .text.Default_Handler
                0x08007720        0x2 startup\startup_stm32f072xb.o
                0x08007720                TIM1_CC_IRQHandler
                0x08007720                TSC_IRQHandler
                0x08007720                ADC1_COMP_IRQHandler
                0x08007720                I2C1_IRQHandler
                0x08007720                SPI1_IRQHandler
                0x08007720                USART3_4_IRQHandler
                0x08007720                EXTI2_3_IRQHandler
                0x08007720                I2C2_IRQHandler
                0x08007720                TIM17_IRQHandler
                0x08007720                CEC_CAN_IRQHandler
                0x08007720                RTC_IRQHandler
                0x08007720                PVD_VDDIO2_IRQHandler
                0x08007720                TIM16_IRQHandler
                0x08007720                TIM3_IRQHandler
                0x08007720                DMA1_Channel1_IRQHandler
                0x08007720                Default_Handler
                0x08007720                TIM14_IRQHandler
                0x08007720                TIM7_IRQHandler
                0x08007720                TIM15_IRQHandler
                0x08007720                EXTI0_1_IRQHandler
                0x08007720                SPI2_IRQHandler
                0x08007720                WWDG_IRQHandler
                0x08007720                TIM2_IRQHandler
                0x08007720                DMA1_Channel2_3_IRQHandler
                0x08007720                USART2_IRQHandler
                0x08007720                FLASH_IRQHandler
                0x08007720                USART1_IRQHandler
                0x08007720                TIM1_BRK_UP_TRG_COM_IRQHandler
 *fill*         0x08007722        0x2 
 .text.__libc_init_array
                0x08007724       0x48 c:/program files (x86)/atollic/truestudio for stm32 9.3.0/armtools/bin/../lib/gcc/arm-atollic-eabi/6.3.1/../../../../arm-atollic-eabi/lib/armv6-m\libc_nano.a(lib_a-init.o)
                0x08007724                __libc_init_array
 .text.memcpy   0x0800776c       0x12 c:/program files (x86)/atollic/truestudio for stm32 9.3.0/armtools/bin/../lib/gcc/arm-atollic-eabi/6.3.1/../../../../arm-atollic-eabi/lib/armv6-m\libc_nano.a(lib_a-memcpy-stub.o)
                0x0800776c                memcpy
 .text.memset   0x0800777e       0x10 c:/program files (x86)/atollic/truestudio for stm32 9.3.0/armtools/bin/../lib/gcc/arm-atollic-eabi/6.3.1/../../../../arm-atollic-eabi/lib/armv6-m\libc_nano.a(lib_a-memset.o)
                0x0800777e                memset
 .text.atan2    0x0800778e        0x8 c:/program files (x86)/atollic/truestudio for stm32 9.3.0/armtools/bin/../lib/gcc/arm-atollic-eabi/6.3.1/../../../../arm-atollic-eabi/lib/armv6-m\libm.a(lib_a-w_atan2.o)
                0x0800778e                atan2
 *fill*         0x08007796        0x2 
 .text.__ieee754_atan2
                0x08007798      0x164 c:/program files (x86)/atollic/truestudio for stm32 9.3.0/armtools/bin/../lib/gcc/arm-atollic-eabi/6.3.1/../../../../arm-atollic-eabi/lib/armv6-m\libm.a(lib_a-e_atan2.o)
                0x08007798                __ieee754_atan2
 .text.atan     0x080078fc      0x310 c:/program files (x86)/atollic/truestudio for stm32 9.3.0/armtools/bin/../lib/gcc/arm-atollic-eabi/6.3.1/../../../../arm-atollic-eabi/lib/armv6-m\libm.a(lib_a-s_atan.o)
                0x080078fc                atan
 .text.fabs     0x08007c0c        0x8 c:/program files (x86)/atollic/truestudio for stm32 9.3.0/armtools/bin/../lib/gcc/arm-atollic-eabi/6.3.1/../../../../arm-atollic-eabi/lib/armv6-m\libm.a(lib_a-s_fabs.o)
                0x08007c0c                fabs
 *(.glue_7)
 .glue_7        0x08007c14        0x0 linker stubs
 *(.glue_7t)
 .glue_7t       0x08007c14        0x0 linker stubs
 *(.eh_frame)
 .eh_frame      0x08007c14        0x0 c:/program files (x86)/atollic/truestudio for stm32 9.3.0/armtools/bin/../lib/gcc/arm-atollic-eabi/6.3.1/armv6-m/crtbegin.o
 *(.init)
 .init          0x08007c14        0x4 c:/program files (x86)/atollic/truestudio for stm32 9.3.0/armtools/bin/../lib/gcc/arm-atollic-eabi/6.3.1/armv6-m/crti.o
                0x08007c14                _init
 .init          0x08007c18        0x8 c:/program files (x86)/atollic/truestudio for stm32 9.3.0/armtools/bin/../lib/gcc/arm-atollic-eabi/6.3.1/armv6-m/crtn.o
 *(.fini)
 .fini          0x08007c20        0x4 c:/program files (x86)/atollic/truestudio for stm32 9.3.0/armtools/bin/../lib/gcc/arm-atollic-eabi/6.3.1/armv6-m/crti.o
                0x08007c20                _fini
 .fini          0x08007c24        0x8 c:/program files (x86)/atollic/truestudio for stm32 9.3.0/armtools/bin/../lib/gcc/arm-atollic-eabi/6.3.1/armv6-m/crtn.o
                0x08007c2c                . = ALIGN (0x4)
                0x08007c2c                _etext = .

.vfp11_veneer   0x08007c2c        0x0
 .vfp11_veneer  0x08007c2c        0x0 linker stubs

.v4_bx          0x08007c2c        0x0
 .v4_bx         0x08007c2c        0x0 linker stubs

.iplt           0x08007c2c        0x0
 .iplt          0x08007c2c        0x0 c:/program files (x86)/atollic/truestudio for stm32 9.3.0/armtools/bin/../lib/gcc/arm-atollic-eabi/6.3.1/armv6-m/crtbegin.o

.rodata         0x08007c30      0x2a0
                0x08007c30                . = ALIGN (0x4)
 *(.rodata)
 .rodata        0x08007c30       0x20 Drivers\STM32F0xx_HAL_Driver\Src\stm32f0xx_hal_rcc.o
 .rodata        0x08007c50       0x80 c:/program files (x86)/atollic/truestudio for stm32 9.3.0/armtools/bin/../lib/gcc/arm-atollic-eabi/6.3.1/armv6-m\libgcc.a(divsf3.o)
 .rodata        0x08007cd0       0x40 c:/program files (x86)/atollic/truestudio for stm32 9.3.0/armtools/bin/../lib/gcc/arm-atollic-eabi/6.3.1/armv6-m\libgcc.a(mulsf3.o)
 .rodata        0x08007d10       0x40 c:/program files (x86)/atollic/truestudio for stm32 9.3.0/armtools/bin/../lib/gcc/arm-atollic-eabi/6.3.1/armv6-m\libgcc.a(divdf3.o)
 .rodata        0x08007d50       0x40 c:/program files (x86)/atollic/truestudio for stm32 9.3.0/armtools/bin/../lib/gcc/arm-atollic-eabi/6.3.1/armv6-m\libgcc.a(muldf3.o)
 *(.rodata*)
 .rodata.AHBPrescTable
                0x08007d90       0x10 Core\Src\system_stm32f0xx.o
                0x08007d90                AHBPrescTable
 .rodata.APBPrescTable
                0x08007da0        0x8 Core\Src\system_stm32f0xx.o
                0x08007da0                APBPrescTable
 .rodata.USBD_CUSTOM_HID_Setup
                0x08007da8       0x30 Middlewares\ST\STM32_USB_Device_Library\Class\CustomHID\Src\usbd_customhid.o
 .rodata.USBD_GetDescriptor
                0x08007dd8       0x38 Middlewares\ST\STM32_USB_Device_Library\Core\Src\usbd_ctlreq.o
 .rodata.USBD_StdDevReq
                0x08007e10       0x28 Middlewares\ST\STM32_USB_Device_Library\Core\Src\usbd_ctlreq.o
 .rodata.USBD_FS_ConfigStrDescriptor.str1.4
                0x08007e38       0x14 USB_DEVICE\App\usbd_desc.o
 .rodata.USBD_FS_InterfaceStrDescriptor.str1.4
                0x08007e4c       0x17 USB_DEVICE\App\usbd_desc.o
 *fill*         0x08007e63        0x1 
 .rodata.USBD_FS_ManufacturerStrDescriptor.str1.4
                0x08007e64        0xf USB_DEVICE\App\usbd_desc.o
 *fill*         0x08007e73        0x1 
 .rodata.USBD_FS_ProductStrDescriptor.str1.4
                0x08007e74       0x18 USB_DEVICE\App\usbd_desc.o
                                 0x16 (size before relaxing)
 *fill*         0x08007e8c        0x4 
 .rodata.atanhi
                0x08007e90       0x20 c:/program files (x86)/atollic/truestudio for stm32 9.3.0/armtools/bin/../lib/gcc/arm-atollic-eabi/6.3.1/../../../../arm-atollic-eabi/lib/armv6-m\libm.a(lib_a-s_atan.o)
 .rodata.atanlo
                0x08007eb0       0x20 c:/program files (x86)/atollic/truestudio for stm32 9.3.0/armtools/bin/../lib/gcc/arm-atollic-eabi/6.3.1/../../../../arm-atollic-eabi/lib/armv6-m\libm.a(lib_a-s_atan.o)
                0x08007ed0                . = ALIGN (0x4)

.rel.dyn        0x08007ed0        0x0
 .rel.iplt      0x08007ed0        0x0 c:/program files (x86)/atollic/truestudio for stm32 9.3.0/armtools/bin/../lib/gcc/arm-atollic-eabi/6.3.1/armv6-m/crtbegin.o

.ARM.extab
 *(.ARM.extab* .gnu.linkonce.armextab.*)

.ARM            0x08007ed0        0x0
                0x08007ed0                __exidx_start = .
 *(.ARM.exidx*)
                0x08007ed0                __exidx_end = .

.preinit_array  0x08007ed0        0x0
                0x08007ed0                PROVIDE (__preinit_array_start, .)
 *(.preinit_array*)
                0x08007ed0                PROVIDE (__preinit_array_end, .)

.init_array     0x08007ed0        0x4
                0x08007ed0                PROVIDE (__init_array_start, .)
 *(SORT(.init_array.*))
 *(.init_array*)
 .init_array    0x08007ed0        0x4 c:/program files (x86)/atollic/truestudio for stm32 9.3.0/armtools/bin/../lib/gcc/arm-atollic-eabi/6.3.1/armv6-m/crtbegin.o
                0x08007ed4                PROVIDE (__init_array_end, .)

.fini_array     0x08007ed4        0x4
                [!provide]                PROVIDE (__fini_array_start, .)
 *(SORT(.fini_array.*))
 *(.fini_array*)
 .fini_array    0x08007ed4        0x4 c:/program files (x86)/atollic/truestudio for stm32 9.3.0/armtools/bin/../lib/gcc/arm-atollic-eabi/6.3.1/armv6-m/crtbegin.o
                [!provide]                PROVIDE (__fini_array_end, .)
                0x08007ed8                _sidata = LOADADDR (.data)

.data           0x20000000      0x104 load address 0x08007ed8
                0x20000000                . = ALIGN (0x4)
                0x20000000                _sdata = .
 *(.data)
 *(.data*)
 .data.SystemCoreClock
                0x20000000        0x4 Core\Src\system_stm32f0xx.o
                0x20000000                SystemCoreClock
 .data.USBD_CUSTOM_HID
                0x20000004       0x3c Middlewares\ST\STM32_USB_Device_Library\Class\CustomHID\Src\usbd_customhid.o
                0x20000004                USBD_CUSTOM_HID
 .data.USBD_CUSTOM_HID_CfgDesc
                0x20000040       0x29 Middlewares\ST\STM32_USB_Device_Library\Class\CustomHID\Src\usbd_customhid.o
 *fill*         0x20000069        0x3 
 .data.USBD_CUSTOM_HID_Desc
                0x2000006c        0x9 Middlewares\ST\STM32_USB_Device_Library\Class\CustomHID\Src\usbd_customhid.o
 *fill*         0x20000075        0x3 
 .data.USBD_CUSTOM_HID_DeviceQualifierDesc
                0x20000078        0xa Middlewares\ST\STM32_USB_Device_Library\Class\CustomHID\Src\usbd_customhid.o
 *fill*         0x20000082        0x2 
 .data.CUSTOM_HID_ReportDesc_FS
                0x20000084       0x1d USB_DEVICE\App\usbd_custom_hid_if.o
 *fill*         0x200000a1        0x3 
 .data.USBD_CustomHID_fops_FS
                0x200000a4       0x10 USB_DEVICE\App\usbd_custom_hid_if.o
                0x200000a4                USBD_CustomHID_fops_FS
 .data.FS_Desc  0x200000b4       0x1c USB_DEVICE\App\usbd_desc.o
                0x200000b4                FS_Desc
 .data.USBD_FS_DeviceDesc
                0x200000d0       0x12 USB_DEVICE\App\usbd_desc.o
                0x200000d0                USBD_FS_DeviceDesc
 *fill*         0x200000e2        0x2 
 .data.USBD_LangIDDesc
                0x200000e4        0x4 USB_DEVICE\App\usbd_desc.o
                0x200000e4                USBD_LangIDDesc
 .data.USBD_StringSerial
                0x200000e8       0x1a USB_DEVICE\App\usbd_desc.o
                0x200000e8                USBD_StringSerial
                0x20000104                . = ALIGN (0x4)
 *fill*         0x20000102        0x2 
                0x20000104                _edata = .

.igot.plt       0x20000104        0x0 load address 0x08007fdc
 .igot.plt      0x20000104        0x0 c:/program files (x86)/atollic/truestudio for stm32 9.3.0/armtools/bin/../lib/gcc/arm-atollic-eabi/6.3.1/armv6-m/crtbegin.o
                0x20000104                . = ALIGN (0x4)

.bss            0x20000104      0x95c load address 0x08007fdc
                0x20000104                _sbss = .
                0x20000104                __bss_start__ = _sbss
 *(.bss)
 .bss           0x20000104       0x1c c:/program files (x86)/atollic/truestudio for stm32 9.3.0/armtools/bin/../lib/gcc/arm-atollic-eabi/6.3.1/armv6-m/crtbegin.o
 *(.bss*)
 .bss.usbOn     0x20000120        0x1 Core\Src\main.o
                0x20000120                usbOn
 .bss.cfgidx.8088
                0x20000121        0x1 Middlewares\ST\STM32_USB_Device_Library\Core\Src\usbd_ctlreq.o
 *fill*         0x20000122        0x2 
 .bss.mem.8160  0x20000124       0x58 USB_DEVICE\Target\usbd_conf.o
 *(COMMON)
 COMMON         0x2000017c       0xd8 Core\Src\OJ_Main.o
                0x2000017c                sysDataTLE
                0x200001d0                mainData
                0x20000210                tleValues
                0x20000214                tempArray
 COMMON         0x20000254      0x181 Core\Src\main.o
                0x20000254                hspi2
                0x200002b8                hdma_spi2_rx
                0x200002fc                joyStates
                0x20000304                htim3
                0x20000344                tleTemp
                0x20000346                colibState
                0x20000348                tempUSBBuf
                0x20000388                mainDataSize
                0x2000038c                hdma_spi2_tx
                0x200003d0                resultAngle
                0x200003d4                ret
 *fill*         0x200003d5        0x3 
 COMMON         0x200003d8       0x40 Core\Src\stm32f0xx_hal_timebase_tim.o
                0x200003d8                htim6
 COMMON         0x20000418        0x4 Drivers\STM32F0xx_HAL_Driver\Src\stm32f0xx_hal.o
                0x20000418                uwTick
 COMMON         0x2000041c      0x224 USB_DEVICE\App\usb_device.o
                0x2000041c                hUsbDeviceFS
 COMMON         0x20000640      0x200 USB_DEVICE\App\usbd_desc.o
                0x20000640                USBD_StrDesc
 COMMON         0x20000840      0x220 USB_DEVICE\Target\usbd_conf.o
                0x20000840                hpcd_USB_FS
                0x20000a60                . = ALIGN (0x4)
                0x20000a60                _ebss = .
                0x20000a60                __bss_end__ = _ebss

._user_heap_stack
                0x20000a60      0x600 load address 0x08007fdc
                0x20000a60                . = ALIGN (0x4)
                0x20000a60                PROVIDE (end, .)
                [!provide]                PROVIDE (_end, .)
                0x20000c60                . = (. + _Min_Heap_Size)
 *fill*         0x20000a60      0x200 
                0x20001060                . = (. + _Min_Stack_Size)
 *fill*         0x20000c60      0x400 
                0x20001060                . = ALIGN (0x4)

/DISCARD/
 libc.a(*)
 libm.a(*)
 libgcc.a(*)

.ARM.attributes
                0x00000000       0x28
 *(.ARM.attributes)
 .ARM.attributes
                0x00000000       0x1e c:/program files (x86)/atollic/truestudio for stm32 9.3.0/armtools/bin/../lib/gcc/arm-atollic-eabi/6.3.1/armv6-m/crti.o
 .ARM.attributes
                0x0000001e       0x2c c:/program files (x86)/atollic/truestudio for stm32 9.3.0/armtools/bin/../lib/gcc/arm-atollic-eabi/6.3.1/armv6-m/crtbegin.o
 .ARM.attributes
                0x0000004a       0x31 Core\Src\OJ_Main.o
 .ARM.attributes
                0x0000007b       0x31 Core\Src\OJ_TLE.o
 .ARM.attributes
                0x000000ac       0x31 Core\Src\main.o
 .ARM.attributes
                0x000000dd       0x31 Core\Src\stm32f0xx_hal_msp.o
 .ARM.attributes
                0x0000010e       0x31 Core\Src\stm32f0xx_hal_timebase_tim.o
 .ARM.attributes
                0x0000013f       0x31 Core\Src\stm32f0xx_it.o
 .ARM.attributes
                0x00000170       0x31 Core\Src\system_stm32f0xx.o
 .ARM.attributes
                0x000001a1       0x31 Drivers\STM32F0xx_HAL_Driver\Src\stm32f0xx_hal.o
 .ARM.attributes
                0x000001d2       0x31 Drivers\STM32F0xx_HAL_Driver\Src\stm32f0xx_hal_cortex.o
 .ARM.attributes
                0x00000203       0x31 Drivers\STM32F0xx_HAL_Driver\Src\stm32f0xx_hal_dma.o
 .ARM.attributes
                0x00000234       0x31 Drivers\STM32F0xx_HAL_Driver\Src\stm32f0xx_hal_gpio.o
 .ARM.attributes
                0x00000265       0x31 Drivers\STM32F0xx_HAL_Driver\Src\stm32f0xx_hal_pcd.o
 .ARM.attributes
                0x00000296       0x31 Drivers\STM32F0xx_HAL_Driver\Src\stm32f0xx_hal_pcd_ex.o
 .ARM.attributes
                0x000002c7       0x31 Drivers\STM32F0xx_HAL_Driver\Src\stm32f0xx_hal_rcc.o
 .ARM.attributes
                0x000002f8       0x31 Drivers\STM32F0xx_HAL_Driver\Src\stm32f0xx_hal_rcc_ex.o
 .ARM.attributes
                0x00000329       0x31 Drivers\STM32F0xx_HAL_Driver\Src\stm32f0xx_hal_spi.o
 .ARM.attributes
                0x0000035a       0x31 Drivers\STM32F0xx_HAL_Driver\Src\stm32f0xx_hal_tim.o
 .ARM.attributes
                0x0000038b       0x31 Drivers\STM32F0xx_HAL_Driver\Src\stm32f0xx_hal_tim_ex.o
 .ARM.attributes
                0x000003bc       0x31 Middlewares\ST\STM32_USB_Device_Library\Class\CustomHID\Src\usbd_customhid.o
 .ARM.attributes
                0x000003ed       0x31 Middlewares\ST\STM32_USB_Device_Library\Core\Src\usbd_core.o
 .ARM.attributes
                0x0000041e       0x31 Middlewares\ST\STM32_USB_Device_Library\Core\Src\usbd_ctlreq.o
 .ARM.attributes
                0x0000044f       0x31 Middlewares\ST\STM32_USB_Device_Library\Core\Src\usbd_ioreq.o
 .ARM.attributes
                0x00000480       0x31 USB_DEVICE\App\usb_device.o
 .ARM.attributes
                0x000004b1       0x31 USB_DEVICE\App\usbd_custom_hid_if.o
 .ARM.attributes
                0x000004e2       0x31 USB_DEVICE\App\usbd_desc.o
 .ARM.attributes
                0x00000513       0x31 USB_DEVICE\Target\usbd_conf.o
 .ARM.attributes
                0x00000544       0x21 startup\startup_stm32f072xb.o
 .ARM.attributes
                0x00000565       0x2c c:/program files (x86)/atollic/truestudio for stm32 9.3.0/armtools/bin/../lib/gcc/arm-atollic-eabi/6.3.1/../../../../arm-atollic-eabi/lib/armv6-m\libc_nano.a(lib_a-init.o)
 .ARM.attributes
                0x00000591       0x2c c:/program files (x86)/atollic/truestudio for stm32 9.3.0/armtools/bin/../lib/gcc/arm-atollic-eabi/6.3.1/../../../../arm-atollic-eabi/lib/armv6-m\libc_nano.a(lib_a-memcpy-stub.o)
 .ARM.attributes
                0x000005bd       0x2c c:/program files (x86)/atollic/truestudio for stm32 9.3.0/armtools/bin/../lib/gcc/arm-atollic-eabi/6.3.1/../../../../arm-atollic-eabi/lib/armv6-m\libc_nano.a(lib_a-memset.o)
 .ARM.attributes
                0x000005e9       0x2c c:/program files (x86)/atollic/truestudio for stm32 9.3.0/armtools/bin/../lib/gcc/arm-atollic-eabi/6.3.1/../../../../arm-atollic-eabi/lib/armv6-m\libm.a(lib_a-w_atan2.o)
 .ARM.attributes
                0x00000615       0x2c c:/program files (x86)/atollic/truestudio for stm32 9.3.0/armtools/bin/../lib/gcc/arm-atollic-eabi/6.3.1/../../../../arm-atollic-eabi/lib/armv6-m\libm.a(lib_a-e_atan2.o)
 .ARM.attributes
                0x00000641       0x2c c:/program files (x86)/atollic/truestudio for stm32 9.3.0/armtools/bin/../lib/gcc/arm-atollic-eabi/6.3.1/../../../../arm-atollic-eabi/lib/armv6-m\libm.a(lib_a-s_atan.o)
 .ARM.attributes
                0x0000066d       0x2c c:/program files (x86)/atollic/truestudio for stm32 9.3.0/armtools/bin/../lib/gcc/arm-atollic-eabi/6.3.1/../../../../arm-atollic-eabi/lib/armv6-m\libm.a(lib_a-s_fabs.o)
 .ARM.attributes
                0x00000699       0x1e c:/program files (x86)/atollic/truestudio for stm32 9.3.0/armtools/bin/../lib/gcc/arm-atollic-eabi/6.3.1/armv6-m\libgcc.a(_udivsi3.o)
 .ARM.attributes
                0x000006b7       0x1e c:/program files (x86)/atollic/truestudio for stm32 9.3.0/armtools/bin/../lib/gcc/arm-atollic-eabi/6.3.1/armv6-m\libgcc.a(_dvmd_tls.o)
 .ARM.attributes
                0x000006d5       0x1e c:/program files (x86)/atollic/truestudio for stm32 9.3.0/armtools/bin/../lib/gcc/arm-atollic-eabi/6.3.1/armv6-m\libgcc.a(_arm_cmpdf2.o)
 .ARM.attributes
                0x000006f3       0x1e c:/program files (x86)/atollic/truestudio for stm32 9.3.0/armtools/bin/../lib/gcc/arm-atollic-eabi/6.3.1/armv6-m\libgcc.a(_arm_cmpsf2.o)
 .ARM.attributes
                0x00000711       0x2c c:/program files (x86)/atollic/truestudio for stm32 9.3.0/armtools/bin/../lib/gcc/arm-atollic-eabi/6.3.1/armv6-m\libgcc.a(divsf3.o)
 .ARM.attributes
                0x0000073d       0x2c c:/program files (x86)/atollic/truestudio for stm32 9.3.0/armtools/bin/../lib/gcc/arm-atollic-eabi/6.3.1/armv6-m\libgcc.a(eqsf2.o)
 .ARM.attributes
                0x00000769       0x2c c:/program files (x86)/atollic/truestudio for stm32 9.3.0/armtools/bin/../lib/gcc/arm-atollic-eabi/6.3.1/armv6-m\libgcc.a(gesf2.o)
 .ARM.attributes
                0x00000795       0x2c c:/program files (x86)/atollic/truestudio for stm32 9.3.0/armtools/bin/../lib/gcc/arm-atollic-eabi/6.3.1/armv6-m\libgcc.a(lesf2.o)
 .ARM.attributes
                0x000007c1       0x2c c:/program files (x86)/atollic/truestudio for stm32 9.3.0/armtools/bin/../lib/gcc/arm-atollic-eabi/6.3.1/armv6-m\libgcc.a(mulsf3.o)
 .ARM.attributes
                0x000007ed       0x2c c:/program files (x86)/atollic/truestudio for stm32 9.3.0/armtools/bin/../lib/gcc/arm-atollic-eabi/6.3.1/armv6-m\libgcc.a(subsf3.o)
 .ARM.attributes
                0x00000819       0x2c c:/program files (x86)/atollic/truestudio for stm32 9.3.0/armtools/bin/../lib/gcc/arm-atollic-eabi/6.3.1/armv6-m\libgcc.a(floatsisf.o)
 .ARM.attributes
                0x00000845       0x2c c:/program files (x86)/atollic/truestudio for stm32 9.3.0/armtools/bin/../lib/gcc/arm-atollic-eabi/6.3.1/armv6-m\libgcc.a(adddf3.o)
 .ARM.attributes
                0x00000871       0x2c c:/program files (x86)/atollic/truestudio for stm32 9.3.0/armtools/bin/../lib/gcc/arm-atollic-eabi/6.3.1/armv6-m\libgcc.a(divdf3.o)
 .ARM.attributes
                0x0000089d       0x2c c:/program files (x86)/atollic/truestudio for stm32 9.3.0/armtools/bin/../lib/gcc/arm-atollic-eabi/6.3.1/armv6-m\libgcc.a(eqdf2.o)
 .ARM.attributes
                0x000008c9       0x2c c:/program files (x86)/atollic/truestudio for stm32 9.3.0/armtools/bin/../lib/gcc/arm-atollic-eabi/6.3.1/armv6-m\libgcc.a(gedf2.o)
 .ARM.attributes
                0x000008f5       0x2c c:/program files (x86)/atollic/truestudio for stm32 9.3.0/armtools/bin/../lib/gcc/arm-atollic-eabi/6.3.1/armv6-m\libgcc.a(ledf2.o)
 .ARM.attributes
                0x00000921       0x2c c:/program files (x86)/atollic/truestudio for stm32 9.3.0/armtools/bin/../lib/gcc/arm-atollic-eabi/6.3.1/armv6-m\libgcc.a(muldf3.o)
 .ARM.attributes
                0x0000094d       0x2c c:/program files (x86)/atollic/truestudio for stm32 9.3.0/armtools/bin/../lib/gcc/arm-atollic-eabi/6.3.1/armv6-m\libgcc.a(subdf3.o)
 .ARM.attributes
                0x00000979       0x2c c:/program files (x86)/atollic/truestudio for stm32 9.3.0/armtools/bin/../lib/gcc/arm-atollic-eabi/6.3.1/armv6-m\libgcc.a(floatsidf.o)
 .ARM.attributes
                0x000009a5       0x2c c:/program files (x86)/atollic/truestudio for stm32 9.3.0/armtools/bin/../lib/gcc/arm-atollic-eabi/6.3.1/armv6-m\libgcc.a(extendsfdf2.o)
 .ARM.attributes
                0x000009d1       0x2c c:/program files (x86)/atollic/truestudio for stm32 9.3.0/armtools/bin/../lib/gcc/arm-atollic-eabi/6.3.1/armv6-m\libgcc.a(truncdfsf2.o)
 .ARM.attributes
                0x000009fd       0x1e c:/program files (x86)/atollic/truestudio for stm32 9.3.0/armtools/bin/../lib/gcc/arm-atollic-eabi/6.3.1/armv6-m\libgcc.a(_clzsi2.o)
 .ARM.attributes
                0x00000a1b       0x1e c:/program files (x86)/atollic/truestudio for stm32 9.3.0/armtools/bin/../lib/gcc/arm-atollic-eabi/6.3.1/armv6-m/crtn.o
OUTPUT(OverJoy.elf elf32-littlearm)

.debug_info     0x00000000    0x22b6c
 .debug_info    0x00000000     0x107a Core\Src\OJ_Main.o
 .debug_info    0x0000107a     0x18bb Core\Src\OJ_TLE.o
 .debug_info    0x00002935     0x24f4 Core\Src\main.o
 .debug_info    0x00004e29     0x1610 Core\Src\stm32f0xx_hal_msp.o
 .debug_info    0x00006439     0x1130 Core\Src\stm32f0xx_hal_timebase_tim.o
 .debug_info    0x00007569     0x138d Core\Src\stm32f0xx_it.o
 .debug_info    0x000088f6      0xa67 Core\Src\system_stm32f0xx.o
 .debug_info    0x0000935d      0xe88 Drivers\STM32F0xx_HAL_Driver\Src\stm32f0xx_hal.o
 .debug_info    0x0000a1e5      0xfed Drivers\STM32F0xx_HAL_Driver\Src\stm32f0xx_hal_cortex.o
 .debug_info    0x0000b1d2     0x101f Drivers\STM32F0xx_HAL_Driver\Src\stm32f0xx_hal_dma.o
 .debug_info    0x0000c1f1      0xe5b Drivers\STM32F0xx_HAL_Driver\Src\stm32f0xx_hal_gpio.o
 .debug_info    0x0000d04c     0x1b64 Drivers\STM32F0xx_HAL_Driver\Src\stm32f0xx_hal_pcd.o
 .debug_info    0x0000ebb0      0xdad Drivers\STM32F0xx_HAL_Driver\Src\stm32f0xx_hal_pcd_ex.o
 .debug_info    0x0000f95d     0x1177 Drivers\STM32F0xx_HAL_Driver\Src\stm32f0xx_hal_rcc.o
 .debug_info    0x00010ad4      0xef1 Drivers\STM32F0xx_HAL_Driver\Src\stm32f0xx_hal_rcc_ex.o
 .debug_info    0x000119c5     0x257b Drivers\STM32F0xx_HAL_Driver\Src\stm32f0xx_hal_spi.o
 .debug_info    0x00013f40     0x36d8 Drivers\STM32F0xx_HAL_Driver\Src\stm32f0xx_hal_tim.o
 .debug_info    0x00017618     0x1b4c Drivers\STM32F0xx_HAL_Driver\Src\stm32f0xx_hal_tim_ex.o
 .debug_info    0x00019164     0x1353 Middlewares\ST\STM32_USB_Device_Library\Class\CustomHID\Src\usbd_customhid.o
 .debug_info    0x0001a4b7     0x1481 Middlewares\ST\STM32_USB_Device_Library\Core\Src\usbd_core.o
 .debug_info    0x0001b938     0x169b Middlewares\ST\STM32_USB_Device_Library\Core\Src\usbd_ctlreq.o
 .debug_info    0x0001cfd3      0xfc9 Middlewares\ST\STM32_USB_Device_Library\Core\Src\usbd_ioreq.o
 .debug_info    0x0001df9c      0xeb3 USB_DEVICE\App\usb_device.o
 .debug_info    0x0001ee4f      0xf0e USB_DEVICE\App\usbd_custom_hid_if.o
 .debug_info    0x0001fd5d      0xdd9 USB_DEVICE\App\usbd_desc.o
 .debug_info    0x00020b36     0x1fcd USB_DEVICE\Target\usbd_conf.o
 .debug_info    0x00022b03       0x69 startup\startup_stm32f072xb.o

.debug_abbrev   0x00000000     0x41a7
 .debug_abbrev  0x00000000      0x2e8 Core\Src\OJ_Main.o
 .debug_abbrev  0x000002e8      0x235 Core\Src\OJ_TLE.o
 .debug_abbrev  0x0000051d      0x312 Core\Src\main.o
 .debug_abbrev  0x0000082f      0x28e Core\Src\stm32f0xx_hal_msp.o
 .debug_abbrev  0x00000abd      0x26b Core\Src\stm32f0xx_hal_timebase_tim.o
 .debug_abbrev  0x00000d28      0x231 Core\Src\stm32f0xx_it.o
 .debug_abbrev  0x00000f59      0x1ca Core\Src\system_stm32f0xx.o
 .debug_abbrev  0x00001123      0x2b9 Drivers\STM32F0xx_HAL_Driver\Src\stm32f0xx_hal.o
 .debug_abbrev  0x000013dc      0x2fa Drivers\STM32F0xx_HAL_Driver\Src\stm32f0xx_hal_cortex.o
 .debug_abbrev  0x000016d6      0x2a2 Drivers\STM32F0xx_HAL_Driver\Src\stm32f0xx_hal_dma.o
 .debug_abbrev  0x00001978      0x26a Drivers\STM32F0xx_HAL_Driver\Src\stm32f0xx_hal_gpio.o
 .debug_abbrev  0x00001be2      0x339 Drivers\STM32F0xx_HAL_Driver\Src\stm32f0xx_hal_pcd.o
 .debug_abbrev  0x00001f1b      0x1cc Drivers\STM32F0xx_HAL_Driver\Src\stm32f0xx_hal_pcd_ex.o
 .debug_abbrev  0x000020e7      0x2ad Drivers\STM32F0xx_HAL_Driver\Src\stm32f0xx_hal_rcc.o
 .debug_abbrev  0x00002394      0x29c Drivers\STM32F0xx_HAL_Driver\Src\stm32f0xx_hal_rcc_ex.o
 .debug_abbrev  0x00002630      0x2d8 Drivers\STM32F0xx_HAL_Driver\Src\stm32f0xx_hal_spi.o
 .debug_abbrev  0x00002908      0x2a1 Drivers\STM32F0xx_HAL_Driver\Src\stm32f0xx_hal_tim.o
 .debug_abbrev  0x00002ba9      0x2a1 Drivers\STM32F0xx_HAL_Driver\Src\stm32f0xx_hal_tim_ex.o
 .debug_abbrev  0x00002e4a      0x2b8 Middlewares\ST\STM32_USB_Device_Library\Class\CustomHID\Src\usbd_customhid.o
 .debug_abbrev  0x00003102      0x286 Middlewares\ST\STM32_USB_Device_Library\Core\Src\usbd_core.o
 .debug_abbrev  0x00003388      0x2e7 Middlewares\ST\STM32_USB_Device_Library\Core\Src\usbd_ctlreq.o
 .debug_abbrev  0x0000366f      0x1d3 Middlewares\ST\STM32_USB_Device_Library\Core\Src\usbd_ioreq.o
 .debug_abbrev  0x00003842      0x1da USB_DEVICE\App\usb_device.o
 .debug_abbrev  0x00003a1c      0x1f5 USB_DEVICE\App\usbd_custom_hid_if.o
 .debug_abbrev  0x00003c11      0x291 USB_DEVICE\App\usbd_desc.o
 .debug_abbrev  0x00003ea2      0x2f3 USB_DEVICE\Target\usbd_conf.o
 .debug_abbrev  0x00004195       0x12 startup\startup_stm32f072xb.o

.debug_loc      0x00000000     0xc692
 .debug_loc     0x00000000      0x2ae Core\Src\OJ_Main.o
 .debug_loc     0x000002ae      0x15d Core\Src\OJ_TLE.o
 .debug_loc     0x0000040b       0x3a Core\Src\main.o
 .debug_loc     0x00000445       0xb0 Core\Src\stm32f0xx_hal_msp.o
 .debug_loc     0x000004f5       0x79 Core\Src\stm32f0xx_hal_timebase_tim.o
 .debug_loc     0x0000056e       0xfe Core\Src\system_stm32f0xx.o
 .debug_loc     0x0000066c       0x7c Drivers\STM32F0xx_HAL_Driver\Src\stm32f0xx_hal.o
 .debug_loc     0x000006e8      0x393 Drivers\STM32F0xx_HAL_Driver\Src\stm32f0xx_hal_cortex.o
 .debug_loc     0x00000a7b      0x7ee Drivers\STM32F0xx_HAL_Driver\Src\stm32f0xx_hal_dma.o
 .debug_loc     0x00001269      0x2b2 Drivers\STM32F0xx_HAL_Driver\Src\stm32f0xx_hal_gpio.o
 .debug_loc     0x0000151b     0x1354 Drivers\STM32F0xx_HAL_Driver\Src\stm32f0xx_hal_pcd.o
 .debug_loc     0x0000286f       0xea Drivers\STM32F0xx_HAL_Driver\Src\stm32f0xx_hal_pcd_ex.o
 .debug_loc     0x00002959      0x4ba Drivers\STM32F0xx_HAL_Driver\Src\stm32f0xx_hal_rcc.o
 .debug_loc     0x00002e13      0x7ab Drivers\STM32F0xx_HAL_Driver\Src\stm32f0xx_hal_rcc_ex.o
 .debug_loc     0x000035be     0x1d06 Drivers\STM32F0xx_HAL_Driver\Src\stm32f0xx_hal_spi.o
 .debug_loc     0x000052c4     0x3808 Drivers\STM32F0xx_HAL_Driver\Src\stm32f0xx_hal_tim.o
 .debug_loc     0x00008acc     0x1286 Drivers\STM32F0xx_HAL_Driver\Src\stm32f0xx_hal_tim_ex.o
 .debug_loc     0x00009d52      0x634 Middlewares\ST\STM32_USB_Device_Library\Class\CustomHID\Src\usbd_customhid.o
 .debug_loc     0x0000a386      0x75d Middlewares\ST\STM32_USB_Device_Library\Core\Src\usbd_core.o
 .debug_loc     0x0000aae3      0xb64 Middlewares\ST\STM32_USB_Device_Library\Core\Src\usbd_ctlreq.o
 .debug_loc     0x0000b647      0x23c Middlewares\ST\STM32_USB_Device_Library\Core\Src\usbd_ioreq.o
 .debug_loc     0x0000b883       0x59 USB_DEVICE\App\usbd_custom_hid_if.o
 .debug_loc     0x0000b8dc      0x311 USB_DEVICE\App\usbd_desc.o
 .debug_loc     0x0000bbed      0xaa5 USB_DEVICE\Target\usbd_conf.o

.debug_aranges  0x00000000     0x10a8
 .debug_aranges
                0x00000000       0x40 Core\Src\OJ_Main.o
 .debug_aranges
                0x00000040       0x28 Core\Src\OJ_TLE.o
 .debug_aranges
                0x00000068       0x60 Core\Src\main.o
 .debug_aranges
                0x000000c8       0x48 Core\Src\stm32f0xx_hal_msp.o
 .debug_aranges
                0x00000110       0x30 Core\Src\stm32f0xx_hal_timebase_tim.o
 .debug_aranges
                0x00000140       0x68 Core\Src\stm32f0xx_it.o
 .debug_aranges
                0x000001a8       0x28 Core\Src\system_stm32f0xx.o
 .debug_aranges
                0x000001d0       0xb8 Drivers\STM32F0xx_HAL_Driver\Src\stm32f0xx_hal.o
 .debug_aranges
                0x00000288       0x78 Drivers\STM32F0xx_HAL_Driver\Src\stm32f0xx_hal_cortex.o
 .debug_aranges
                0x00000300       0x88 Drivers\STM32F0xx_HAL_Driver\Src\stm32f0xx_hal_dma.o
 .debug_aranges
                0x00000388       0x58 Drivers\STM32F0xx_HAL_Driver\Src\stm32f0xx_hal_gpio.o
 .debug_aranges
                0x000003e0      0x130 Drivers\STM32F0xx_HAL_Driver\Src\stm32f0xx_hal_pcd.o
 .debug_aranges
                0x00000510       0x20 Drivers\STM32F0xx_HAL_Driver\Src\stm32f0xx_hal_pcd_ex.o
 .debug_aranges
                0x00000530       0x80 Drivers\STM32F0xx_HAL_Driver\Src\stm32f0xx_hal_rcc.o
 .debug_aranges
                0x000005b0       0x78 Drivers\STM32F0xx_HAL_Driver\Src\stm32f0xx_hal_rcc_ex.o
 .debug_aranges
                0x00000628      0x1d8 Drivers\STM32F0xx_HAL_Driver\Src\stm32f0xx_hal_spi.o
 .debug_aranges
                0x00000800      0x378 Drivers\STM32F0xx_HAL_Driver\Src\stm32f0xx_hal_tim.o
 .debug_aranges
                0x00000b78      0x148 Drivers\STM32F0xx_HAL_Driver\Src\stm32f0xx_hal_tim_ex.o
 .debug_aranges
                0x00000cc0       0x68 Middlewares\ST\STM32_USB_Device_Library\Class\CustomHID\Src\usbd_customhid.o
 .debug_aranges
                0x00000d28       0xb8 Middlewares\ST\STM32_USB_Device_Library\Core\Src\usbd_core.o
 .debug_aranges
                0x00000de0       0x88 Middlewares\ST\STM32_USB_Device_Library\Core\Src\usbd_ctlreq.o
 .debug_aranges
                0x00000e68       0x50 Middlewares\ST\STM32_USB_Device_Library\Core\Src\usbd_ioreq.o
 .debug_aranges
                0x00000eb8       0x20 USB_DEVICE\App\usb_device.o
 .debug_aranges
                0x00000ed8       0x30 USB_DEVICE\App\usbd_custom_hid_if.o
 .debug_aranges
                0x00000f08       0x60 USB_DEVICE\App\usbd_desc.o
 .debug_aranges
                0x00000f68      0x118 USB_DEVICE\Target\usbd_conf.o
 .debug_aranges
                0x00001080       0x28 startup\startup_stm32f072xb.o

.debug_ranges   0x00000000     0x1068
 .debug_ranges  0x00000000       0x30 Core\Src\OJ_Main.o
 .debug_ranges  0x00000030       0x18 Core\Src\OJ_TLE.o
 .debug_ranges  0x00000048       0x50 Core\Src\main.o
 .debug_ranges  0x00000098       0x38 Core\Src\stm32f0xx_hal_msp.o
 .debug_ranges  0x000000d0       0x20 Core\Src\stm32f0xx_hal_timebase_tim.o
 .debug_ranges  0x000000f0       0x58 Core\Src\stm32f0xx_it.o
 .debug_ranges  0x00000148       0x18 Core\Src\system_stm32f0xx.o
 .debug_ranges  0x00000160       0xa8 Drivers\STM32F0xx_HAL_Driver\Src\stm32f0xx_hal.o
 .debug_ranges  0x00000208       0xb0 Drivers\STM32F0xx_HAL_Driver\Src\stm32f0xx_hal_cortex.o
 .debug_ranges  0x000002b8       0x78 Drivers\STM32F0xx_HAL_Driver\Src\stm32f0xx_hal_dma.o
 .debug_ranges  0x00000330       0x48 Drivers\STM32F0xx_HAL_Driver\Src\stm32f0xx_hal_gpio.o
 .debug_ranges  0x00000378      0x210 Drivers\STM32F0xx_HAL_Driver\Src\stm32f0xx_hal_pcd.o
 .debug_ranges  0x00000588       0x10 Drivers\STM32F0xx_HAL_Driver\Src\stm32f0xx_hal_pcd_ex.o
 .debug_ranges  0x00000598       0x88 Drivers\STM32F0xx_HAL_Driver\Src\stm32f0xx_hal_rcc.o
 .debug_ranges  0x00000620       0x80 Drivers\STM32F0xx_HAL_Driver\Src\stm32f0xx_hal_rcc_ex.o
 .debug_ranges  0x000006a0      0x1c8 Drivers\STM32F0xx_HAL_Driver\Src\stm32f0xx_hal_spi.o
 .debug_ranges  0x00000868      0x368 Drivers\STM32F0xx_HAL_Driver\Src\stm32f0xx_hal_tim.o
 .debug_ranges  0x00000bd0      0x138 Drivers\STM32F0xx_HAL_Driver\Src\stm32f0xx_hal_tim_ex.o
 .debug_ranges  0x00000d08       0x58 Middlewares\ST\STM32_USB_Device_Library\Class\CustomHID\Src\usbd_customhid.o
 .debug_ranges  0x00000d60       0xa8 Middlewares\ST\STM32_USB_Device_Library\Core\Src\usbd_core.o
 .debug_ranges  0x00000e08       0x78 Middlewares\ST\STM32_USB_Device_Library\Core\Src\usbd_ctlreq.o
 .debug_ranges  0x00000e80       0x40 Middlewares\ST\STM32_USB_Device_Library\Core\Src\usbd_ioreq.o
 .debug_ranges  0x00000ec0       0x10 USB_DEVICE\App\usb_device.o
 .debug_ranges  0x00000ed0       0x20 USB_DEVICE\App\usbd_custom_hid_if.o
 .debug_ranges  0x00000ef0       0x50 USB_DEVICE\App\usbd_desc.o
 .debug_ranges  0x00000f40      0x108 USB_DEVICE\Target\usbd_conf.o
 .debug_ranges  0x00001048       0x20 startup\startup_stm32f072xb.o

.debug_line     0x00000000     0x8f71
 .debug_line    0x00000000      0x381 Core\Src\OJ_Main.o
 .debug_line    0x00000381      0x3e2 Core\Src\OJ_TLE.o
 .debug_line    0x00000763      0x564 Core\Src\main.o
 .debug_line    0x00000cc7      0x396 Core\Src\stm32f0xx_hal_msp.o
 .debug_line    0x0000105d      0x2f6 Core\Src\stm32f0xx_hal_timebase_tim.o
 .debug_line    0x00001353      0x3df Core\Src\stm32f0xx_it.o
 .debug_line    0x00001732      0x259 Core\Src\system_stm32f0xx.o
 .debug_line    0x0000198b      0x42d Drivers\STM32F0xx_HAL_Driver\Src\stm32f0xx_hal.o
 .debug_line    0x00001db8      0x3c9 Drivers\STM32F0xx_HAL_Driver\Src\stm32f0xx_hal_cortex.o
 .debug_line    0x00002181      0x4e6 Drivers\STM32F0xx_HAL_Driver\Src\stm32f0xx_hal_dma.o
 .debug_line    0x00002667      0x3e8 Drivers\STM32F0xx_HAL_Driver\Src\stm32f0xx_hal_gpio.o
 .debug_line    0x00002a4f      0x933 Drivers\STM32F0xx_HAL_Driver\Src\stm32f0xx_hal_pcd.o
 .debug_line    0x00003382      0x29b Drivers\STM32F0xx_HAL_Driver\Src\stm32f0xx_hal_pcd_ex.o
 .debug_line    0x0000361d      0x565 Drivers\STM32F0xx_HAL_Driver\Src\stm32f0xx_hal_rcc.o
 .debug_line    0x00003b82      0x505 Drivers\STM32F0xx_HAL_Driver\Src\stm32f0xx_hal_rcc_ex.o
 .debug_line    0x00004087      0xde7 Drivers\STM32F0xx_HAL_Driver\Src\stm32f0xx_hal_spi.o
 .debug_line    0x00004e6e     0x14b8 Drivers\STM32F0xx_HAL_Driver\Src\stm32f0xx_hal_tim.o
 .debug_line    0x00006326      0x8ce Drivers\STM32F0xx_HAL_Driver\Src\stm32f0xx_hal_tim_ex.o
 .debug_line    0x00006bf4      0x4cf Middlewares\ST\STM32_USB_Device_Library\Class\CustomHID\Src\usbd_customhid.o
 .debug_line    0x000070c3      0x4f7 Middlewares\ST\STM32_USB_Device_Library\Core\Src\usbd_core.o
 .debug_line    0x000075ba      0x516 Middlewares\ST\STM32_USB_Device_Library\Core\Src\usbd_ctlreq.o
 .debug_line    0x00007ad0      0x35f Middlewares\ST\STM32_USB_Device_Library\Core\Src\usbd_ioreq.o
 .debug_line    0x00007e2f      0x363 USB_DEVICE\App\usb_device.o
 .debug_line    0x00008192      0x357 USB_DEVICE\App\usbd_custom_hid_if.o
 .debug_line    0x000084e9      0x39a USB_DEVICE\App\usbd_desc.o
 .debug_line    0x00008883      0x66b USB_DEVICE\Target\usbd_conf.o
 .debug_line    0x00008eee       0x83 startup\startup_stm32f072xb.o

.debug_str      0x00000000     0x4dbe
 .debug_str     0x00000000      0x87b Core\Src\OJ_Main.o
                                0x93a (size before relaxing)
 .debug_str     0x0000087b      0x4b4 Core\Src\OJ_TLE.o
                                0xcd3 (size before relaxing)
 .debug_str     0x00000d2f      0xc7e Core\Src\main.o
                               0x1a04 (size before relaxing)
 .debug_str     0x000019ad       0xb2 Core\Src\stm32f0xx_hal_msp.o
                                0xf8c (size before relaxing)
 .debug_str     0x00001a5f       0xec Core\Src\stm32f0xx_hal_timebase_tim.o
                                0xd56 (size before relaxing)
 .debug_str     0x00001b4b      0x399 Core\Src\stm32f0xx_it.o
                                0xe30 (size before relaxing)
 .debug_str     0x00001ee4       0x5f Core\Src\system_stm32f0xx.o
                                0x686 (size before relaxing)
 .debug_str     0x00001f43      0x1ca Drivers\STM32F0xx_HAL_Driver\Src\stm32f0xx_hal.o
                                0xa90 (size before relaxing)
 .debug_str     0x0000210d      0x1ad Drivers\STM32F0xx_HAL_Driver\Src\stm32f0xx_hal_cortex.o
                                0xa98 (size before relaxing)
 .debug_str     0x000022ba      0x223 Drivers\STM32F0xx_HAL_Driver\Src\stm32f0xx_hal_dma.o
                                0xa6a (size before relaxing)
 .debug_str     0x000024dd       0xe7 Drivers\STM32F0xx_HAL_Driver\Src\stm32f0xx_hal_gpio.o
                                0x85b (size before relaxing)
 .debug_str     0x000025c4      0x3d1 Drivers\STM32F0xx_HAL_Driver\Src\stm32f0xx_hal_pcd.o
                                0xce7 (size before relaxing)
 .debug_str     0x00002995       0x57 Drivers\STM32F0xx_HAL_Driver\Src\stm32f0xx_hal_pcd_ex.o
                                0x954 (size before relaxing)
 .debug_str     0x000029ec      0x16a Drivers\STM32F0xx_HAL_Driver\Src\stm32f0xx_hal_rcc.o
                                0xa3f (size before relaxing)
 .debug_str     0x00002b56      0x272 Drivers\STM32F0xx_HAL_Driver\Src\stm32f0xx_hal_rcc_ex.o
                                0xa62 (size before relaxing)
 .debug_str     0x00002dc8      0x4c5 Drivers\STM32F0xx_HAL_Driver\Src\stm32f0xx_hal_spi.o
                                0xfa8 (size before relaxing)
 .debug_str     0x0000328d      0xc5c Drivers\STM32F0xx_HAL_Driver\Src\stm32f0xx_hal_tim.o
                               0x17d6 (size before relaxing)
 .debug_str     0x00003ee9      0x49d Drivers\STM32F0xx_HAL_Driver\Src\stm32f0xx_hal_tim_ex.o
                               0x1102 (size before relaxing)
 .debug_str     0x00004386      0x345 Middlewares\ST\STM32_USB_Device_Library\Class\CustomHID\Src\usbd_customhid.o
                                0xd18 (size before relaxing)
 .debug_str     0x000046cb      0x2a7 Middlewares\ST\STM32_USB_Device_Library\Core\Src\usbd_core.o
                                0xc85 (size before relaxing)
 .debug_str     0x00004972      0x11b Middlewares\ST\STM32_USB_Device_Library\Core\Src\usbd_ctlreq.o
                                0xb9f (size before relaxing)
 .debug_str     0x00004a8d       0x67 Middlewares\ST\STM32_USB_Device_Library\Core\Src\usbd_ioreq.o
                                0xacc (size before relaxing)
 .debug_str     0x00004af4       0x36 USB_DEVICE\App\usb_device.o
                                0xab7 (size before relaxing)
 .debug_str     0x00004b2a       0x89 USB_DEVICE\App\usbd_custom_hid_if.o
                                0xb50 (size before relaxing)
 .debug_str     0x00004bb3      0x170 USB_DEVICE\App\usbd_desc.o
                                0x899 (size before relaxing)
 .debug_str     0x00004d23       0x9b USB_DEVICE\Target\usbd_conf.o
                               0x147c (size before relaxing)

.comment        0x00000000       0x7c
 .comment       0x00000000       0x7c Core\Src\OJ_Main.o
                                 0x7d (size before relaxing)
 .comment       0x0000007c       0x7d Core\Src\OJ_TLE.o
 .comment       0x0000007c       0x7d Core\Src\main.o
 .comment       0x0000007c       0x7d Core\Src\stm32f0xx_hal_msp.o
 .comment       0x0000007c       0x7d Core\Src\stm32f0xx_hal_timebase_tim.o
 .comment       0x0000007c       0x7d Core\Src\stm32f0xx_it.o
 .comment       0x0000007c       0x7d Core\Src\system_stm32f0xx.o
 .comment       0x0000007c       0x7d Drivers\STM32F0xx_HAL_Driver\Src\stm32f0xx_hal.o
 .comment       0x0000007c       0x7d Drivers\STM32F0xx_HAL_Driver\Src\stm32f0xx_hal_cortex.o
 .comment       0x0000007c       0x7d Drivers\STM32F0xx_HAL_Driver\Src\stm32f0xx_hal_dma.o
 .comment       0x0000007c       0x7d Drivers\STM32F0xx_HAL_Driver\Src\stm32f0xx_hal_gpio.o
 .comment       0x0000007c       0x7d Drivers\STM32F0xx_HAL_Driver\Src\stm32f0xx_hal_pcd.o
 .comment       0x0000007c       0x7d Drivers\STM32F0xx_HAL_Driver\Src\stm32f0xx_hal_pcd_ex.o
 .comment       0x0000007c       0x7d Drivers\STM32F0xx_HAL_Driver\Src\stm32f0xx_hal_rcc.o
 .comment       0x0000007c       0x7d Drivers\STM32F0xx_HAL_Driver\Src\stm32f0xx_hal_rcc_ex.o
 .comment       0x0000007c       0x7d Drivers\STM32F0xx_HAL_Driver\Src\stm32f0xx_hal_spi.o
 .comment       0x0000007c       0x7d Drivers\STM32F0xx_HAL_Driver\Src\stm32f0xx_hal_tim.o
 .comment       0x0000007c       0x7d Drivers\STM32F0xx_HAL_Driver\Src\stm32f0xx_hal_tim_ex.o
 .comment       0x0000007c       0x7d Middlewares\ST\STM32_USB_Device_Library\Class\CustomHID\Src\usbd_customhid.o
 .comment       0x0000007c       0x7d Middlewares\ST\STM32_USB_Device_Library\Core\Src\usbd_core.o
 .comment       0x0000007c       0x7d Middlewares\ST\STM32_USB_Device_Library\Core\Src\usbd_ctlreq.o
 .comment       0x0000007c       0x7d Middlewares\ST\STM32_USB_Device_Library\Core\Src\usbd_ioreq.o
 .comment       0x0000007c       0x7d USB_DEVICE\App\usb_device.o
 .comment       0x0000007c       0x7d USB_DEVICE\App\usbd_custom_hid_if.o
 .comment       0x0000007c       0x7d USB_DEVICE\App\usbd_desc.o
 .comment       0x0000007c       0x7d USB_DEVICE\Target\usbd_conf.o

.debug_frame    0x00000000     0x2e3c
 .debug_frame   0x00000000       0x9c Core\Src\OJ_Main.o
 .debug_frame   0x0000009c       0x48 Core\Src\OJ_TLE.o
 .debug_frame   0x000000e4       0xf4 Core\Src\main.o
 .debug_frame   0x000001d8       0xa0 Core\Src\stm32f0xx_hal_msp.o
 .debug_frame   0x00000278       0x48 Core\Src\stm32f0xx_hal_timebase_tim.o
 .debug_frame   0x000002c0       0xd0 Core\Src\stm32f0xx_it.o
 .debug_frame   0x00000390       0x38 Core\Src\system_stm32f0xx.o
 .debug_frame   0x000003c8      0x174 Drivers\STM32F0xx_HAL_Driver\Src\stm32f0xx_hal.o
 .debug_frame   0x0000053c       0xe4 Drivers\STM32F0xx_HAL_Driver\Src\stm32f0xx_hal_cortex.o
 .debug_frame   0x00000620      0x168 Drivers\STM32F0xx_HAL_Driver\Src\stm32f0xx_hal_dma.o
 .debug_frame   0x00000788       0xcc Drivers\STM32F0xx_HAL_Driver\Src\stm32f0xx_hal_gpio.o
 .debug_frame   0x00000854      0x2e0 Drivers\STM32F0xx_HAL_Driver\Src\stm32f0xx_hal_pcd.o
 .debug_frame   0x00000b34       0x28 Drivers\STM32F0xx_HAL_Driver\Src\stm32f0xx_hal_pcd_ex.o
 .debug_frame   0x00000b5c      0x130 Drivers\STM32F0xx_HAL_Driver\Src\stm32f0xx_hal_rcc.o
 .debug_frame   0x00000c8c       0xfc Drivers\STM32F0xx_HAL_Driver\Src\stm32f0xx_hal_rcc_ex.o
 .debug_frame   0x00000d88      0x578 Drivers\STM32F0xx_HAL_Driver\Src\stm32f0xx_hal_spi.o
 .debug_frame   0x00001300      0x9cc Drivers\STM32F0xx_HAL_Driver\Src\stm32f0xx_hal_tim.o
 .debug_frame   0x00001ccc      0x3a0 Drivers\STM32F0xx_HAL_Driver\Src\stm32f0xx_hal_tim_ex.o
 .debug_frame   0x0000206c       0xf0 Middlewares\ST\STM32_USB_Device_Library\Class\CustomHID\Src\usbd_customhid.o
 .debug_frame   0x0000215c      0x1bc Middlewares\ST\STM32_USB_Device_Library\Core\Src\usbd_core.o
 .debug_frame   0x00002318      0x168 Middlewares\ST\STM32_USB_Device_Library\Core\Src\usbd_ctlreq.o
 .debug_frame   0x00002480       0xb8 Middlewares\ST\STM32_USB_Device_Library\Core\Src\usbd_ioreq.o
 .debug_frame   0x00002538       0x28 USB_DEVICE\App\usb_device.o
 .debug_frame   0x00002560       0x40 USB_DEVICE\App\usbd_custom_hid_if.o
 .debug_frame   0x000025a0       0xe0 USB_DEVICE\App\usbd_desc.o
 .debug_frame   0x00002680      0x2f8 USB_DEVICE\Target\usbd_conf.o
 .debug_frame   0x00002978       0x2c c:/program files (x86)/atollic/truestudio for stm32 9.3.0/armtools/bin/../lib/gcc/arm-atollic-eabi/6.3.1/../../../../arm-atollic-eabi/lib/armv6-m\libc_nano.a(lib_a-init.o)
 .debug_frame   0x000029a4       0x28 c:/program files (x86)/atollic/truestudio for stm32 9.3.0/armtools/bin/../lib/gcc/arm-atollic-eabi/6.3.1/../../../../arm-atollic-eabi/lib/armv6-m\libc_nano.a(lib_a-memcpy-stub.o)
 .debug_frame   0x000029cc       0x20 c:/program files (x86)/atollic/truestudio for stm32 9.3.0/armtools/bin/../lib/gcc/arm-atollic-eabi/6.3.1/../../../../arm-atollic-eabi/lib/armv6-m\libc_nano.a(lib_a-memset.o)
 .debug_frame   0x000029ec       0x28 c:/program files (x86)/atollic/truestudio for stm32 9.3.0/armtools/bin/../lib/gcc/arm-atollic-eabi/6.3.1/../../../../arm-atollic-eabi/lib/armv6-m\libm.a(lib_a-w_atan2.o)
 .debug_frame   0x00002a14       0x34 c:/program files (x86)/atollic/truestudio for stm32 9.3.0/armtools/bin/../lib/gcc/arm-atollic-eabi/6.3.1/../../../../arm-atollic-eabi/lib/armv6-m\libm.a(lib_a-e_atan2.o)
 .debug_frame   0x00002a48       0x30 c:/program files (x86)/atollic/truestudio for stm32 9.3.0/armtools/bin/../lib/gcc/arm-atollic-eabi/6.3.1/../../../../arm-atollic-eabi/lib/armv6-m\libm.a(lib_a-s_atan.o)
 .debug_frame   0x00002a78       0x20 c:/program files (x86)/atollic/truestudio for stm32 9.3.0/armtools/bin/../lib/gcc/arm-atollic-eabi/6.3.1/../../../../arm-atollic-eabi/lib/armv6-m\libm.a(lib_a-s_fabs.o)
 .debug_frame   0x00002a98       0x20 c:/program files (x86)/atollic/truestudio for stm32 9.3.0/armtools/bin/../lib/gcc/arm-atollic-eabi/6.3.1/armv6-m\libgcc.a(_udivsi3.o)
 .debug_frame   0x00002ab8       0x3c c:/program files (x86)/atollic/truestudio for stm32 9.3.0/armtools/bin/../lib/gcc/arm-atollic-eabi/6.3.1/armv6-m\libgcc.a(divsf3.o)
 .debug_frame   0x00002af4       0x2c c:/program files (x86)/atollic/truestudio for stm32 9.3.0/armtools/bin/../lib/gcc/arm-atollic-eabi/6.3.1/armv6-m\libgcc.a(eqsf2.o)
 .debug_frame   0x00002b20       0x30 c:/program files (x86)/atollic/truestudio for stm32 9.3.0/armtools/bin/../lib/gcc/arm-atollic-eabi/6.3.1/armv6-m\libgcc.a(gesf2.o)
 .debug_frame   0x00002b50       0x30 c:/program files (x86)/atollic/truestudio for stm32 9.3.0/armtools/bin/../lib/gcc/arm-atollic-eabi/6.3.1/armv6-m\libgcc.a(lesf2.o)
 .debug_frame   0x00002b80       0x3c c:/program files (x86)/atollic/truestudio for stm32 9.3.0/armtools/bin/../lib/gcc/arm-atollic-eabi/6.3.1/armv6-m\libgcc.a(mulsf3.o)
 .debug_frame   0x00002bbc       0x38 c:/program files (x86)/atollic/truestudio for stm32 9.3.0/armtools/bin/../lib/gcc/arm-atollic-eabi/6.3.1/armv6-m\libgcc.a(subsf3.o)
 .debug_frame   0x00002bf4       0x2c c:/program files (x86)/atollic/truestudio for stm32 9.3.0/armtools/bin/../lib/gcc/arm-atollic-eabi/6.3.1/armv6-m\libgcc.a(floatsisf.o)
 .debug_frame   0x00002c20       0x3c c:/program files (x86)/atollic/truestudio for stm32 9.3.0/armtools/bin/../lib/gcc/arm-atollic-eabi/6.3.1/armv6-m\libgcc.a(adddf3.o)
 .debug_frame   0x00002c5c       0x3c c:/program files (x86)/atollic/truestudio for stm32 9.3.0/armtools/bin/../lib/gcc/arm-atollic-eabi/6.3.1/armv6-m\libgcc.a(divdf3.o)
 .debug_frame   0x00002c98       0x38 c:/program files (x86)/atollic/truestudio for stm32 9.3.0/armtools/bin/../lib/gcc/arm-atollic-eabi/6.3.1/armv6-m\libgcc.a(eqdf2.o)
 .debug_frame   0x00002cd0       0x38 c:/program files (x86)/atollic/truestudio for stm32 9.3.0/armtools/bin/../lib/gcc/arm-atollic-eabi/6.3.1/armv6-m\libgcc.a(gedf2.o)
 .debug_frame   0x00002d08       0x38 c:/program files (x86)/atollic/truestudio for stm32 9.3.0/armtools/bin/../lib/gcc/arm-atollic-eabi/6.3.1/armv6-m\libgcc.a(ledf2.o)
 .debug_frame   0x00002d40       0x3c c:/program files (x86)/atollic/truestudio for stm32 9.3.0/armtools/bin/../lib/gcc/arm-atollic-eabi/6.3.1/armv6-m\libgcc.a(muldf3.o)
 .debug_frame   0x00002d7c       0x38 c:/program files (x86)/atollic/truestudio for stm32 9.3.0/armtools/bin/../lib/gcc/arm-atollic-eabi/6.3.1/armv6-m\libgcc.a(subdf3.o)
 .debug_frame   0x00002db4       0x2c c:/program files (x86)/atollic/truestudio for stm32 9.3.0/armtools/bin/../lib/gcc/arm-atollic-eabi/6.3.1/armv6-m\libgcc.a(floatsidf.o)
 .debug_frame   0x00002de0       0x2c c:/program files (x86)/atollic/truestudio for stm32 9.3.0/armtools/bin/../lib/gcc/arm-atollic-eabi/6.3.1/armv6-m\libgcc.a(extendsfdf2.o)
 .debug_frame   0x00002e0c       0x30 c:/program files (x86)/atollic/truestudio for stm32 9.3.0/armtools/bin/../lib/gcc/arm-atollic-eabi/6.3.1/armv6-m\libgcc.a(truncdfsf2.o)