Archive member included to satisfy reference by file (symbol)

c:/program files (x86)/atollic/truestudio for stm32 9.3.0/armtools/bin/../lib/gcc/arm-atollic-eabi/6.3.1/../../../../arm-atollic-eabi/lib/armv6-m\libc_nano.a(lib_a-errno.o)
                              Core\Src\syscalls.o (__errno)
c:/program files (x86)/atollic/truestudio for stm32 9.3.0/armtools/bin/../lib/gcc/arm-atollic-eabi/6.3.1/../../../../arm-atollic-eabi/lib/armv6-m\libc_nano.a(lib_a-impure.o)
                              c:/program files (x86)/atollic/truestudio for stm32 9.3.0/armtools/bin/../lib/gcc/arm-atollic-eabi/6.3.1/../../../../arm-atollic-eabi/lib/armv6-m\libc_nano.a(lib_a-errno.o) (_impure_ptr)
c:/program files (x86)/atollic/truestudio for stm32 9.3.0/armtools/bin/../lib/gcc/arm-atollic-eabi/6.3.1/../../../../arm-atollic-eabi/lib/armv6-m\libc_nano.a(lib_a-init.o)
                              startup\startup_stm32f072xb.o (__libc_init_array)
c:/program files (x86)/atollic/truestudio for stm32 9.3.0/armtools/bin/../lib/gcc/arm-atollic-eabi/6.3.1/../../../../arm-atollic-eabi/lib/armv6-m\libc_nano.a(lib_a-malloc.o)
                              Core\Src\OJ_TLE.o (malloc)
c:/program files (x86)/atollic/truestudio for stm32 9.3.0/armtools/bin/../lib/gcc/arm-atollic-eabi/6.3.1/../../../../arm-atollic-eabi/lib/armv6-m\libc_nano.a(lib_a-memcpy-stub.o)
                              Core\Src\OJ_TLE.o (memcpy)
c:/program files (x86)/atollic/truestudio for stm32 9.3.0/armtools/bin/../lib/gcc/arm-atollic-eabi/6.3.1/../../../../arm-atollic-eabi/lib/armv6-m\libc_nano.a(lib_a-memset.o)
                              Core\Src\main.o (memset)
c:/program files (x86)/atollic/truestudio for stm32 9.3.0/armtools/bin/../lib/gcc/arm-atollic-eabi/6.3.1/../../../../arm-atollic-eabi/lib/armv6-m\libc_nano.a(lib_a-nano-freer.o)
                              c:/program files (x86)/atollic/truestudio for stm32 9.3.0/armtools/bin/../lib/gcc/arm-atollic-eabi/6.3.1/../../../../arm-atollic-eabi/lib/armv6-m\libc_nano.a(lib_a-malloc.o) (_free_r)
c:/program files (x86)/atollic/truestudio for stm32 9.3.0/armtools/bin/../lib/gcc/arm-atollic-eabi/6.3.1/../../../../arm-atollic-eabi/lib/armv6-m\libc_nano.a(lib_a-nano-mallocr.o)
                              c:/program files (x86)/atollic/truestudio for stm32 9.3.0/armtools/bin/../lib/gcc/arm-atollic-eabi/6.3.1/../../../../arm-atollic-eabi/lib/armv6-m\libc_nano.a(lib_a-malloc.o) (_malloc_r)
c:/program files (x86)/atollic/truestudio for stm32 9.3.0/armtools/bin/../lib/gcc/arm-atollic-eabi/6.3.1/../../../../arm-atollic-eabi/lib/armv6-m\libc_nano.a(lib_a-sbrkr.o)
                              c:/program files (x86)/atollic/truestudio for stm32 9.3.0/armtools/bin/../lib/gcc/arm-atollic-eabi/6.3.1/../../../../arm-atollic-eabi/lib/armv6-m\libc_nano.a(lib_a-nano-mallocr.o) (_sbrk_r)
c:/program files (x86)/atollic/truestudio for stm32 9.3.0/armtools/bin/../lib/gcc/arm-atollic-eabi/6.3.1/../../../../arm-atollic-eabi/lib/armv6-m\libc_nano.a(lib_a-mlock.o)
                              c:/program files (x86)/atollic/truestudio for stm32 9.3.0/armtools/bin/../lib/gcc/arm-atollic-eabi/6.3.1/../../../../arm-atollic-eabi/lib/armv6-m\libc_nano.a(lib_a-nano-freer.o) (__malloc_lock)
c:/program files (x86)/atollic/truestudio for stm32 9.3.0/armtools/bin/../lib/gcc/arm-atollic-eabi/6.3.1/../../../../arm-atollic-eabi/lib/armv6-m\libc_nano.a(lib_a-reent.o)
                              c:/program files (x86)/atollic/truestudio for stm32 9.3.0/armtools/bin/../lib/gcc/arm-atollic-eabi/6.3.1/../../../../arm-atollic-eabi/lib/armv6-m\libc_nano.a(lib_a-sbrkr.o) (errno)
c:/program files (x86)/atollic/truestudio for stm32 9.3.0/armtools/bin/../lib/gcc/arm-atollic-eabi/6.3.1/../../../../arm-atollic-eabi/lib/armv6-m\libm.a(lib_a-s_atan.o)
                              Core\Src\OJ_Main.o (atan)
c:/program files (x86)/atollic/truestudio for stm32 9.3.0/armtools/bin/../lib/gcc/arm-atollic-eabi/6.3.1/../../../../arm-atollic-eabi/lib/armv6-m\libm.a(lib_a-s_cos.o)
                              Core\Src\OJ_Main.o (cos)
c:/program files (x86)/atollic/truestudio for stm32 9.3.0/armtools/bin/../lib/gcc/arm-atollic-eabi/6.3.1/../../../../arm-atollic-eabi/lib/armv6-m\libm.a(lib_a-s_fabs.o)
                              c:/program files (x86)/atollic/truestudio for stm32 9.3.0/armtools/bin/../lib/gcc/arm-atollic-eabi/6.3.1/../../../../arm-atollic-eabi/lib/armv6-m\libm.a(lib_a-s_atan.o) (fabs)
c:/program files (x86)/atollic/truestudio for stm32 9.3.0/armtools/bin/../lib/gcc/arm-atollic-eabi/6.3.1/../../../../arm-atollic-eabi/lib/armv6-m\libm.a(lib_a-s_sin.o)
                              Core\Src\OJ_Main.o (sin)
c:/program files (x86)/atollic/truestudio for stm32 9.3.0/armtools/bin/../lib/gcc/arm-atollic-eabi/6.3.1/../../../../arm-atollic-eabi/lib/armv6-m\libm.a(lib_a-e_rem_pio2.o)
[...]
Memory Configuration

Name             Origin             Length             Attributes
RAM              0x20000000         0x00004000         xrw
FLASH            0x08000000         0x00020000         xr
*default*        0x00000000         0xffffffff

Linker script and memory map

LOAD c:/program files (x86)/atollic/truestudio for stm32 9.3.0/armtools/bin/../lib/gcc/arm-atollic-eabi/6.3.1/armv6-m/crti.o
LOAD c:/program files (x86)/atollic/truestudio for stm32 9.3.0/armtools/bin/../lib/gcc/arm-atollic-eabi/6.3.1/armv6-m/crtbegin.o
LOAD Core\Src\OJ_Main.o
LOAD Core\Src\OJ_TLE.o
LOAD Core\Src\main.o
LOAD Core\Src\stm32f0xx_hal_msp.o
LOAD Core\Src\stm32f0xx_hal_timebase_tim.o
LOAD Core\Src\stm32f0xx_it.o
LOAD Core\Src\syscalls.o
LOAD Core\Src\system_stm32f0xx.o
LOAD Drivers\STM32F0xx_HAL_Driver\Src\stm32f0xx_hal.o
LOAD Drivers\STM32F0xx_HAL_Driver\Src\stm32f0xx_hal_cortex.o
LOAD Drivers\STM32F0xx_HAL_Driver\Src\stm32f0xx_hal_dma.o
LOAD Drivers\STM32F0xx_HAL_Driver\Src\stm32f0xx_hal_flash.o
LOAD Drivers\STM32F0xx_HAL_Driver\Src\stm32f0xx_hal_flash_ex.o
LOAD Drivers\STM32F0xx_HAL_Driver\Src\stm32f0xx_hal_gpio.o
LOAD Drivers\STM32F0xx_HAL_Driver\Src\stm32f0xx_hal_i2c.o
LOAD Drivers\STM32F0xx_HAL_Driver\Src\stm32f0xx_hal_i2c_ex.o
LOAD Drivers\STM32F0xx_HAL_Driver\Src\stm32f0xx_hal_pcd.o
LOAD Drivers\STM32F0xx_HAL_Driver\Src\stm32f0xx_hal_pcd_ex.o
LOAD Drivers\STM32F0xx_HAL_Driver\Src\stm32f0xx_hal_pwr.o
LOAD Drivers\STM32F0xx_HAL_Driver\Src\stm32f0xx_hal_pwr_ex.o
LOAD Drivers\STM32F0xx_HAL_Driver\Src\stm32f0xx_hal_rcc.o
LOAD Drivers\STM32F0xx_HAL_Driver\Src\stm32f0xx_hal_rcc_ex.o
LOAD Drivers\STM32F0xx_HAL_Driver\Src\stm32f0xx_hal_spi.o
LOAD Drivers\STM32F0xx_HAL_Driver\Src\stm32f0xx_hal_spi_ex.o
LOAD Drivers\STM32F0xx_HAL_Driver\Src\stm32f0xx_hal_tim.o
LOAD Drivers\STM32F0xx_HAL_Driver\Src\stm32f0xx_hal_tim_ex.o
LOAD Middlewares\ST\STM32_USB_Device_Library\Class\CustomHID\Src\usbd_customhid.o
LOAD Middlewares\ST\STM32_USB_Device_Library\Core\Src\usbd_core.o
LOAD Middlewares\ST\STM32_USB_Device_Library\Core\Src\usbd_ctlreq.o
LOAD Middlewares\ST\STM32_USB_Device_Library\Core\Src\usbd_ioreq.o
LOAD USB_DEVICE\App\usb_device.o
LOAD USB_DEVICE\App\usbd_custom_hid_if.o
LOAD USB_DEVICE\App\usbd_desc.o
LOAD USB_DEVICE\Target\usbd_conf.o
LOAD startup\startup_stm32f072xb.o
                0x00000080                malloc_getpagesize_P = 0x80
START GROUP
LOAD c:/program files (x86)/atollic/truestudio for stm32 9.3.0/armtools/bin/../lib/gcc/arm-atollic-eabi/6.3.1/../../../../arm-atollic-eabi/lib/armv6-m\libc_nano.a
LOAD c:/program files (x86)/atollic/truestudio for stm32 9.3.0/armtools/bin/../lib/gcc/arm-atollic-eabi/6.3.1/../../../../arm-atollic-eabi/lib/armv6-m\libm.a
END GROUP
START GROUP
LOAD c:/program files (x86)/atollic/truestudio for stm32 9.3.0/armtools/bin/../lib/gcc/arm-atollic-eabi/6.3.1/armv6-m\libgcc.a
LOAD c:/program files (x86)/atollic/truestudio for stm32 9.3.0/armtools/bin/../lib/gcc/arm-atollic-eabi/6.3.1/../../../../arm-atollic-eabi/lib/armv6-m\libc_nano.a
END GROUP
START GROUP
LOAD c:/program files (x86)/atollic/truestudio for stm32 9.3.0/armtools/bin/../lib/gcc/arm-atollic-eabi/6.3.1/armv6-m\libgcc.a
LOAD c:/program files (x86)/atollic/truestudio for stm32 9.3.0/armtools/bin/../lib/gcc/arm-atollic-eabi/6.3.1/../../../../arm-atollic-eabi/lib/armv6-m\libc_nano.a
LOAD c:/program files (x86)/atollic/truestudio for stm32 9.3.0/armtools/bin/../lib/gcc/arm-atollic-eabi/6.3.1/../../../../arm-atollic-eabi/lib/armv6-m\libnosys.a
END GROUP
START GROUP
LOAD c:/program files (x86)/atollic/truestudio for stm32 9.3.0/armtools/bin/../lib/gcc/arm-atollic-eabi/6.3.1/armv6-m\libgcc.a
LOAD c:/program files (x86)/atollic/truestudio for stm32 9.3.0/armtools/bin/../lib/gcc/arm-atollic-eabi/6.3.1/../../../../arm-atollic-eabi/lib/armv6-m\libc_nano.a
LOAD c:/program files (x86)/atollic/truestudio for stm32 9.3.0/armtools/bin/../lib/gcc/arm-atollic-eabi/6.3.1/../../../../arm-atollic-eabi/lib/armv6-m\libnosys.a
END GROUP
LOAD c:/program files (x86)/atollic/truestudio for stm32 9.3.0/armtools/bin/../lib/gcc/arm-atollic-eabi/6.3.1/armv6-m/crtend.o
LOAD c:/program files (x86)/atollic/truestudio for stm32 9.3.0/armtools/bin/../lib/gcc/arm-atollic-eabi/6.3.1/armv6-m/crtn.o
                0x20004000                _estack = 0x20004000
                0x00000200                _Min_Heap_Size = 0x200
                0x00000400                _Min_Stack_Size = 0x400

.isr_vector     0x08000000       0xc0
                0x08000000                . = ALIGN (0x4)
 *(.isr_vector)
 .isr_vector    0x08000000       0xc0 startup\startup_stm32f072xb.o
                0x08000000                g_pfnVectors
                0x080000c0                . = ALIGN (0x4)

.text           0x080000c0     0x8b68
                0x080000c0                . = ALIGN (0x4)
 *(.text)
 .text          0x080000c0       0x48 c:/program files (x86)/atollic/truestudio for stm32 9.3.0/armtools/bin/../lib/gcc/arm-atollic-eabi/6.3.1/armv6-m/crtbegin.o
 .text          0x08000108       0x14 c:/program files (x86)/atollic/truestudio for stm32 9.3.0/armtools/bin/../lib/gcc/arm-atollic-eabi/6.3.1/armv6-m\libgcc.a(_thumb1_case_uqi.o)
                0x08000108                __gnu_thumb1_case_uqi
 .text          0x0800011c      0x114 c:/program files (x86)/atollic/truestudio for stm32 9.3.0/armtools/bin/../lib/gcc/arm-atollic-eabi/6.3.1/armv6-m\libgcc.a(_udivsi3.o)
                0x0800011c                __aeabi_uidiv
                0x0800011c                __udivsi3
                0x08000228                __aeabi_uidivmod
 .text          0x08000230      0x1d4 c:/program files (x86)/atollic/truestudio for stm32 9.3.0/armtools/bin/../lib/gcc/arm-atollic-eabi/6.3.1/armv6-m\libgcc.a(_divsi3.o)
                0x08000230                __divsi3
                0x08000230                __aeabi_idiv
                0x080003fc                __aeabi_idivmod
 .text          0x08000404        0x4 c:/program files (x86)/atollic/truestudio for stm32 9.3.0/armtools/bin/../lib/gcc/arm-atollic-eabi/6.3.1/armv6-m\libgcc.a(_dvmd_tls.o)
                0x08000404                __aeabi_idiv0
                0x08000404                __aeabi_ldiv0
 .text          0x08000408       0x7c c:/program files (x86)/atollic/truestudio for stm32 9.3.0/armtools/bin/../lib/gcc/arm-atollic-eabi/6.3.1/armv6-m\libgcc.a(_arm_cmpdf2.o)
                0x08000408                __aeabi_cdrcmple
                0x08000418                __aeabi_cdcmple
                0x08000418                __aeabi_cdcmpeq
                0x08000428                __aeabi_dcmpeq
                0x08000434                __aeabi_dcmplt
                0x08000448                __aeabi_dcmple
                0x0800045c                __aeabi_dcmpgt
                0x08000470                __aeabi_dcmpge
 .text          0x08000484      0x290 c:/program files (x86)/atollic/truestudio for stm32 9.3.0/armtools/bin/../lib/gcc/arm-atollic-eabi/6.3.1/armv6-m\libgcc.a(divsf3.o)
                0x08000484                __aeabi_fdiv
 .text          0x08000714      0x338 c:/program files (x86)/atollic/truestudio for stm32 9.3.0/armtools/bin/../lib/gcc/arm-atollic-eabi/6.3.1/armv6-m\libgcc.a(subsf3.o)
                0x08000714                __aeabi_fsub
 .text          0x08000a4c       0xa0 c:/program files (x86)/atollic/truestudio for stm32 9.3.0/armtools/bin/../lib/gcc/arm-atollic-eabi/6.3.1/armv6-m\libgcc.a(floatsisf.o)
                0x08000a4c                __aeabi_i2f
 .text          0x08000aec      0x620 c:/program files (x86)/atollic/truestudio for stm32 9.3.0/armtools/bin/../lib/gcc/arm-atollic-eabi/6.3.1/armv6-m\libgcc.a(adddf3.o)
                0x08000aec                __aeabi_dadd
 .text          0x0800110c      0x668 c:/program files (x86)/atollic/truestudio for stm32 9.3.0/armtools/bin/../lib/gcc/arm-atollic-eabi/6.3.1/armv6-m\libgcc.a(divdf3.o)
                0x0800110c                __aeabi_ddiv
 .text          0x08001774       0x74 c:/program files (x86)/atollic/truestudio for stm32 9.3.0/armtools/bin/../lib/gcc/arm-atollic-eabi/6.3.1/armv6-m\libgcc.a(eqdf2.o)
                0x08001774                __nedf2
                0x08001774                __eqdf2
 .text          0x080017e8       0xc8 c:/program files (x86)/atollic/truestudio for stm32 9.3.0/armtools/bin/../lib/gcc/arm-atollic-eabi/6.3.1/armv6-m\libgcc.a(gedf2.o)
                0x080017e8                __gedf2
                0x080017e8                __gtdf2
 .text          0x080018b0       0xc4 c:/program files (x86)/atollic/truestudio for stm32 9.3.0/armtools/bin/../lib/gcc/arm-atollic-eabi/6.3.1/armv6-m\libgcc.a(ledf2.o)
                0x080018b0                __ledf2
                0x080018b0                __ltdf2
 .text          0x08001974      0x500 c:/program files (x86)/atollic/truestudio for stm32 9.3.0/armtools/bin/../lib/gcc/arm-atollic-eabi/6.3.1/armv6-m\libgcc.a(muldf3.o)
                0x08001974                __aeabi_dmul
 .text          0x08001e74      0x62c c:/program files (x86)/atollic/truestudio for stm32 9.3.0/armtools/bin/../lib/gcc/arm-atollic-eabi/6.3.1/armv6-m\libgcc.a(subdf3.o)
                0x08001e74                __aeabi_dsub
 .text          0x080024a0       0x68 c:/program files (x86)/atollic/truestudio for stm32 9.3.0/armtools/bin/../lib/gcc/arm-atollic-eabi/6.3.1/armv6-m\libgcc.a(fixdfsi.o)
                0x080024a0                __aeabi_d2iz
 .text          0x08002508       0x84 c:/program files (x86)/atollic/truestudio for stm32 9.3.0/armtools/bin/../lib/gcc/arm-atollic-eabi/6.3.1/armv6-m\libgcc.a(floatsidf.o)
                0x08002508                __aeabi_i2d
 .text          0x0800258c       0x70 c:/program files (x86)/atollic/truestudio for stm32 9.3.0/armtools/bin/../lib/gcc/arm-atollic-eabi/6.3.1/armv6-m\libgcc.a(floatunsidf.o)
                0x0800258c                __aeabi_ui2d
 .text          0x080025fc       0xa4 c:/program files (x86)/atollic/truestudio for stm32 9.3.0/armtools/bin/../lib/gcc/arm-atollic-eabi/6.3.1/armv6-m\libgcc.a(extendsfdf2.o)
                0x080025fc                __aeabi_f2d
 .text          0x080026a0      0x114 c:/program files (x86)/atollic/truestudio for stm32 9.3.0/armtools/bin/../lib/gcc/arm-atollic-eabi/6.3.1/armv6-m\libgcc.a(truncdfsf2.o)
                0x080026a0                __aeabi_d2f
 .text          0x080027b4       0x3c c:/program files (x86)/atollic/truestudio for stm32 9.3.0/armtools/bin/../lib/gcc/arm-atollic-eabi/6.3.1/armv6-m\libgcc.a(_clzsi2.o)
                0x080027b4                __clzsi2
 *(.text*)
 .text.GetTempValues
                0x080027f0       0x1c Core\Src\OJ_Main.o
                0x080027f0                GetTempValues
 .text.GetColibValues
                0x0800280c      0x14c Core\Src\OJ_Main.o
                0x0800280c                GetColibValues
 .text.GetMaxMinValues
                0x08002958       0x3c Core\Src\OJ_Main.o
                0x08002958                GetMaxMinValues
 .text.ResultAngle
                0x08002994       0xd0 Core\Src\OJ_Main.o
                0x08002994                ResultAngle
 .text.TLEReadData
                0x08002a64      0x3c0 Core\Src\OJ_TLE.o
                0x08002a64                TLEReadData
 .text.MX_GPIO_Init
                0x08002e24       0xc4 Core\Src\main.o
 .text.MX_DMA_Init
                0x08002ee8       0x30 Core\Src\main.o
 .text.MX_TIM3_Init
                0x08002f18       0x68 Core\Src\main.o
 .text.MX_SPI2_Init
                0x08002f80       0x4c Core\Src\main.o
 .text.SystemClock_Config
                0x08002fcc       0x58 Core\Src\main.o
                0x08002fcc                SystemClock_Config
 .text.main     0x08003024       0x70 Core\Src\main.o
                0x08003024                main
 .text.HAL_TIM_PeriodElapsedCallback
                0x08003094       0x18 Core\Src\main.o
                0x08003094                HAL_TIM_PeriodElapsedCallback
 .text.Error_Handler
                0x080030ac        0x2 Core\Src\main.o
                0x080030ac                Error_Handler
 *fill*         0x080030ae        0x2 
 .text.HAL_MspInit
                0x080030b0       0x40 Core\Src\stm32f0xx_hal_msp.o
                0x080030b0                HAL_MspInit
 .text.HAL_SPI_MspInit
                0x080030f0       0xec Core\Src\stm32f0xx_hal_msp.o
                0x080030f0                HAL_SPI_MspInit
 .text.HAL_TIM_PWM_MspInit
                0x080031dc       0x2c Core\Src\stm32f0xx_hal_msp.o
                0x080031dc                HAL_TIM_PWM_MspInit
 .text.HAL_TIM_MspPostInit
                0x08003208       0x58 Core\Src\stm32f0xx_hal_msp.o
                0x08003208                HAL_TIM_MspPostInit
 .text.HAL_InitTick
                0x08003260       0x78 Core\Src\stm32f0xx_hal_timebase_tim.o
                0x08003260                HAL_InitTick
 .text.NMI_Handler
                0x080032d8        0x2 Core\Src\stm32f0xx_it.o
                0x080032d8                NMI_Handler
 .text.HardFault_Handler
                0x080032da        0x2 Core\Src\stm32f0xx_it.o
                0x080032da                HardFault_Handler
 .text.SVC_Handler
                0x080032dc        0x2 Core\Src\stm32f0xx_it.o
                0x080032dc                SVC_Handler
 .text.PendSV_Handler
                0x080032de        0x2 Core\Src\stm32f0xx_it.o
                0x080032de                PendSV_Handler
 .text.SysTick_Handler
                0x080032e0        0x2 Core\Src\stm32f0xx_it.o
                0x080032e0                SysTick_Handler
 .text.RCC_CRS_IRQHandler
                0x080032e2        0x2 Core\Src\stm32f0xx_it.o
                0x080032e2                RCC_CRS_IRQHandler
 .text.EXTI4_15_IRQHandler
                0x080032e4       0x10 Core\Src\stm32f0xx_it.o
                0x080032e4                EXTI4_15_IRQHandler
 .text.DMA1_Channel4_5_6_7_IRQHandler
                0x080032f4       0x18 Core\Src\stm32f0xx_it.o
                0x080032f4                DMA1_Channel4_5_6_7_IRQHandler
 .text.TIM6_DAC_IRQHandler
                0x0800330c       0x10 Core\Src\stm32f0xx_it.o
                0x0800330c                TIM6_DAC_IRQHandler
 .text.USB_IRQHandler
                0x0800331c       0x10 Core\Src\stm32f0xx_it.o
                0x0800331c                USB_IRQHandler
 .text._sbrk    0x0800332c       0x3c Core\Src\syscalls.o
                0x0800332c                _sbrk
 .text.SystemInit
                0x08003368       0x60 Core\Src\system_stm32f0xx.o
                0x08003368                SystemInit
 .text.HAL_Init
                0x080033c8       0x20 Drivers\STM32F0xx_HAL_Driver\Src\stm32f0xx_hal.o
                0x080033c8                HAL_Init
 .text.HAL_IncTick
                0x080033e8       0x10 Drivers\STM32F0xx_HAL_Driver\Src\stm32f0xx_hal.o
                0x080033e8                HAL_IncTick
 .text.HAL_GetTick
                0x080033f8        0xc Drivers\STM32F0xx_HAL_Driver\Src\stm32f0xx_hal.o
                0x080033f8                HAL_GetTick
 .text.HAL_Delay
                0x08003404       0x22 Drivers\STM32F0xx_HAL_Driver\Src\stm32f0xx_hal.o
                0x08003404                HAL_Delay
 *fill*         0x08003426        0x2 
 .text.HAL_NVIC_SetPriority
                0x08003428       0x64 Drivers\STM32F0xx_HAL_Driver\Src\stm32f0xx_hal_cortex.o
                0x08003428                HAL_NVIC_SetPriority
 .text.HAL_NVIC_EnableIRQ
                0x0800348c       0x14 Drivers\STM32F0xx_HAL_Driver\Src\stm32f0xx_hal_cortex.o
                0x0800348c                HAL_NVIC_EnableIRQ
 .text.DMA_SetConfig
                0x080034a0       0x2a Drivers\STM32F0xx_HAL_Driver\Src\stm32f0xx_hal_dma.o
 *fill*         0x080034ca        0x2 
 .text.DMA_CalcBaseAndBitshift
                0x080034cc       0x28 Drivers\STM32F0xx_HAL_Driver\Src\stm32f0xx_hal_dma.o
 .text.HAL_DMA_Init
                0x080034f4       0x58 Drivers\STM32F0xx_HAL_Driver\Src\stm32f0xx_hal_dma.o
                0x080034f4                HAL_DMA_Init
 .text.HAL_DMA_Start_IT
                0x0800354c       0x76 Drivers\STM32F0xx_HAL_Driver\Src\stm32f0xx_hal_dma.o
                0x0800354c                HAL_DMA_Start_IT
 .text.HAL_DMA_IRQHandler
                0x080035c2       0xaa Drivers\STM32F0xx_HAL_Driver\Src\stm32f0xx_hal_dma.o
                0x080035c2                HAL_DMA_IRQHandler
 .text.HAL_GPIO_Init
                0x0800366c      0x19c Drivers\STM32F0xx_HAL_Driver\Src\stm32f0xx_hal_gpio.o
                0x0800366c                HAL_GPIO_Init
 .text.HAL_GPIO_WritePin
                0x08003808        0xc Drivers\STM32F0xx_HAL_Driver\Src\stm32f0xx_hal_gpio.o
                0x08003808                HAL_GPIO_WritePin
 .text.HAL_GPIO_EXTI_Callback
                0x08003814        0x2 Drivers\STM32F0xx_HAL_Driver\Src\stm32f0xx_hal_gpio.o
                0x08003814                HAL_GPIO_EXTI_Callback
 *fill*         0x08003816        0x2 
 .text.HAL_GPIO_EXTI_IRQHandler
                0x08003818       0x1c Drivers\STM32F0xx_HAL_Driver\Src\stm32f0xx_hal_gpio.o
                0x08003818                HAL_GPIO_EXTI_IRQHandler
 .text.HAL_PCD_Init
                0x08003834       0xc0 Drivers\STM32F0xx_HAL_Driver\Src\stm32f0xx_hal_pcd.o
                0x08003834                HAL_PCD_Init
 .text.HAL_PCD_Start
                0x080038f4       0x18 Drivers\STM32F0xx_HAL_Driver\Src\stm32f0xx_hal_pcd.o
                0x080038f4                HAL_PCD_Start
 .text.HAL_PCD_SetAddress
                0x0800390c       0x36 Drivers\STM32F0xx_HAL_Driver\Src\stm32f0xx_hal_pcd.o
                0x0800390c                HAL_PCD_SetAddress
 *fill*         0x08003942        0x2 
 .text.HAL_PCD_EP_Open
                0x08003944      0x354 Drivers\STM32F0xx_HAL_Driver\Src\stm32f0xx_hal_pcd.o
                0x08003944                HAL_PCD_EP_Open
 .text.HAL_PCD_EP_Close
                0x08003c98      0x1d0 Drivers\STM32F0xx_HAL_Driver\Src\stm32f0xx_hal_pcd.o
                0x08003c98                HAL_PCD_EP_Close
 .text.HAL_PCD_EP_Receive
                0x08003e68      0x200 Drivers\STM32F0xx_HAL_Driver\Src\stm32f0xx_hal_pcd.o
                0x08003e68                HAL_PCD_EP_Receive
 .text.HAL_PCD_EP_SetStall
                0x08004068       0xc4 Drivers\STM32F0xx_HAL_Driver\Src\stm32f0xx_hal_pcd.o
                0x08004068                HAL_PCD_EP_SetStall
 .text.HAL_PCD_EP_ClrStall
                0x0800412c       0xe0 Drivers\STM32F0xx_HAL_Driver\Src\stm32f0xx_hal_pcd.o
                0x0800412c                HAL_PCD_EP_ClrStall
 .text.PCD_WritePMA
                0x0800420c       0x26 Drivers\STM32F0xx_HAL_Driver\Src\stm32f0xx_hal_pcd.o
                0x0800420c                PCD_WritePMA
 *fill*         0x08004232        0x2 
 .text.HAL_PCD_EP_Transmit
                0x08004234      0x21c Drivers\STM32F0xx_HAL_Driver\Src\stm32f0xx_hal_pcd.o
                0x08004234                HAL_PCD_EP_Transmit
 .text.PCD_ReadPMA
                0x08004450       0x2c Drivers\STM32F0xx_HAL_Driver\Src\stm32f0xx_hal_pcd.o
                0x08004450                PCD_ReadPMA
 .text.PCD_EP_ISR_Handler
                0x0800447c      0x4bc Drivers\STM32F0xx_HAL_Driver\Src\stm32f0xx_hal_pcd.o
 .text.HAL_PCD_IRQHandler
                0x08004938      0x120 Drivers\STM32F0xx_HAL_Driver\Src\stm32f0xx_hal_pcd.o
                0x08004938                HAL_PCD_IRQHandler
 .text.HAL_PCDEx_PMAConfig
                0x08004a58       0x3a Drivers\STM32F0xx_HAL_Driver\Src\stm32f0xx_hal_pcd_ex.o
                0x08004a58                HAL_PCDEx_PMAConfig
 *fill*         0x08004a92        0x2 
 .text.HAL_RCC_OscConfig
                0x08004a94      0x4f8 Drivers\STM32F0xx_HAL_Driver\Src\stm32f0xx_hal_rcc.o
                0x08004a94                HAL_RCC_OscConfig
 .text.HAL_RCC_GetSysClockFreq
                0x08004f8c       0x94 Drivers\STM32F0xx_HAL_Driver\Src\stm32f0xx_hal_rcc.o
                0x08004f8c                HAL_RCC_GetSysClockFreq
 .text.HAL_RCC_ClockConfig
                0x08005020      0x184 Drivers\STM32F0xx_HAL_Driver\Src\stm32f0xx_hal_rcc.o
                0x08005020                HAL_RCC_ClockConfig
 .text.HAL_RCC_GetHCLKFreq
                0x080051a4        0xc Drivers\STM32F0xx_HAL_Driver\Src\stm32f0xx_hal_rcc.o
                0x080051a4                HAL_RCC_GetHCLKFreq
 .text.HAL_RCC_GetPCLK1Freq
                0x080051b0       0x20 Drivers\STM32F0xx_HAL_Driver\Src\stm32f0xx_hal_rcc.o
                0x080051b0                HAL_RCC_GetPCLK1Freq
 .text.HAL_RCC_GetClockConfig
                0x080051d0       0x38 Drivers\STM32F0xx_HAL_Driver\Src\stm32f0xx_hal_rcc.o
                0x080051d0                HAL_RCC_GetClockConfig
 .text.HAL_RCCEx_PeriphCLKConfig
                0x08005208      0x158 Drivers\STM32F0xx_HAL_Driver\Src\stm32f0xx_hal_rcc_ex.o
                0x08005208                HAL_RCCEx_PeriphCLKConfig
 .text.SPI_WaitFlagStateUntilTimeout
                0x08005360       0xa0 Drivers\STM32F0xx_HAL_Driver\Src\stm32f0xx_hal_spi.o
 .text.SPI_WaitFifoStateUntilTimeout
                0x08005400       0xb4 Drivers\STM32F0xx_HAL_Driver\Src\stm32f0xx_hal_spi.o
 .text.SPI_EndRxTxTransaction
                0x080054b4       0x68 Drivers\STM32F0xx_HAL_Driver\Src\stm32f0xx_hal_spi.o
 .text.SPI_EndRxTransaction
                0x0800551c       0x8e Drivers\STM32F0xx_HAL_Driver\Src\stm32f0xx_hal_spi.o
 *fill*         0x080055aa        0x2 
 .text.HAL_SPI_Init
                0x080055ac       0xcc Drivers\STM32F0xx_HAL_Driver\Src\stm32f0xx_hal_spi.o
                0x080055ac                HAL_SPI_Init
 .text.HAL_SPI_TransmitReceive
                0x08005678      0x2a8 Drivers\STM32F0xx_HAL_Driver\Src\stm32f0xx_hal_spi.o
                0x08005678                HAL_SPI_TransmitReceive
 .text.HAL_SPI_Receive
                0x08005920      0x190 Drivers\STM32F0xx_HAL_Driver\Src\stm32f0xx_hal_spi.o
                0x08005920                HAL_SPI_Receive
 .text.HAL_SPI_Transmit_DMA
                0x08005ab0      0x11c Drivers\STM32F0xx_HAL_Driver\Src\stm32f0xx_hal_spi.o
                0x08005ab0                HAL_SPI_Transmit_DMA
 .text.HAL_SPI_TransmitReceive_DMA
                0x08005bcc      0x1f4 Drivers\STM32F0xx_HAL_Driver\Src\stm32f0xx_hal_spi.o
                0x08005bcc                HAL_SPI_TransmitReceive_DMA
 .text.HAL_SPI_Receive_DMA
                0x08005dc0      0x170 Drivers\STM32F0xx_HAL_Driver\Src\stm32f0xx_hal_spi.o
                0x08005dc0                HAL_SPI_Receive_DMA
 .text.HAL_SPI_TxCpltCallback
                0x08005f30        0x2 Drivers\STM32F0xx_HAL_Driver\Src\stm32f0xx_hal_spi.o
                0x08005f30                HAL_SPI_TxCpltCallback
 .text.HAL_SPI_RxCpltCallback
                0x08005f32        0x2 Drivers\STM32F0xx_HAL_Driver\Src\stm32f0xx_hal_spi.o
                0x08005f32                HAL_SPI_RxCpltCallback
 .text.HAL_SPI_TxRxCpltCallback
                0x08005f34        0x2 Drivers\STM32F0xx_HAL_Driver\Src\stm32f0xx_hal_spi.o
                0x08005f34                HAL_SPI_TxRxCpltCallback
 .text.HAL_SPI_TxHalfCpltCallback
                0x08005f36        0x2 Drivers\STM32F0xx_HAL_Driver\Src\stm32f0xx_hal_spi.o
                0x08005f36                HAL_SPI_TxHalfCpltCallback
 .text.SPI_DMAHalfTransmitCplt
                0x08005f38        0xa Drivers\STM32F0xx_HAL_Driver\Src\stm32f0xx_hal_spi.o
 .text.HAL_SPI_RxHalfCpltCallback
                0x08005f42        0x2 Drivers\STM32F0xx_HAL_Driver\Src\stm32f0xx_hal_spi.o
                0x08005f42                HAL_SPI_RxHalfCpltCallback
 .text.SPI_DMAHalfReceiveCplt
                0x08005f44        0xa Drivers\STM32F0xx_HAL_Driver\Src\stm32f0xx_hal_spi.o
 .text.HAL_SPI_TxRxHalfCpltCallback
                0x08005f4e        0x2 Drivers\STM32F0xx_HAL_Driver\Src\stm32f0xx_hal_spi.o
                0x08005f4e                HAL_SPI_TxRxHalfCpltCallback
 .text.SPI_DMAHalfTransmitReceiveCplt
                0x08005f50        0xa Drivers\STM32F0xx_HAL_Driver\Src\stm32f0xx_hal_spi.o
 .text.HAL_SPI_ErrorCallback
                0x08005f5a        0x2 Drivers\STM32F0xx_HAL_Driver\Src\stm32f0xx_hal_spi.o
                0x08005f5a                HAL_SPI_ErrorCallback
 .text.SPI_DMAError
                0x08005f5c       0x22 Drivers\STM32F0xx_HAL_Driver\Src\stm32f0xx_hal_spi.o
 .text.SPI_DMATransmitCplt
                0x08005f7e       0x74 Drivers\STM32F0xx_HAL_Driver\Src\stm32f0xx_hal_spi.o
 .text.SPI_DMAReceiveCplt
                0x08005ff2       0x5a Drivers\STM32F0xx_HAL_Driver\Src\stm32f0xx_hal_spi.o
 .text.SPI_DMATransmitReceiveCplt
                0x0800604c       0x60 Drivers\STM32F0xx_HAL_Driver\Src\stm32f0xx_hal_spi.o
 .text.HAL_SPI_GetState
                0x080060ac        0x8 Drivers\STM32F0xx_HAL_Driver\Src\stm32f0xx_hal_spi.o
                0x080060ac                HAL_SPI_GetState
 .text.TIM_OC1_SetConfig
                0x080060b4       0x8c Drivers\STM32F0xx_HAL_Driver\Src\stm32f0xx_hal_tim.o
 .text.TIM_OC3_SetConfig
                0x08006140       0x94 Drivers\STM32F0xx_HAL_Driver\Src\stm32f0xx_hal_tim.o
 .text.TIM_OC4_SetConfig
                0x080061d4       0x74 Drivers\STM32F0xx_HAL_Driver\Src\stm32f0xx_hal_tim.o
 .text.HAL_TIM_Base_MspInit
                0x08006248        0x2 Drivers\STM32F0xx_HAL_Driver\Src\stm32f0xx_hal_tim.o
                0x08006248                HAL_TIM_Base_MspInit
 .text.HAL_TIM_Base_Start_IT
                0x0800624a       0x16 Drivers\STM32F0xx_HAL_Driver\Src\stm32f0xx_hal_tim.o
                0x0800624a                HAL_TIM_Base_Start_IT
 .text.HAL_TIM_OC_DelayElapsedCallback
                0x08006260        0x2 Drivers\STM32F0xx_HAL_Driver\Src\stm32f0xx_hal_tim.o
                0x08006260                HAL_TIM_OC_DelayElapsedCallback
 .text.HAL_TIM_IC_CaptureCallback
                0x08006262        0x2 Drivers\STM32F0xx_HAL_Driver\Src\stm32f0xx_hal_tim.o
                0x08006262                HAL_TIM_IC_CaptureCallback
 .text.HAL_TIM_PWM_PulseFinishedCallback
                0x08006264        0x2 Drivers\STM32F0xx_HAL_Driver\Src\stm32f0xx_hal_tim.o
                0x08006264                HAL_TIM_PWM_PulseFinishedCallback
 .text.HAL_TIM_TriggerCallback
                0x08006266        0x2 Drivers\STM32F0xx_HAL_Driver\Src\stm32f0xx_hal_tim.o
                0x08006266                HAL_TIM_TriggerCallback
 .text.HAL_TIM_IRQHandler
                0x08006268      0x15a Drivers\STM32F0xx_HAL_Driver\Src\stm32f0xx_hal_tim.o
                0x08006268                HAL_TIM_IRQHandler
 *fill*         0x080063c2        0x2 
 .text.TIM_Base_SetConfig
                0x080063c4       0xa4 Drivers\STM32F0xx_HAL_Driver\Src\stm32f0xx_hal_tim.o
                0x080063c4                TIM_Base_SetConfig
 .text.HAL_TIM_Base_Init
                0x08006468       0x34 Drivers\STM32F0xx_HAL_Driver\Src\stm32f0xx_hal_tim.o
                0x08006468                HAL_TIM_Base_Init
 .text.HAL_TIM_PWM_Init
                0x0800649c       0x34 Drivers\STM32F0xx_HAL_Driver\Src\stm32f0xx_hal_tim.o
                0x0800649c                HAL_TIM_PWM_Init
 .text.TIM_OC2_SetConfig
                0x080064d0       0x88 Drivers\STM32F0xx_HAL_Driver\Src\stm32f0xx_hal_tim.o
                0x080064d0                TIM_OC2_SetConfig
 .text.HAL_TIM_PWM_ConfigChannel
                0x08006558       0xec Drivers\STM32F0xx_HAL_Driver\Src\stm32f0xx_hal_tim.o
                0x08006558                HAL_TIM_PWM_ConfigChannel
 .text.TIM_CCxChannelCmd
                0x08006644       0x16 Drivers\STM32F0xx_HAL_Driver\Src\stm32f0xx_hal_tim.o
                0x08006644                TIM_CCxChannelCmd
 *fill*         0x0800665a        0x2 
 .text.HAL_TIM_PWM_Start
                0x0800665c       0x64 Drivers\STM32F0xx_HAL_Driver\Src\stm32f0xx_hal_tim.o
                0x0800665c                HAL_TIM_PWM_Start
 .text.HAL_TIMEx_MasterConfigSynchronization
                0x080066c0       0x4c Drivers\STM32F0xx_HAL_Driver\Src\stm32f0xx_hal_tim_ex.o
                0x080066c0                HAL_TIMEx_MasterConfigSynchronization
 .text.HAL_TIMEx_CommutationCallback
                0x0800670c        0x2 Drivers\STM32F0xx_HAL_Driver\Src\stm32f0xx_hal_tim_ex.o
                0x0800670c                HAL_TIMEx_CommutationCallback
 .text.HAL_TIMEx_BreakCallback
                0x0800670e        0x2 Drivers\STM32F0xx_HAL_Driver\Src\stm32f0xx_hal_tim_ex.o
                0x0800670e                HAL_TIMEx_BreakCallback
 .text.USBD_CUSTOM_HID_GetCfgDesc
                0x08006710        0xc Middlewares\ST\STM32_USB_Device_Library\Class\CustomHID\Src\usbd_customhid.o
 .text.USBD_CUSTOM_HID_DataIn
                0x0800671c       0x12 Middlewares\ST\STM32_USB_Device_Library\Class\CustomHID\Src\usbd_customhid.o
 .text.USBD_CUSTOM_HID_EP0_RxReady
                0x0800672e       0x26 Middlewares\ST\STM32_USB_Device_Library\Class\CustomHID\Src\usbd_customhid.o
 .text.USBD_CUSTOM_HID_GetDeviceQualifierDesc
                0x08006754        0xc Middlewares\ST\STM32_USB_Device_Library\Class\CustomHID\Src\usbd_customhid.o
 .text.USBD_CUSTOM_HID_DataOut
                0x08006760       0x26 Middlewares\ST\STM32_USB_Device_Library\Class\CustomHID\Src\usbd_customhid.o
 *fill*         0x08006786        0x2 
 .text.USBD_CUSTOM_HID_Setup
                0x08006788       0xe0 Middlewares\ST\STM32_USB_Device_Library\Class\CustomHID\Src\usbd_customhid.o
 .text.USBD_CUSTOM_HID_DeInit
                0x08006868       0x38 Middlewares\ST\STM32_USB_Device_Library\Class\CustomHID\Src\usbd_customhid.o
 .text.USBD_CUSTOM_HID_Init
                0x080068a0       0x52 Middlewares\ST\STM32_USB_Device_Library\Class\CustomHID\Src\usbd_customhid.o
 .text.USBD_CUSTOM_HID_RegisterInterface
                0x080068f2       0x12 Middlewares\ST\STM32_USB_Device_Library\Class\CustomHID\Src\usbd_customhid.o
                0x080068f2                USBD_CUSTOM_HID_RegisterInterface
 .text.USBD_Init
                0x08006904       0x38 Middlewares\ST\STM32_USB_Device_Library\Core\Src\usbd_core.o
                0x08006904                USBD_Init
 .text.USBD_RegisterClass
                0x0800693c       0x12 Middlewares\ST\STM32_USB_Device_Library\Core\Src\usbd_core.o
                0x0800693c                USBD_RegisterClass
 .text.USBD_Start
                0x0800694e        0xa Middlewares\ST\STM32_USB_Device_Library\Core\Src\usbd_core.o
                0x0800694e                USBD_Start
 .text.USBD_SetClassConfig
                0x08006958       0x20 Middlewares\ST\STM32_USB_Device_Library\Core\Src\usbd_core.o
                0x08006958                USBD_SetClassConfig
 .text.USBD_ClrClassConfig
                0x08006978       0x10 Middlewares\ST\STM32_USB_Device_Library\Core\Src\usbd_core.o
                0x08006978                USBD_ClrClassConfig
 .text.USBD_LL_SetupStage
                0x08006988       0x68 Middlewares\ST\STM32_USB_Device_Library\Core\Src\usbd_core.o
                0x08006988                USBD_LL_SetupStage
 .text.USBD_LL_DataOutStage
                0x080069f0       0x7a Middlewares\ST\STM32_USB_Device_Library\Core\Src\usbd_core.o
                0x080069f0                USBD_LL_DataOutStage
 .text.USBD_LL_DataInStage
                0x08006a6a       0xc4 Middlewares\ST\STM32_USB_Device_Library\Core\Src\usbd_core.o
                0x08006a6a                USBD_LL_DataInStage
 .text.USBD_LL_Reset
                0x08006b2e       0x46 Middlewares\ST\STM32_USB_Device_Library\Core\Src\usbd_core.o
                0x08006b2e                USBD_LL_Reset
 .text.USBD_LL_SetSpeed
                0x08006b74        0x6 Middlewares\ST\STM32_USB_Device_Library\Core\Src\usbd_core.o
                0x08006b74                USBD_LL_SetSpeed
 .text.USBD_LL_Suspend
                0x08006b7a       0x16 Middlewares\ST\STM32_USB_Device_Library\Core\Src\usbd_core.o
                0x08006b7a                USBD_LL_Suspend
 .text.USBD_LL_Resume
                0x08006b90        0xe Middlewares\ST\STM32_USB_Device_Library\Core\Src\usbd_core.o
                0x08006b90                USBD_LL_Resume
 .text.USBD_LL_SOF
                0x08006b9e       0x20 Middlewares\ST\STM32_USB_Device_Library\Core\Src\usbd_core.o
                0x08006b9e                USBD_LL_SOF
 .text.USBD_GetLen
                0x08006bbe       0x14 Middlewares\ST\STM32_USB_Device_Library\Core\Src\usbd_ctlreq.o
 .text.USBD_SetFeature
                0x08006bd2       0x24 Middlewares\ST\STM32_USB_Device_Library\Core\Src\usbd_ctlreq.o
 .text.USBD_ParseSetupRequest
                0x08006bf6       0x28 Middlewares\ST\STM32_USB_Device_Library\Core\Src\usbd_ctlreq.o
                0x08006bf6                USBD_ParseSetupRequest
 .text.USBD_CtlError
                0x08006c1e       0x14 Middlewares\ST\STM32_USB_Device_Library\Core\Src\usbd_ctlreq.o
                0x08006c1e                USBD_CtlError
 *fill*         0x08006c32        0x2 
 .text.USBD_GetDescriptor
                0x08006c34      0x164 Middlewares\ST\STM32_USB_Device_Library\Core\Src\usbd_ctlreq.o
 .text.USBD_SetAddress
                0x08006d98       0x58 Middlewares\ST\STM32_USB_Device_Library\Core\Src\usbd_ctlreq.o
 .text.USBD_SetConfig
                0x08006df0       0xb0 Middlewares\ST\STM32_USB_Device_Library\Core\Src\usbd_ctlreq.o
 .text.USBD_GetConfig
                0x08006ea0       0x3c Middlewares\ST\STM32_USB_Device_Library\Core\Src\usbd_ctlreq.o
 .text.USBD_GetStatus
                0x08006edc       0x34 Middlewares\ST\STM32_USB_Device_Library\Core\Src\usbd_ctlreq.o
 .text.USBD_ClrFeature
                0x08006f10       0x38 Middlewares\ST\STM32_USB_Device_Library\Core\Src\usbd_ctlreq.o
 .text.USBD_StdDevReq
                0x08006f48       0x48 Middlewares\ST\STM32_USB_Device_Library\Core\Src\usbd_ctlreq.o
                0x08006f48                USBD_StdDevReq
 .text.USBD_StdItfReq
                0x08006f90       0x3c Middlewares\ST\STM32_USB_Device_Library\Core\Src\usbd_ctlreq.o
                0x08006f90                USBD_StdItfReq
 .text.USBD_StdEPReq
                0x08006fcc      0x138 Middlewares\ST\STM32_USB_Device_Library\Core\Src\usbd_ctlreq.o
                0x08006fcc                USBD_StdEPReq
 .text.USBD_GetString
                0x08007104       0x3c Middlewares\ST\STM32_USB_Device_Library\Core\Src\usbd_ctlreq.o
                0x08007104                USBD_GetString
 .text.USBD_CtlSendData
                0x08007140       0x1c Middlewares\ST\STM32_USB_Device_Library\Core\Src\usbd_ioreq.o
                0x08007140                USBD_CtlSendData
 .text.USBD_CtlContinueSendData
                0x0800715c       0x10 Middlewares\ST\STM32_USB_Device_Library\Core\Src\usbd_ioreq.o
                0x0800715c                USBD_CtlContinueSendData
 .text.USBD_CtlPrepareRx
                0x0800716c       0x20 Middlewares\ST\STM32_USB_Device_Library\Core\Src\usbd_ioreq.o
                0x0800716c                USBD_CtlPrepareRx
 .text.USBD_CtlContinueRx
                0x0800718c       0x10 Middlewares\ST\STM32_USB_Device_Library\Core\Src\usbd_ioreq.o
                0x0800718c                USBD_CtlContinueRx
 .text.USBD_CtlSendStatus
                0x0800719c       0x18 Middlewares\ST\STM32_USB_Device_Library\Core\Src\usbd_ioreq.o
                0x0800719c                USBD_CtlSendStatus
 .text.USBD_CtlReceiveStatus
                0x080071b4       0x18 Middlewares\ST\STM32_USB_Device_Library\Core\Src\usbd_ioreq.o
                0x080071b4                USBD_CtlReceiveStatus
 .text.MX_USB_DEVICE_Init
                0x080071cc       0x5c USB_DEVICE\App\usb_device.o
                0x080071cc                MX_USB_DEVICE_Init
 .text.CUSTOM_HID_Init_FS
                0x08007228        0x4 USB_DEVICE\App\usbd_custom_hid_if.o
 .text.CUSTOM_HID_DeInit_FS
                0x0800722c        0x4 USB_DEVICE\App\usbd_custom_hid_if.o
 .text.CUSTOM_HID_OutEvent_FS
                0x08007230        0x6 USB_DEVICE\App\usbd_custom_hid_if.o
 *fill*         0x08007236        0x2 
 .text.USBD_FS_DeviceDescriptor
                0x08007238        0xc USB_DEVICE\App\usbd_desc.o
                0x08007238                USBD_FS_DeviceDescriptor
 .text.USBD_FS_LangIDStrDescriptor
                0x08007244        0xc USB_DEVICE\App\usbd_desc.o
                0x08007244                USBD_FS_LangIDStrDescriptor
 .text.IntToUnicode
                0x08007250       0x30 USB_DEVICE\App\usbd_desc.o
 .text.Get_SerialNum
                0x08007280       0x40 USB_DEVICE\App\usbd_desc.o
 .text.USBD_FS_SerialStrDescriptor
                0x080072c0       0x14 USB_DEVICE\App\usbd_desc.o
                0x080072c0                USBD_FS_SerialStrDescriptor
 .text.USBD_FS_ProductStrDescriptor
                0x080072d4       0x28 USB_DEVICE\App\usbd_desc.o
                0x080072d4                USBD_FS_ProductStrDescriptor
 .text.USBD_FS_ManufacturerStrDescriptor
                0x080072fc       0x1c USB_DEVICE\App\usbd_desc.o
                0x080072fc                USBD_FS_ManufacturerStrDescriptor
 .text.USBD_FS_ConfigStrDescriptor
                0x08007318       0x28 USB_DEVICE\App\usbd_desc.o
                0x08007318                USBD_FS_ConfigStrDescriptor
 .text.USBD_FS_InterfaceStrDescriptor
                0x08007340       0x28 USB_DEVICE\App\usbd_desc.o
                0x08007340                USBD_FS_InterfaceStrDescriptor
 .text.USBD_Get_USB_Status
                0x08007368       0x14 USB_DEVICE\Target\usbd_conf.o
 .text.SystemClockConfig_Resume
                0x0800737c        0x8 USB_DEVICE\Target\usbd_conf.o
 .text.HAL_PCD_MspInit
                0x08007384       0x40 USB_DEVICE\Target\usbd_conf.o
                0x08007384                HAL_PCD_MspInit
 .text.HAL_PCD_SetupStageCallback
                0x080073c4       0x14 USB_DEVICE\Target\usbd_conf.o
                0x080073c4                HAL_PCD_SetupStageCallback
 .text.HAL_PCD_DataOutStageCallback
                0x080073d8       0x1e USB_DEVICE\Target\usbd_conf.o
                0x080073d8                HAL_PCD_DataOutStageCallback
 .text.HAL_PCD_DataInStageCallback
                0x080073f6       0x1a USB_DEVICE\Target\usbd_conf.o
                0x080073f6                HAL_PCD_DataInStageCallback
 .text.HAL_PCD_SOFCallback
                0x08007410        0xe USB_DEVICE\Target\usbd_conf.o
                0x08007410                HAL_PCD_SOFCallback
 .text.HAL_PCD_ResetCallback
                0x0800741e       0x22 USB_DEVICE\Target\usbd_conf.o
                0x0800741e                HAL_PCD_ResetCallback
 .text.HAL_PCD_SuspendCallback
                0x08007440       0x24 USB_DEVICE\Target\usbd_conf.o
                0x08007440                HAL_PCD_SuspendCallback
 .text.HAL_PCD_ResumeCallback
                0x08007464       0x2c USB_DEVICE\Target\usbd_conf.o
                0x08007464                HAL_PCD_ResumeCallback
 .text.USBD_LL_Init
                0x08007490       0x74 USB_DEVICE\Target\usbd_conf.o
                0x08007490                USBD_LL_Init
 .text.USBD_LL_Start
                0x08007504       0x12 USB_DEVICE\Target\usbd_conf.o
                0x08007504                USBD_LL_Start
 .text.USBD_LL_OpenEP
                0x08007516       0x18 USB_DEVICE\Target\usbd_conf.o
                0x08007516                USBD_LL_OpenEP
 .text.USBD_LL_CloseEP
                0x0800752e       0x12 USB_DEVICE\Target\usbd_conf.o
                0x0800752e                USBD_LL_CloseEP
 .text.USBD_LL_StallEP
                0x08007540       0x12 USB_DEVICE\Target\usbd_conf.o
                0x08007540                USBD_LL_StallEP
 .text.USBD_LL_ClearStallEP
                0x08007552       0x12 USB_DEVICE\Target\usbd_conf.o
                0x08007552                USBD_LL_ClearStallEP
 .text.USBD_LL_IsStallEP
                0x08007564       0x34 USB_DEVICE\Target\usbd_conf.o
                0x08007564                USBD_LL_IsStallEP
 .text.USBD_LL_SetUSBAddress
                0x08007598       0x12 USB_DEVICE\Target\usbd_conf.o
                0x08007598                USBD_LL_SetUSBAddress
 .text.USBD_LL_Transmit
                0x080075aa       0x12 USB_DEVICE\Target\usbd_conf.o
                0x080075aa                USBD_LL_Transmit
 .text.USBD_LL_PrepareReceive
                0x080075bc       0x12 USB_DEVICE\Target\usbd_conf.o
                0x080075bc                USBD_LL_PrepareReceive
 *fill*         0x080075ce        0x2 
 .text.USBD_static_malloc
                0x080075d0        0x8 USB_DEVICE\Target\usbd_conf.o
                0x080075d0                USBD_static_malloc
 .text.USBD_static_free
                0x080075d8        0x2 USB_DEVICE\Target\usbd_conf.o
                0x080075d8                USBD_static_free
 *fill*         0x080075da        0x2 
 .text.Reset_Handler
                0x080075dc       0x50 startup\startup_stm32f072xb.o
                0x080075dc                Reset_Handler
 .text.Default_Handler
                0x0800762c        0x2 startup\startup_stm32f072xb.o
                0x0800762c                TIM1_CC_IRQHandler
                0x0800762c                TSC_IRQHandler
                0x0800762c                ADC1_COMP_IRQHandler
                0x0800762c                I2C1_IRQHandler
                0x0800762c                SPI1_IRQHandler
                0x0800762c                USART3_4_IRQHandler
                0x0800762c                EXTI2_3_IRQHandler
                0x0800762c                I2C2_IRQHandler
                0x0800762c                TIM17_IRQHandler
                0x0800762c                CEC_CAN_IRQHandler
                0x0800762c                RTC_IRQHandler
                0x0800762c                PVD_VDDIO2_IRQHandler
                0x0800762c                TIM16_IRQHandler
                0x0800762c                TIM3_IRQHandler
                0x0800762c                DMA1_Channel1_IRQHandler
                0x0800762c                Default_Handler
                0x0800762c                TIM14_IRQHandler
                0x0800762c                TIM7_IRQHandler
                0x0800762c                TIM15_IRQHandler
                0x0800762c                EXTI0_1_IRQHandler
                0x0800762c                SPI2_IRQHandler
                0x0800762c                WWDG_IRQHandler
                0x0800762c                TIM2_IRQHandler
                0x0800762c                DMA1_Channel2_3_IRQHandler
                0x0800762c                USART2_IRQHandler
                0x0800762c                FLASH_IRQHandler
                0x0800762c                USART1_IRQHandler
                0x0800762c                TIM1_BRK_UP_TRG_COM_IRQHandler
 *fill*         0x0800762e        0x2 
 .text.__errno  0x08007630        0xc c:/program files (x86)/atollic/truestudio for stm32 9.3.0/armtools/bin/../lib/gcc/arm-atollic-eabi/6.3.1/../../../../arm-atollic-eabi/lib/armv6-m\libc_nano.a(lib_a-errno.o)
                0x08007630                __errno
 .text.__libc_init_array
                0x0800763c       0x48 c:/program files (x86)/atollic/truestudio for stm32 9.3.0/armtools/bin/../lib/gcc/arm-atollic-eabi/6.3.1/../../../../arm-atollic-eabi/lib/armv6-m\libc_nano.a(lib_a-init.o)
                0x0800763c                __libc_init_array
 .text.malloc   0x08007684       0x14 c:/program files (x86)/atollic/truestudio for stm32 9.3.0/armtools/bin/../lib/gcc/arm-atollic-eabi/6.3.1/../../../../arm-atollic-eabi/lib/armv6-m\libc_nano.a(lib_a-malloc.o)
                0x08007684                malloc
 .text.free     0x08007698       0x14 c:/program files (x86)/atollic/truestudio for stm32 9.3.0/armtools/bin/../lib/gcc/arm-atollic-eabi/6.3.1/../../../../arm-atollic-eabi/lib/armv6-m\libc_nano.a(lib_a-malloc.o)
                0x08007698                free
 .text.memcpy   0x080076ac       0x12 c:/program files (x86)/atollic/truestudio for stm32 9.3.0/armtools/bin/../lib/gcc/arm-atollic-eabi/6.3.1/../../../../arm-atollic-eabi/lib/armv6-m\libc_nano.a(lib_a-memcpy-stub.o)
                0x080076ac                memcpy
 .text.memset   0x080076be       0x10 c:/program files (x86)/atollic/truestudio for stm32 9.3.0/armtools/bin/../lib/gcc/arm-atollic-eabi/6.3.1/../../../../arm-atollic-eabi/lib/armv6-m\libc_nano.a(lib_a-memset.o)
                0x080076be                memset
 *fill*         0x080076ce        0x2 
 .text._free_r  0x080076d0       0x94 c:/program files (x86)/atollic/truestudio for stm32 9.3.0/armtools/bin/../lib/gcc/arm-atollic-eabi/6.3.1/../../../../arm-atollic-eabi/lib/armv6-m\libc_nano.a(lib_a-nano-freer.o)
                0x080076d0                _free_r
 .text._malloc_r
                0x08007764       0xbc c:/program files (x86)/atollic/truestudio for stm32 9.3.0/armtools/bin/../lib/gcc/arm-atollic-eabi/6.3.1/../../../../arm-atollic-eabi/lib/armv6-m\libc_nano.a(lib_a-nano-mallocr.o)
                0x08007764                _malloc_r
 .text._sbrk_r  0x08007820       0x24 c:/program files (x86)/atollic/truestudio for stm32 9.3.0/armtools/bin/../lib/gcc/arm-atollic-eabi/6.3.1/../../../../arm-atollic-eabi/lib/armv6-m\libc_nano.a(lib_a-sbrkr.o)
                0x08007820                _sbrk_r
 .text.__malloc_lock
                0x08007844        0x2 c:/program files (x86)/atollic/truestudio for stm32 9.3.0/armtools/bin/../lib/gcc/arm-atollic-eabi/6.3.1/../../../../arm-atollic-eabi/lib/armv6-m\libc_nano.a(lib_a-mlock.o)
                0x08007844                __malloc_lock
 .text.__malloc_unlock
                0x08007846        0x2 c:/program files (x86)/atollic/truestudio for stm32 9.3.0/armtools/bin/../lib/gcc/arm-atollic-eabi/6.3.1/../../../../arm-atollic-eabi/lib/armv6-m\libc_nano.a(lib_a-mlock.o)
                0x08007846                __malloc_unlock
 .text.atan     0x08007848      0x310 c:/program files (x86)/atollic/truestudio for stm32 9.3.0/armtools/bin/../lib/gcc/arm-atollic-eabi/6.3.1/../../../../arm-atollic-eabi/lib/armv6-m\libm.a(lib_a-s_atan.o)
                0x08007848                atan
 .text.cos      0x08007b58       0x84 c:/program files (x86)/atollic/truestudio for stm32 9.3.0/armtools/bin/../lib/gcc/arm-atollic-eabi/6.3.1/../../../../arm-atollic-eabi/lib/armv6-m\libm.a(lib_a-s_cos.o)
                0x08007b58                cos
 .text.fabs     0x08007bdc        0x8 c:/program files (x86)/atollic/truestudio for stm32 9.3.0/armtools/bin/../lib/gcc/arm-atollic-eabi/6.3.1/../../../../arm-atollic-eabi/lib/armv6-m\libm.a(lib_a-s_fabs.o)
                0x08007bdc                fabs
 .text.sin      0x08007be4       0x8c c:/program files (x86)/atollic/truestudio for stm32 9.3.0/armtools/bin/../lib/gcc/arm-atollic-eabi/6.3.1/../../../../arm-atollic-eabi/lib/armv6-m\libm.a(lib_a-s_sin.o)
                0x08007be4                sin
 .text.__ieee754_rem_pio2
                0x08007c70      0x3c8 c:/program files (x86)/atollic/truestudio for stm32 9.3.0/armtools/bin/../lib/gcc/arm-atollic-eabi/6.3.1/../../../../arm-atollic-eabi/lib/armv6-m\libm.a(lib_a-e_rem_pio2.o)
                0x08007c70                __ieee754_rem_pio2
 .text.__kernel_cos
                0x08008038      0x1b8 c:/program files (x86)/atollic/truestudio for stm32 9.3.0/armtools/bin/../lib/gcc/arm-atollic-eabi/6.3.1/../../../../arm-atollic-eabi/lib/armv6-m\libm.a(lib_a-k_cos.o)
                0x08008038                __kernel_cos
 .text.__kernel_rem_pio2
                0x080081f0      0x6e8 c:/program files (x86)/atollic/truestudio for stm32 9.3.0/armtools/bin/../lib/gcc/arm-atollic-eabi/6.3.1/../../../../arm-atollic-eabi/lib/armv6-m\libm.a(lib_a-k_rem_pio2.o)
                0x080081f0                __kernel_rem_pio2
 .text.__kernel_sin
                0x080088d8      0x15c c:/program files (x86)/atollic/truestudio for stm32 9.3.0/armtools/bin/../lib/gcc/arm-atollic-eabi/6.3.1/../../../../arm-atollic-eabi/lib/armv6-m\libm.a(lib_a-k_sin.o)
                0x080088d8                __kernel_sin
 .text.floor    0x08008a34      0x104 c:/program files (x86)/atollic/truestudio for stm32 9.3.0/armtools/bin/../lib/gcc/arm-atollic-eabi/6.3.1/../../../../arm-atollic-eabi/lib/armv6-m\libm.a(lib_a-s_floor.o)
                0x08008a34                floor
 .text.scalbn   0x08008b38       0xc8 c:/program files (x86)/atollic/truestudio for stm32 9.3.0/armtools/bin/../lib/gcc/arm-atollic-eabi/6.3.1/../../../../arm-atollic-eabi/lib/armv6-m\libm.a(lib_a-s_scalbn.o)
                0x08008b38                scalbn
 .text.copysign
                0x08008c00       0x10 c:/program files (x86)/atollic/truestudio for stm32 9.3.0/armtools/bin/../lib/gcc/arm-atollic-eabi/6.3.1/../../../../arm-atollic-eabi/lib/armv6-m\libm.a(lib_a-s_copysign.o)
                0x08008c00                copysign
 *(.glue_7)
 .glue_7        0x08008c10        0x0 linker stubs
 *(.glue_7t)
 .glue_7t       0x08008c10        0x0 linker stubs
 *(.eh_frame)
 .eh_frame      0x08008c10        0x0 c:/program files (x86)/atollic/truestudio for stm32 9.3.0/armtools/bin/../lib/gcc/arm-atollic-eabi/6.3.1/armv6-m/crtbegin.o
 *(.init)
 .init          0x08008c10        0x4 c:/program files (x86)/atollic/truestudio for stm32 9.3.0/armtools/bin/../lib/gcc/arm-atollic-eabi/6.3.1/armv6-m/crti.o
                0x08008c10                _init
 .init          0x08008c14        0x8 c:/program files (x86)/atollic/truestudio for stm32 9.3.0/armtools/bin/../lib/gcc/arm-atollic-eabi/6.3.1/armv6-m/crtn.o
 *(.fini)
 .fini          0x08008c1c        0x4 c:/program files (x86)/atollic/truestudio for stm32 9.3.0/armtools/bin/../lib/gcc/arm-atollic-eabi/6.3.1/armv6-m/crti.o
                0x08008c1c                _fini
 .fini          0x08008c20        0x8 c:/program files (x86)/atollic/truestudio for stm32 9.3.0/armtools/bin/../lib/gcc/arm-atollic-eabi/6.3.1/armv6-m/crtn.o
                0x08008c28                . = ALIGN (0x4)
                0x08008c28                _etext = .

.vfp11_veneer   0x08008c28        0x0
 .vfp11_veneer  0x08008c28        0x0 linker stubs

.v4_bx          0x08008c28        0x0
 .v4_bx         0x08008c28        0x0 linker stubs

.iplt           0x08008c28        0x0
 .iplt          0x08008c28        0x0 c:/program files (x86)/atollic/truestudio for stm32 9.3.0/armtools/bin/../lib/gcc/arm-atollic-eabi/6.3.1/armv6-m/crtbegin.o

.rodata         0x08008c28      0x430
                0x08008c28                . = ALIGN (0x4)
 *(.rodata)
 .rodata        0x08008c28       0x20 Drivers\STM32F0xx_HAL_Driver\Src\stm32f0xx_hal_rcc.o
 .rodata        0x08008c48       0x80 c:/program files (x86)/atollic/truestudio for stm32 9.3.0/armtools/bin/../lib/gcc/arm-atollic-eabi/6.3.1/armv6-m\libgcc.a(divsf3.o)
 .rodata        0x08008cc8       0x40 c:/program files (x86)/atollic/truestudio for stm32 9.3.0/armtools/bin/../lib/gcc/arm-atollic-eabi/6.3.1/armv6-m\libgcc.a(divdf3.o)
 .rodata        0x08008d08       0x40 c:/program files (x86)/atollic/truestudio for stm32 9.3.0/armtools/bin/../lib/gcc/arm-atollic-eabi/6.3.1/armv6-m\libgcc.a(muldf3.o)
 *(.rodata*)
 .rodata.AHBPrescTable
                0x08008d48       0x10 Core\Src\system_stm32f0xx.o
                0x08008d48                AHBPrescTable
 .rodata.APBPrescTable
                0x08008d58        0x8 Core\Src\system_stm32f0xx.o
                0x08008d58                APBPrescTable
 .rodata.USBD_CUSTOM_HID_Setup
                0x08008d60       0x30 Middlewares\ST\STM32_USB_Device_Library\Class\CustomHID\Src\usbd_customhid.o
 .rodata.USBD_GetDescriptor
                0x08008d90       0x38 Middlewares\ST\STM32_USB_Device_Library\Core\Src\usbd_ctlreq.o
 .rodata.USBD_StdDevReq
                0x08008dc8       0x28 Middlewares\ST\STM32_USB_Device_Library\Core\Src\usbd_ctlreq.o
 .rodata.USBD_FS_ConfigStrDescriptor.str1.4
                0x08008df0       0x14 USB_DEVICE\App\usbd_desc.o
 .rodata.USBD_FS_InterfaceStrDescriptor.str1.4
                0x08008e04       0x17 USB_DEVICE\App\usbd_desc.o
 *fill*         0x08008e1b        0x1 
 .rodata.USBD_FS_ManufacturerStrDescriptor.str1.4
                0x08008e1c       0x13 USB_DEVICE\App\usbd_desc.o
 *fill*         0x08008e2f        0x1 
 .rodata.USBD_FS_ProductStrDescriptor.str1.4
                0x08008e30       0x10 USB_DEVICE\App\usbd_desc.o
                                  0xd (size before relaxing)
 .rodata.atanhi
                0x08008e40       0x20 c:/program files (x86)/atollic/truestudio for stm32 9.3.0/armtools/bin/../lib/gcc/arm-atollic-eabi/6.3.1/../../../../arm-atollic-eabi/lib/armv6-m\libm.a(lib_a-s_atan.o)
 .rodata.atanlo
                0x08008e60       0x20 c:/program files (x86)/atollic/truestudio for stm32 9.3.0/armtools/bin/../lib/gcc/arm-atollic-eabi/6.3.1/../../../../arm-atollic-eabi/lib/armv6-m\libm.a(lib_a-s_atan.o)
 .rodata.npio2_hw
                0x08008e80       0x80 c:/program files (x86)/atollic/truestudio for stm32 9.3.0/armtools/bin/../lib/gcc/arm-atollic-eabi/6.3.1/../../../../arm-atollic-eabi/lib/armv6-m\libm.a(lib_a-e_rem_pio2.o)
 .rodata.two_over_pi
                0x08008f00      0x108 c:/program files (x86)/atollic/truestudio for stm32 9.3.0/armtools/bin/../lib/gcc/arm-atollic-eabi/6.3.1/../../../../arm-atollic-eabi/lib/armv6-m\libm.a(lib_a-e_rem_pio2.o)
 .rodata.PIo2   0x08009008       0x40 c:/program files (x86)/atollic/truestudio for stm32 9.3.0/armtools/bin/../lib/gcc/arm-atollic-eabi/6.3.1/../../../../arm-atollic-eabi/lib/armv6-m\libm.a(lib_a-k_rem_pio2.o)
 .rodata.init_jk
                0x08009048       0x10 c:/program files (x86)/atollic/truestudio for stm32 9.3.0/armtools/bin/../lib/gcc/arm-atollic-eabi/6.3.1/../../../../arm-atollic-eabi/lib/armv6-m\libm.a(lib_a-k_rem_pio2.o)
                0x08009058                . = ALIGN (0x4)

.rel.dyn        0x08009058        0x0
 .rel.iplt      0x08009058        0x0 c:/program files (x86)/atollic/truestudio for stm32 9.3.0/armtools/bin/../lib/gcc/arm-atollic-eabi/6.3.1/armv6-m/crtbegin.o

.ARM.extab
 *(.ARM.extab* .gnu.linkonce.armextab.*)

.ARM            0x08009058        0x0
                0x08009058                __exidx_start = .
 *(.ARM.exidx*)
                0x08009058                __exidx_end = .

.preinit_array  0x08009058        0x0
                0x08009058                PROVIDE (__preinit_array_start, .)
 *(.preinit_array*)
                0x08009058                PROVIDE (__preinit_array_end, .)

.init_array     0x08009058        0x4
                0x08009058                PROVIDE (__init_array_start, .)
 *(SORT(.init_array.*))
 *(.init_array*)
 .init_array    0x08009058        0x4 c:/program files (x86)/atollic/truestudio for stm32 9.3.0/armtools/bin/../lib/gcc/arm-atollic-eabi/6.3.1/armv6-m/crtbegin.o
                0x0800905c                PROVIDE (__init_array_end, .)

.fini_array     0x0800905c        0x4
                [!provide]                PROVIDE (__fini_array_start, .)
 *(SORT(.fini_array.*))
 *(.fini_array*)
 .fini_array    0x0800905c        0x4 c:/program files (x86)/atollic/truestudio for stm32 9.3.0/armtools/bin/../lib/gcc/arm-atollic-eabi/6.3.1/armv6-m/crtbegin.o
                [!provide]                PROVIDE (__fini_array_end, .)
                0x08009060                _sidata = LOADADDR (.data)

.data           0x20000000      0x194 load address 0x08009060
                0x20000000                . = ALIGN (0x4)
                0x20000000                _sdata = .
 *(.data)
 *(.data*)
 .data.SystemCoreClock
                0x20000000        0x4 Core\Src\system_stm32f0xx.o
                0x20000000                SystemCoreClock
 .data.USBD_CUSTOM_HID
                0x20000004       0x3c Middlewares\ST\STM32_USB_Device_Library\Class\CustomHID\Src\usbd_customhid.o
                0x20000004                USBD_CUSTOM_HID
 .data.USBD_CUSTOM_HID_CfgDesc
                0x20000040       0x29 Middlewares\ST\STM32_USB_Device_Library\Class\CustomHID\Src\usbd_customhid.o
 *fill*         0x20000069        0x3 
 .data.USBD_CUSTOM_HID_Desc
                0x2000006c        0x9 Middlewares\ST\STM32_USB_Device_Library\Class\CustomHID\Src\usbd_customhid.o
 *fill*         0x20000075        0x3 
 .data.USBD_CUSTOM_HID_DeviceQualifierDesc
                0x20000078        0xa Middlewares\ST\STM32_USB_Device_Library\Class\CustomHID\Src\usbd_customhid.o
 *fill*         0x20000082        0x2 
 .data.CUSTOM_HID_ReportDesc_FS
                0x20000084       0x4a USB_DEVICE\App\usbd_custom_hid_if.o
 *fill*         0x200000ce        0x2 
 .data.USBD_CustomHID_fops_FS
                0x200000d0       0x10 USB_DEVICE\App\usbd_custom_hid_if.o
                0x200000d0                USBD_CustomHID_fops_FS
 .data.FS_Desc  0x200000e0       0x1c USB_DEVICE\App\usbd_desc.o
                0x200000e0                FS_Desc
 .data.USBD_FS_DeviceDesc
                0x200000fc       0x12 USB_DEVICE\App\usbd_desc.o
                0x200000fc                USBD_FS_DeviceDesc
 *fill*         0x2000010e        0x2 
 .data.USBD_LangIDDesc
                0x20000110        0x4 USB_DEVICE\App\usbd_desc.o
                0x20000110                USBD_LangIDDesc
 .data.USBD_StringSerial
                0x20000114       0x1a USB_DEVICE\App\usbd_desc.o
                0x20000114                USBD_StringSerial
 *fill*         0x2000012e        0x2 
 .data._impure_ptr
                0x20000130        0x4 c:/program files (x86)/atollic/truestudio for stm32 9.3.0/armtools/bin/../lib/gcc/arm-atollic-eabi/6.3.1/../../../../arm-atollic-eabi/lib/armv6-m\libc_nano.a(lib_a-impure.o)
                0x20000130                _impure_ptr
 .data.impure_data
                0x20000134       0x60 c:/program files (x86)/atollic/truestudio for stm32 9.3.0/armtools/bin/../lib/gcc/arm-atollic-eabi/6.3.1/../../../../arm-atollic-eabi/lib/armv6-m\libc_nano.a(lib_a-impure.o)
                0x20000194                . = ALIGN (0x4)
                0x20000194                _edata = .

.igot.plt       0x20000194        0x0 load address 0x080091f4
 .igot.plt      0x20000194        0x0 c:/program files (x86)/atollic/truestudio for stm32 9.3.0/armtools/bin/../lib/gcc/arm-atollic-eabi/6.3.1/armv6-m/crtbegin.o
                0x20000194                . = ALIGN (0x4)

.bss            0x20000194      0x89c load address 0x080091f4
                0x20000194                _sbss = .
                0x20000194                __bss_start__ = _sbss
 *(.bss)
 .bss           0x20000194       0x1c c:/program files (x86)/atollic/truestudio for stm32 9.3.0/armtools/bin/../lib/gcc/arm-atollic-eabi/6.3.1/armv6-m/crtbegin.o
 *(.bss*)
 .bss.heap_end.5887
                0x200001b0        0x4 Core\Src\syscalls.o
 .bss.cfgidx.8088
                0x200001b4        0x1 Middlewares\ST\STM32_USB_Device_Library\Core\Src\usbd_ctlreq.o
 *fill*         0x200001b5        0x3 
 .bss.mem.8160  0x200001b8       0x58 USB_DEVICE\Target\usbd_conf.o
 .bss.__malloc_free_list
                0x20000210        0x4 c:/program files (x86)/atollic/truestudio for stm32 9.3.0/armtools/bin/../lib/gcc/arm-atollic-eabi/6.3.1/../../../../arm-atollic-eabi/lib/armv6-m\libc_nano.a(lib_a-nano-mallocr.o)
                0x20000210                __malloc_free_list
 .bss.__malloc_sbrk_start
                0x20000214        0x4 c:/program files (x86)/atollic/truestudio for stm32 9.3.0/armtools/bin/../lib/gcc/arm-atollic-eabi/6.3.1/../../../../arm-atollic-eabi/lib/armv6-m\libc_nano.a(lib_a-nano-mallocr.o)
                0x20000214                __malloc_sbrk_start
 *(COMMON)
 COMMON         0x20000218       0x44 Core\Src\OJ_Main.o
                0x20000218                sysDataTLE
                0x20000258                tleValues
 COMMON         0x2000025c      0x145 Core\Src\main.o
                0x2000025c                hspi2
                0x200002c0                hdma_spi2_rx
                0x20000304                joyStates
                0x2000030c                htim3
                0x2000034c                tleTemp
                0x20000350                tempUSBBuf
                0x20000358                hdma_spi2_tx
                0x2000039c                resultAngle
                0x200003a0                ret
 *fill*         0x200003a1        0x3 
 COMMON         0x200003a4       0x40 Core\Src\stm32f0xx_hal_timebase_tim.o
                0x200003a4                htim6
 COMMON         0x200003e4        0x4 Drivers\STM32F0xx_HAL_Driver\Src\stm32f0xx_hal.o
                0x200003e4                uwTick
 COMMON         0x200003e8      0x224 USB_DEVICE\App\usb_device.o
                0x200003e8                hUsbDeviceFS
 COMMON         0x2000060c      0x200 USB_DEVICE\App\usbd_desc.o
                0x2000060c                USBD_StrDesc
 COMMON         0x2000080c      0x220 USB_DEVICE\Target\usbd_conf.o
                0x2000080c                hpcd_USB_FS
 COMMON         0x20000a2c        0x4 c:/program files (x86)/atollic/truestudio for stm32 9.3.0/armtools/bin/../lib/gcc/arm-atollic-eabi/6.3.1/../../../../arm-atollic-eabi/lib/armv6-m\libc_nano.a(lib_a-reent.o)
                0x20000a2c                errno
                0x20000a30                . = ALIGN (0x4)
                0x20000a30                _ebss = .
                0x20000a30                __bss_end__ = _ebss

._user_heap_stack
                0x20000a30      0x600 load address 0x080091f4
                0x20000a30                . = ALIGN (0x4)
                0x20000a30                PROVIDE (end, .)
                [!provide]                PROVIDE (_end, .)
                0x20000c30                . = (. + _Min_Heap_Size)
 *fill*         0x20000a30      0x200 
                0x20001030                . = (. + _Min_Stack_Size)
 *fill*         0x20000c30      0x400 
                0x20001030                . = ALIGN (0x4)

/DISCARD/
 libc.a(*)
 libm.a(*)
 libgcc.a(*)

.ARM.attributes
                0x00000000       0x28
 *(.ARM.attributes)
 .ARM.attributes
                0x00000000       0x1e c:/program files (x86)/atollic/truestudio for stm32 9.3.0/armtools/bin/../lib/gcc/arm-atollic-eabi/6.3.1/armv6-m/crti.o
 .ARM.attributes
                0x0000001e       0x2c c:/program files (x86)/atollic/truestudio for stm32 9.3.0/armtools/bin/../lib/gcc/arm-atollic-eabi/6.3.1/armv6-m/crtbegin.o
 .ARM.attributes
                0x0000004a       0x31 Core\Src\OJ_Main.o
 .ARM.attributes
                0x0000007b       0x31 Core\Src\OJ_TLE.o
 .ARM.attributes
                0x000000ac       0x31 Core\Src\main.o
 .ARM.attributes
                0x000000dd       0x31 Core\Src\stm32f0xx_hal_msp.o
 .ARM.attributes
                0x0000010e       0x31 Core\Src\stm32f0xx_hal_timebase_tim.o
 .ARM.attributes
                0x0000013f       0x31 Core\Src\stm32f0xx_it.o
 .ARM.attributes
                0x00000170       0x31 Core\Src\syscalls.o
 .ARM.attributes
                0x000001a1       0x31 Core\Src\system_stm32f0xx.o
 .ARM.attributes
                0x000001d2       0x31 Drivers\STM32F0xx_HAL_Driver\Src\stm32f0xx_hal.o
 .ARM.attributes
                0x00000203       0x31 Drivers\STM32F0xx_HAL_Driver\Src\stm32f0xx_hal_cortex.o
 .ARM.attributes
                0x00000234       0x31 Drivers\STM32F0xx_HAL_Driver\Src\stm32f0xx_hal_dma.o
 .ARM.attributes
                0x00000265       0x31 Drivers\STM32F0xx_HAL_Driver\Src\stm32f0xx_hal_gpio.o
 .ARM.attributes
                0x00000296       0x31 Drivers\STM32F0xx_HAL_Driver\Src\stm32f0xx_hal_pcd.o
 .ARM.attributes
                0x000002c7       0x31 Drivers\STM32F0xx_HAL_Driver\Src\stm32f0xx_hal_pcd_ex.o
 .ARM.attributes
                0x000002f8       0x31 Drivers\STM32F0xx_HAL_Driver\Src\stm32f0xx_hal_rcc.o
 .ARM.attributes
                0x00000329       0x31 Drivers\STM32F0xx_HAL_Driver\Src\stm32f0xx_hal_rcc_ex.o
 .ARM.attributes
                0x0000035a       0x31 Drivers\STM32F0xx_HAL_Driver\Src\stm32f0xx_hal_spi.o
 .ARM.attributes
                0x0000038b       0x31 Drivers\STM32F0xx_HAL_Driver\Src\stm32f0xx_hal_tim.o
 .ARM.attributes
                0x000003bc       0x31 Drivers\STM32F0xx_HAL_Driver\Src\stm32f0xx_hal_tim_ex.o
 .ARM.attributes
                0x000003ed       0x31 Middlewares\ST\STM32_USB_Device_Library\Class\CustomHID\Src\usbd_customhid.o
 .ARM.attributes
                0x0000041e       0x31 Middlewares\ST\STM32_USB_Device_Library\Core\Src\usbd_core.o
 .ARM.attributes
                0x0000044f       0x31 Middlewares\ST\STM32_USB_Device_Library\Core\Src\usbd_ctlreq.o
 .ARM.attributes
                0x00000480       0x31 Middlewares\ST\STM32_USB_Device_Library\Core\Src\usbd_ioreq.o
 .ARM.attributes
                0x000004b1       0x31 USB_DEVICE\App\usb_device.o
 .ARM.attributes
                0x000004e2       0x31 USB_DEVICE\App\usbd_custom_hid_if.o
 .ARM.attributes
                0x00000513       0x31 USB_DEVICE\App\usbd_desc.o
 .ARM.attributes
                0x00000544       0x31 USB_DEVICE\Target\usbd_conf.o
 .ARM.attributes
                0x00000575       0x21 startup\startup_stm32f072xb.o
 .ARM.attributes
                0x00000596       0x2c c:/program files (x86)/atollic/truestudio for stm32 9.3.0/armtools/bin/../lib/gcc/arm-atollic-eabi/6.3.1/../../../../arm-atollic-eabi/lib/armv6-m\libc_nano.a(lib_a-errno.o)
 .ARM.attributes
                0x000005c2       0x2c c:/program files (x86)/atollic/truestudio for stm32 9.3.0/armtools/bin/../lib/gcc/arm-atollic-eabi/6.3.1/../../../../arm-atollic-eabi/lib/armv6-m\libc_nano.a(lib_a-impure.o)
 .ARM.attributes
                0x000005ee       0x2c c:/program files (x86)/atollic/truestudio for stm32 9.3.0/armtools/bin/../lib/gcc/arm-atollic-eabi/6.3.1/../../../../arm-atollic-eabi/lib/armv6-m\libc_nano.a(lib_a-init.o)
 .ARM.attributes
                0x0000061a       0x2c c:/program files (x86)/atollic/truestudio for stm32 9.3.0/armtools/bin/../lib/gcc/arm-atollic-eabi/6.3.1/../../../../arm-atollic-eabi/lib/armv6-m\libc_nano.a(lib_a-malloc.o)
 .ARM.attributes
                0x00000646       0x2c c:/program files (x86)/atollic/truestudio for stm32 9.3.0/armtools/bin/../lib/gcc/arm-atollic-eabi/6.3.1/../../../../arm-atollic-eabi/lib/armv6-m\libc_nano.a(lib_a-memcpy-stub.o)
 .ARM.attributes
                0x00000672       0x2c c:/program files (x86)/atollic/truestudio for stm32 9.3.0/armtools/bin/../lib/gcc/arm-atollic-eabi/6.3.1/../../../../arm-atollic-eabi/lib/armv6-m\libc_nano.a(lib_a-memset.o)
 .ARM.attributes
                0x0000069e       0x2c c:/program files (x86)/atollic/truestudio for stm32 9.3.0/armtools/bin/../lib/gcc/arm-atollic-eabi/6.3.1/../../../../arm-atollic-eabi/lib/armv6-m\libc_nano.a(lib_a-nano-freer.o)
 .ARM.attributes
                0x000006ca       0x2c c:/program files (x86)/atollic/truestudio for stm32 9.3.0/armtools/bin/../lib/gcc/arm-atollic-eabi/6.3.1/../../../../arm-atollic-eabi/lib/armv6-m\libc_nano.a(lib_a-nano-mallocr.o)
 .ARM.attributes
                0x000006f6       0x2c c:/program files (x86)/atollic/truestudio for stm32 9.3.0/armtools/bin/../lib/gcc/arm-atollic-eabi/6.3.1/../../../../arm-atollic-eabi/lib/armv6-m\libc_nano.a(lib_a-sbrkr.o)
 .ARM.attributes
                0x00000722       0x2c c:/program files (x86)/atollic/truestudio for stm32 9.3.0/armtools/bin/../lib/gcc/arm-atollic-eabi/6.3.1/../../../../arm-atollic-eabi/lib/armv6-m\libc_nano.a(lib_a-mlock.o)
 .ARM.attributes
                0x0000074e       0x2c c:/program files (x86)/atollic/truestudio for stm32 9.3.0/armtools/bin/../lib/gcc/arm-atollic-eabi/6.3.1/../../../../arm-atollic-eabi/lib/armv6-m\libc_nano.a(lib_a-reent.o)
 .ARM.attributes
                0x0000077a       0x2c c:/program files (x86)/atollic/truestudio for stm32 9.3.0/armtools/bin/../lib/gcc/arm-atollic-eabi/6.3.1/../../../../arm-atollic-eabi/lib/armv6-m\libm.a(lib_a-s_atan.o)
 .ARM.attributes
                0x000007a6       0x2c c:/program files (x86)/atollic/truestudio for stm32 9.3.0/armtools/bin/../lib/gcc/arm-atollic-eabi/6.3.1/../../../../arm-atollic-eabi/lib/armv6-m\libm.a(lib_a-s_cos.o)
 .ARM.attributes
                0x000007d2       0x2c c:/program files (x86)/atollic/truestudio for stm32 9.3.0/armtools/bin/../lib/gcc/arm-atollic-eabi/6.3.1/../../../../arm-atollic-eabi/lib/armv6-m\libm.a(lib_a-s_fabs.o)
 .ARM.attributes
                0x000007fe       0x2c c:/program files (x86)/atollic/truestudio for stm32 9.3.0/armtools/bin/../lib/gcc/arm-atollic-eabi/6.3.1/../../../../arm-atollic-eabi/lib/armv6-m\libm.a(lib_a-s_sin.o)
 .ARM.attributes
                0x0000082a       0x2c c:/program files (x86)/atollic/truestudio for stm32 9.3.0/armtools/bin/../lib/gcc/arm-atollic-eabi/6.3.1/../../../../arm-atollic-eabi/lib/armv6-m\libm.a(lib_a-e_rem_pio2.o)
 .ARM.attributes
                0x00000856       0x2c c:/program files (x86)/atollic/truestudio for stm32 9.3.0/armtools/bin/../lib/gcc/arm-atollic-eabi/6.3.1/../../../../arm-atollic-eabi/lib/armv6-m\libm.a(lib_a-k_cos.o)
 .ARM.attributes
                0x00000882       0x2c c:/program files (x86)/atollic/truestudio for stm32 9.3.0/armtools/bin/../lib/gcc/arm-atollic-eabi/6.3.1/../../../../arm-atollic-eabi/lib/armv6-m\libm.a(lib_a-k_rem_pio2.o)
 .ARM.attributes
                0x000008ae       0x2c c:/program files (x86)/atollic/truestudio for stm32 9.3.0/armtools/bin/../lib/gcc/arm-atollic-eabi/6.3.1/../../../../arm-atollic-eabi/lib/armv6-m\libm.a(lib_a-k_sin.o)
 .ARM.attributes
                0x000008da       0x2c c:/program files (x86)/atollic/truestudio for stm32 9.3.0/armtools/bin/../lib/gcc/arm-atollic-eabi/6.3.1/../../../../arm-atollic-eabi/lib/armv6-m\libm.a(lib_a-s_floor.o)
 .ARM.attributes
                0x00000906       0x2c c:/program files (x86)/atollic/truestudio for stm32 9.3.0/armtools/bin/../lib/gcc/arm-atollic-eabi/6.3.1/../../../../arm-atollic-eabi/lib/armv6-m\libm.a(lib_a-s_scalbn.o)
 .ARM.attributes
                0x00000932       0x2c c:/program files (x86)/atollic/truestudio for stm32 9.3.0/armtools/bin/../lib/gcc/arm-atollic-eabi/6.3.1/../../../../arm-atollic-eabi/lib/armv6-m\libm.a(lib_a-s_copysign.o)
 .ARM.attributes
                0x0000095e       0x1e c:/program files (x86)/atollic/truestudio for stm32 9.3.0/armtools/bin/../lib/gcc/arm-atollic-eabi/6.3.1/armv6-m\libgcc.a(_thumb1_case_uqi.o)
 .ARM.attributes
                0x0000097c       0x1e c:/program files (x86)/atollic/truestudio for stm32 9.3.0/armtools/bin/../lib/gcc/arm-atollic-eabi/6.3.1/armv6-m\libgcc.a(_udivsi3.o)
 .ARM.attributes
                0x0000099a       0x1e c:/program files (x86)/atollic/truestudio for stm32 9.3.0/armtools/bin/../lib/gcc/arm-atollic-eabi/6.3.1/armv6-m\libgcc.a(_divsi3.o)
 .ARM.attributes
                0x000009b8       0x1e c:/program files (x86)/atollic/truestudio for stm32 9.3.0/armtools/bin/../lib/gcc/arm-atollic-eabi/6.3.1/armv6-m\libgcc.a(_dvmd_tls.o)
 .ARM.attributes
                0x000009d6       0x1e c:/program files (x86)/atollic/truestudio for stm32 9.3.0/armtools/bin/../lib/gcc/arm-atollic-eabi/6.3.1/armv6-m\libgcc.a(_arm_cmpdf2.o)
 .ARM.attributes
                0x000009f4       0x2c c:/program files (x86)/atollic/truestudio for stm32 9.3.0/armtools/bin/../lib/gcc/arm-atollic-eabi/6.3.1/armv6-m\libgcc.a(divsf3.o)
 .ARM.attributes
                0x00000a20       0x2c c:/program files (x86)/atollic/truestudio for stm32 9.3.0/armtools/bin/../lib/gcc/arm-atollic-eabi/6.3.1/armv6-m\libgcc.a(subsf3.o)
 .ARM.attributes
                0x00000a4c       0x2c c:/program files (x86)/atollic/truestudio for stm32 9.3.0/armtools/bin/../lib/gcc/arm-atollic-eabi/6.3.1/armv6-m\libgcc.a(floatsisf.o)
 .ARM.attributes
                0x00000a78       0x2c c:/program files (x86)/atollic/truestudio for stm32 9.3.0/armtools/bin/../lib/gcc/arm-atollic-eabi/6.3.1/armv6-m\libgcc.a(adddf3.o)
 .ARM.attributes
                0x00000aa4       0x2c c:/program files (x86)/atollic/truestudio for stm32 9.3.0/armtools/bin/../lib/gcc/arm-atollic-eabi/6.3.1/armv6-m\libgcc.a(divdf3.o)
 .ARM.attributes
                0x00000ad0       0x2c c:/program files (x86)/atollic/truestudio for stm32 9.3.0/armtools/bin/../lib/gcc/arm-atollic-eabi/6.3.1/armv6-m\libgcc.a(eqdf2.o)
 .ARM.attributes
                0x00000afc       0x2c c:/program files (x86)/atollic/truestudio for stm32 9.3.0/armtools/bin/../lib/gcc/arm-atollic-eabi/6.3.1/armv6-m\libgcc.a(gedf2.o)
 .ARM.attributes
                0x00000b28       0x2c c:/program files (x86)/atollic/truestudio for stm32 9.3.0/armtools/bin/../lib/gcc/arm-atollic-eabi/6.3.1/armv6-m\libgcc.a(ledf2.o)
 .ARM.attributes
                0x00000b54       0x2c c:/program files (x86)/atollic/truestudio for stm32 9.3.0/armtools/bin/../lib/gcc/arm-atollic-eabi/6.3.1/armv6-m\libgcc.a(muldf3.o)
 .ARM.attributes
                0x00000b80       0x2c c:/program files (x86)/atollic/truestudio for stm32 9.3.0/armtools/bin/../lib/gcc/arm-atollic-eabi/6.3.1/armv6-m\libgcc.a(subdf3.o)
 .ARM.attributes
                0x00000bac       0x2c c:/program files (x86)/atollic/truestudio for stm32 9.3.0/armtools/bin/../lib/gcc/arm-atollic-eabi/6.3.1/armv6-m\libgcc.a(fixdfsi.o)
 .ARM.attributes
                0x00000bd8       0x2c c:/program files (x86)/atollic/truestudio for stm32 9.3.0/armtools/bin/../lib/gcc/arm-atollic-eabi/6.3.1/armv6-m\libgcc.a(floatsidf.o)
 .ARM.attributes
                0x00000c04       0x2c c:/program files (x86)/atollic/truestudio for stm32 9.3.0/armtools/bin/../lib/gcc/arm-atollic-eabi/6.3.1/armv6-m\libgcc.a(floatunsidf.o)
 .ARM.attributes
                0x00000c30       0x2c c:/program files (x86)/atollic/truestudio for stm32 9.3.0/armtools/bin/../lib/gcc/arm-atollic-eabi/6.3.1/armv6-m\libgcc.a(extendsfdf2.o)
 .ARM.attributes
                0x00000c5c       0x2c c:/program files (x86)/atollic/truestudio for stm32 9.3.0/armtools/bin/../lib/gcc/arm-atollic-eabi/6.3.1/armv6-m\libgcc.a(truncdfsf2.o)
 .ARM.attributes
                0x00000c88       0x1e c:/program files (x86)/atollic/truestudio for stm32 9.3.0/armtools/bin/../lib/gcc/arm-atollic-eabi/6.3.1/armv6-m\libgcc.a(_clzsi2.o)
 .ARM.attributes
                0x00000ca6       0x1e c:/program files (x86)/atollic/truestudio for stm32 9.3.0/armtools/bin/../lib/gcc/arm-atollic-eabi/6.3.1/armv6-m/crtn.o
OUTPUT(OverJoy.elf elf32-littlearm)

.debug_info     0x00000000    0x23201
 .debug_info    0x00000000      0xc2e Core\Src\OJ_Main.o
 .debug_info    0x00000c2e     0x188e Core\Src\OJ_TLE.o
 .debug_info    0x000024bc     0x207f Core\Src\main.o
 .debug_info    0x0000453b     0x1610 Core\Src\stm32f0xx_hal_msp.o
 .debug_info    0x00005b4b     0x1130 Core\Src\stm32f0xx_hal_timebase_tim.o
 .debug_info    0x00006c7b     0x135c Core\Src\stm32f0xx_it.o
 .debug_info    0x00007fd7      0xfbb Core\Src\syscalls.o
 .debug_info    0x00008f92      0xa67 Core\Src\system_stm32f0xx.o
 .debug_info    0x000099f9      0xe88 Drivers\STM32F0xx_HAL_Driver\Src\stm32f0xx_hal.o
 .debug_info    0x0000a881      0xfed Drivers\STM32F0xx_HAL_Driver\Src\stm32f0xx_hal_cortex.o
 .debug_info    0x0000b86e     0x101f Drivers\STM32F0xx_HAL_Driver\Src\stm32f0xx_hal_dma.o
 .debug_info    0x0000c88d      0xe5b Drivers\STM32F0xx_HAL_Driver\Src\stm32f0xx_hal_gpio.o
 .debug_info    0x0000d6e8     0x1b64 Drivers\STM32F0xx_HAL_Driver\Src\stm32f0xx_hal_pcd.o
 .debug_info    0x0000f24c      0xdad Drivers\STM32F0xx_HAL_Driver\Src\stm32f0xx_hal_pcd_ex.o
 .debug_info    0x0000fff9     0x1177 Drivers\STM32F0xx_HAL_Driver\Src\stm32f0xx_hal_rcc.o
 .debug_info    0x00011170      0xef1 Drivers\STM32F0xx_HAL_Driver\Src\stm32f0xx_hal_rcc_ex.o
 .debug_info    0x00012061     0x257b Drivers\STM32F0xx_HAL_Driver\Src\stm32f0xx_hal_spi.o
 .debug_info    0x000145dc     0x36d8 Drivers\STM32F0xx_HAL_Driver\Src\stm32f0xx_hal_tim.o
 .debug_info    0x00017cb4     0x1b4c Drivers\STM32F0xx_HAL_Driver\Src\stm32f0xx_hal_tim_ex.o
 .debug_info    0x00019800     0x1351 Middlewares\ST\STM32_USB_Device_Library\Class\CustomHID\Src\usbd_customhid.o
 .debug_info    0x0001ab51     0x1481 Middlewares\ST\STM32_USB_Device_Library\Core\Src\usbd_core.o
 .debug_info    0x0001bfd2     0x169b Middlewares\ST\STM32_USB_Device_Library\Core\Src\usbd_ctlreq.o
 .debug_info    0x0001d66d      0xfc9 Middlewares\ST\STM32_USB_Device_Library\Core\Src\usbd_ioreq.o
 .debug_info    0x0001e636      0xeb3 USB_DEVICE\App\usb_device.o
 .debug_info    0x0001f4e9      0xf17 USB_DEVICE\App\usbd_custom_hid_if.o
 .debug_info    0x00020400      0xdd9 USB_DEVICE\App\usbd_desc.o
 .debug_info    0x000211d9     0x1fcd USB_DEVICE\Target\usbd_conf.o
 .debug_info    0x000231a6       0x5b startup\startup_stm32f072xb.o

.debug_abbrev   0x00000000     0x43bd
 .debug_abbrev  0x00000000      0x23d Core\Src\OJ_Main.o
 .debug_abbrev  0x0000023d      0x253 Core\Src\OJ_TLE.o
 .debug_abbrev  0x00000490      0x2fe Core\Src\main.o
 .debug_abbrev  0x0000078e      0x28e Core\Src\stm32f0xx_hal_msp.o
 .debug_abbrev  0x00000a1c      0x26b Core\Src\stm32f0xx_hal_timebase_tim.o
 .debug_abbrev  0x00000c87      0x231 Core\Src\stm32f0xx_it.o
 .debug_abbrev  0x00000eb8      0x29b Core\Src\syscalls.o
 .debug_abbrev  0x00001153      0x1ca Core\Src\system_stm32f0xx.o
 .debug_abbrev  0x0000131d      0x2b9 Drivers\STM32F0xx_HAL_Driver\Src\stm32f0xx_hal.o
 .debug_abbrev  0x000015d6      0x2fa Drivers\STM32F0xx_HAL_Driver\Src\stm32f0xx_hal_cortex.o
 .debug_abbrev  0x000018d0      0x2a2 Drivers\STM32F0xx_HAL_Driver\Src\stm32f0xx_hal_dma.o
 .debug_abbrev  0x00001b72      0x26a Drivers\STM32F0xx_HAL_Driver\Src\stm32f0xx_hal_gpio.o
 .debug_abbrev  0x00001ddc      0x339 Drivers\STM32F0xx_HAL_Driver\Src\stm32f0xx_hal_pcd.o
 .debug_abbrev  0x00002115      0x1cc Drivers\STM32F0xx_HAL_Driver\Src\stm32f0xx_hal_pcd_ex.o
 .debug_abbrev  0x000022e1      0x2ad Drivers\STM32F0xx_HAL_Driver\Src\stm32f0xx_hal_rcc.o
 .debug_abbrev  0x0000258e      0x29c Drivers\STM32F0xx_HAL_Driver\Src\stm32f0xx_hal_rcc_ex.o
 .debug_abbrev  0x0000282a      0x2d8 Drivers\STM32F0xx_HAL_Driver\Src\stm32f0xx_hal_spi.o
 .debug_abbrev  0x00002b02      0x2a1 Drivers\STM32F0xx_HAL_Driver\Src\stm32f0xx_hal_tim.o
 .debug_abbrev  0x00002da3      0x2a1 Drivers\STM32F0xx_HAL_Driver\Src\stm32f0xx_hal_tim_ex.o
 .debug_abbrev  0x00003044      0x2b8 Middlewares\ST\STM32_USB_Device_Library\Class\CustomHID\Src\usbd_customhid.o
 .debug_abbrev  0x000032fc      0x286 Middlewares\ST\STM32_USB_Device_Library\Core\Src\usbd_core.o
 .debug_abbrev  0x00003582      0x2e7 Middlewares\ST\STM32_USB_Device_Library\Core\Src\usbd_ctlreq.o
 .debug_abbrev  0x00003869      0x1d3 Middlewares\ST\STM32_USB_Device_Library\Core\Src\usbd_ioreq.o
 .debug_abbrev  0x00003a3c      0x1da USB_DEVICE\App\usb_device.o
 .debug_abbrev  0x00003c16      0x211 USB_DEVICE\App\usbd_custom_hid_if.o
 .debug_abbrev  0x00003e27      0x291 USB_DEVICE\App\usbd_desc.o
 .debug_abbrev  0x000040b8      0x2f3 USB_DEVICE\Target\usbd_conf.o
 .debug_abbrev  0x000043ab       0x12 startup\startup_stm32f072xb.o

.debug_loc      0x00000000     0xc76b
 .debug_loc     0x00000000       0x18 Core\Src\OJ_Main.o
 .debug_loc     0x00000018      0x141 Core\Src\OJ_TLE.o
 .debug_loc     0x00000159       0x3a Core\Src\main.o
 .debug_loc     0x00000193       0xb0 Core\Src\stm32f0xx_hal_msp.o
 .debug_loc     0x00000243       0x79 Core\Src\stm32f0xx_hal_timebase_tim.o
 .debug_loc     0x000002bc      0x3c3 Core\Src\syscalls.o
 .debug_loc     0x0000067f       0xfe Core\Src\system_stm32f0xx.o
 .debug_loc     0x0000077d       0x7c Drivers\STM32F0xx_HAL_Driver\Src\stm32f0xx_hal.o
 .debug_loc     0x000007f9      0x393 Drivers\STM32F0xx_HAL_Driver\Src\stm32f0xx_hal_cortex.o
 .debug_loc     0x00000b8c      0x7ee Drivers\STM32F0xx_HAL_Driver\Src\stm32f0xx_hal_dma.o
 .debug_loc     0x0000137a      0x2b2 Drivers\STM32F0xx_HAL_Driver\Src\stm32f0xx_hal_gpio.o
 .debug_loc     0x0000162c     0x1354 Drivers\STM32F0xx_HAL_Driver\Src\stm32f0xx_hal_pcd.o
 .debug_loc     0x00002980       0xea Drivers\STM32F0xx_HAL_Driver\Src\stm32f0xx_hal_pcd_ex.o
 .debug_loc     0x00002a6a      0x4ba Drivers\STM32F0xx_HAL_Driver\Src\stm32f0xx_hal_rcc.o
 .debug_loc     0x00002f24      0x7ab Drivers\STM32F0xx_HAL_Driver\Src\stm32f0xx_hal_rcc_ex.o
 .debug_loc     0x000036cf     0x1d06 Drivers\STM32F0xx_HAL_Driver\Src\stm32f0xx_hal_spi.o
 .debug_loc     0x000053d5     0x3808 Drivers\STM32F0xx_HAL_Driver\Src\stm32f0xx_hal_tim.o
 .debug_loc     0x00008bdd     0x1286 Drivers\STM32F0xx_HAL_Driver\Src\stm32f0xx_hal_tim_ex.o
 .debug_loc     0x00009e63      0x634 Middlewares\ST\STM32_USB_Device_Library\Class\CustomHID\Src\usbd_customhid.o
 .debug_loc     0x0000a497      0x75d Middlewares\ST\STM32_USB_Device_Library\Core\Src\usbd_core.o
 .debug_loc     0x0000abf4      0xb64 Middlewares\ST\STM32_USB_Device_Library\Core\Src\usbd_ctlreq.o
 .debug_loc     0x0000b758      0x23c Middlewares\ST\STM32_USB_Device_Library\Core\Src\usbd_ioreq.o
 .debug_loc     0x0000b994       0x21 USB_DEVICE\App\usbd_custom_hid_if.o
 .debug_loc     0x0000b9b5      0x311 USB_DEVICE\App\usbd_desc.o
 .debug_loc     0x0000bcc6      0xaa5 USB_DEVICE\Target\usbd_conf.o

.debug_aranges  0x00000000     0x1150
 .debug_aranges
                0x00000000       0x38 Core\Src\OJ_Main.o
 .debug_aranges
                0x00000038       0x28 Core\Src\OJ_TLE.o
 .debug_aranges
                0x00000060       0x60 Core\Src\main.o
 .debug_aranges
                0x000000c0       0x48 Core\Src\stm32f0xx_hal_msp.o
 .debug_aranges
                0x00000108       0x30 Core\Src\stm32f0xx_hal_timebase_tim.o
 .debug_aranges
                0x00000138       0x68 Core\Src\stm32f0xx_it.o
 .debug_aranges
                0x000001a0       0xb0 Core\Src\syscalls.o
 .debug_aranges
                0x00000250       0x28 Core\Src\system_stm32f0xx.o
 .debug_aranges
                0x00000278       0xb8 Drivers\STM32F0xx_HAL_Driver\Src\stm32f0xx_hal.o
 .debug_aranges
                0x00000330       0x78 Drivers\STM32F0xx_HAL_Driver\Src\stm32f0xx_hal_cortex.o
 .debug_aranges
                0x000003a8       0x88 Drivers\STM32F0xx_HAL_Driver\Src\stm32f0xx_hal_dma.o
 .debug_aranges
                0x00000430       0x58 Drivers\STM32F0xx_HAL_Driver\Src\stm32f0xx_hal_gpio.o
 .debug_aranges
                0x00000488      0x130 Drivers\STM32F0xx_HAL_Driver\Src\stm32f0xx_hal_pcd.o
 .debug_aranges
                0x000005b8       0x20 Drivers\STM32F0xx_HAL_Driver\Src\stm32f0xx_hal_pcd_ex.o
 .debug_aranges
                0x000005d8       0x80 Drivers\STM32F0xx_HAL_Driver\Src\stm32f0xx_hal_rcc.o
 .debug_aranges
                0x00000658       0x78 Drivers\STM32F0xx_HAL_Driver\Src\stm32f0xx_hal_rcc_ex.o
 .debug_aranges
                0x000006d0      0x1d8 Drivers\STM32F0xx_HAL_Driver\Src\stm32f0xx_hal_spi.o
 .debug_aranges
                0x000008a8      0x378 Drivers\STM32F0xx_HAL_Driver\Src\stm32f0xx_hal_tim.o
 .debug_aranges
                0x00000c20      0x148 Drivers\STM32F0xx_HAL_Driver\Src\stm32f0xx_hal_tim_ex.o
 .debug_aranges
                0x00000d68       0x68 Middlewares\ST\STM32_USB_Device_Library\Class\CustomHID\Src\usbd_customhid.o
 .debug_aranges
                0x00000dd0       0xb8 Middlewares\ST\STM32_USB_Device_Library\Core\Src\usbd_core.o
 .debug_aranges
                0x00000e88       0x88 Middlewares\ST\STM32_USB_Device_Library\Core\Src\usbd_ctlreq.o
 .debug_aranges
                0x00000f10       0x50 Middlewares\ST\STM32_USB_Device_Library\Core\Src\usbd_ioreq.o
 .debug_aranges
                0x00000f60       0x20 USB_DEVICE\App\usb_device.o
 .debug_aranges
                0x00000f80       0x30 USB_DEVICE\App\usbd_custom_hid_if.o
 .debug_aranges
                0x00000fb0       0x60 USB_DEVICE\App\usbd_desc.o
 .debug_aranges
                0x00001010      0x118 USB_DEVICE\Target\usbd_conf.o
 .debug_aranges
                0x00001128       0x28 startup\startup_stm32f072xb.o

.debug_ranges   0x00000000     0x1100
 .debug_ranges  0x00000000       0x28 Core\Src\OJ_Main.o
 .debug_ranges  0x00000028       0x18 Core\Src\OJ_TLE.o
 .debug_ranges  0x00000040       0x50 Core\Src\main.o
 .debug_ranges  0x00000090       0x38 Core\Src\stm32f0xx_hal_msp.o
 .debug_ranges  0x000000c8       0x20 Core\Src\stm32f0xx_hal_timebase_tim.o
 .debug_ranges  0x000000e8       0x58 Core\Src\stm32f0xx_it.o
 .debug_ranges  0x00000140       0xa0 Core\Src\syscalls.o
 .debug_ranges  0x000001e0       0x18 Core\Src\system_stm32f0xx.o
 .debug_ranges  0x000001f8       0xa8 Drivers\STM32F0xx_HAL_Driver\Src\stm32f0xx_hal.o
 .debug_ranges  0x000002a0       0xb0 Drivers\STM32F0xx_HAL_Driver\Src\stm32f0xx_hal_cortex.o
 .debug_ranges  0x00000350       0x78 Drivers\STM32F0xx_HAL_Driver\Src\stm32f0xx_hal_dma.o
 .debug_ranges  0x000003c8       0x48 Drivers\STM32F0xx_HAL_Driver\Src\stm32f0xx_hal_gpio.o
 .debug_ranges  0x00000410      0x210 Drivers\STM32F0xx_HAL_Driver\Src\stm32f0xx_hal_pcd.o
 .debug_ranges  0x00000620       0x10 Drivers\STM32F0xx_HAL_Driver\Src\stm32f0xx_hal_pcd_ex.o
 .debug_ranges  0x00000630       0x88 Drivers\STM32F0xx_HAL_Driver\Src\stm32f0xx_hal_rcc.o
 .debug_ranges  0x000006b8       0x80 Drivers\STM32F0xx_HAL_Driver\Src\stm32f0xx_hal_rcc_ex.o
 .debug_ranges  0x00000738      0x1c8 Drivers\STM32F0xx_HAL_Driver\Src\stm32f0xx_hal_spi.o
 .debug_ranges  0x00000900      0x368 Drivers\STM32F0xx_HAL_Driver\Src\stm32f0xx_hal_tim.o
 .debug_ranges  0x00000c68      0x138 Drivers\STM32F0xx_HAL_Driver\Src\stm32f0xx_hal_tim_ex.o
 .debug_ranges  0x00000da0       0x58 Middlewares\ST\STM32_USB_Device_Library\Class\CustomHID\Src\usbd_customhid.o
 .debug_ranges  0x00000df8       0xa8 Middlewares\ST\STM32_USB_Device_Library\Core\Src\usbd_core.o
 .debug_ranges  0x00000ea0       0x78 Middlewares\ST\STM32_USB_Device_Library\Core\Src\usbd_ctlreq.o
 .debug_ranges  0x00000f18       0x40 Middlewares\ST\STM32_USB_Device_Library\Core\Src\usbd_ioreq.o
 .debug_ranges  0x00000f58       0x10 USB_DEVICE\App\usb_device.o
 .debug_ranges  0x00000f68       0x20 USB_DEVICE\App\usbd_custom_hid_if.o
 .debug_ranges  0x00000f88       0x50 USB_DEVICE\App\usbd_desc.o
 .debug_ranges  0x00000fd8      0x108 USB_DEVICE\Target\usbd_conf.o
 .debug_ranges  0x000010e0       0x20 startup\startup_stm32f072xb.o

.debug_line     0x00000000     0x9273
 .debug_line    0x00000000      0x2eb Core\Src\OJ_Main.o
 .debug_line    0x000002eb      0x3fa Core\Src\OJ_TLE.o
 .debug_line    0x000006e5      0x560 Core\Src\main.o
 .debug_line    0x00000c45      0x396 Core\Src\stm32f0xx_hal_msp.o
 .debug_line    0x00000fdb      0x2f6 Core\Src\stm32f0xx_hal_timebase_tim.o
 .debug_line    0x000012d1      0x36a Core\Src\stm32f0xx_it.o
 .debug_line    0x0000163b      0x3cf Core\Src\syscalls.o
 .debug_line    0x00001a0a      0x259 Core\Src\system_stm32f0xx.o
 .debug_line    0x00001c63      0x42d Drivers\STM32F0xx_HAL_Driver\Src\stm32f0xx_hal.o
 .debug_line    0x00002090      0x3c9 Drivers\STM32F0xx_HAL_Driver\Src\stm32f0xx_hal_cortex.o
 .debug_line    0x00002459      0x4e6 Drivers\STM32F0xx_HAL_Driver\Src\stm32f0xx_hal_dma.o
 .debug_line    0x0000293f      0x3e8 Drivers\STM32F0xx_HAL_Driver\Src\stm32f0xx_hal_gpio.o
 .debug_line    0x00002d27      0x933 Drivers\STM32F0xx_HAL_Driver\Src\stm32f0xx_hal_pcd.o
 .debug_line    0x0000365a      0x29b Drivers\STM32F0xx_HAL_Driver\Src\stm32f0xx_hal_pcd_ex.o
 .debug_line    0x000038f5      0x565 Drivers\STM32F0xx_HAL_Driver\Src\stm32f0xx_hal_rcc.o
 .debug_line    0x00003e5a      0x505 Drivers\STM32F0xx_HAL_Driver\Src\stm32f0xx_hal_rcc_ex.o
 .debug_line    0x0000435f      0xde7 Drivers\STM32F0xx_HAL_Driver\Src\stm32f0xx_hal_spi.o
 .debug_line    0x00005146     0x14b8 Drivers\STM32F0xx_HAL_Driver\Src\stm32f0xx_hal_tim.o
 .debug_line    0x000065fe      0x8ce Drivers\STM32F0xx_HAL_Driver\Src\stm32f0xx_hal_tim_ex.o
 .debug_line    0x00006ecc      0x4cf Middlewares\ST\STM32_USB_Device_Library\Class\CustomHID\Src\usbd_customhid.o
 .debug_line    0x0000739b      0x4f7 Middlewares\ST\STM32_USB_Device_Library\Core\Src\usbd_core.o
 .debug_line    0x00007892      0x516 Middlewares\ST\STM32_USB_Device_Library\Core\Src\usbd_ctlreq.o
 .debug_line    0x00007da8      0x35f Middlewares\ST\STM32_USB_Device_Library\Core\Src\usbd_ioreq.o
 .debug_line    0x00008107      0x363 USB_DEVICE\App\usb_device.o
 .debug_line    0x0000846a      0x381 USB_DEVICE\App\usbd_custom_hid_if.o
 .debug_line    0x000087eb      0x39a USB_DEVICE\App\usbd_desc.o
 .debug_line    0x00008b85      0x66b USB_DEVICE\Target\usbd_conf.o
 .debug_line    0x000091f0       0x83 startup\startup_stm32f072xb.o

.debug_str      0x00000000     0x4e66
 .debug_str     0x00000000      0x688 Core\Src\OJ_Main.o
                                0x750 (size before relaxing)
 .debug_str     0x00000688      0x53c Core\Src\OJ_TLE.o
                                0xc0a (size before relaxing)
 .debug_str     0x00000bc4      0xc32 Core\Src\main.o
                               0x17ba (size before relaxing)
 .debug_str     0x000017f6       0xb2 Core\Src\stm32f0xx_hal_msp.o
                                0xf7e (size before relaxing)
 .debug_str     0x000018a8       0xec Core\Src\stm32f0xx_hal_timebase_tim.o
                                0xd48 (size before relaxing)
 .debug_str     0x00001994      0x399 Core\Src\stm32f0xx_it.o
                                0xdb5 (size before relaxing)
 .debug_str     0x00001d2d      0x243 Core\Src\syscalls.o
                                0x83f (size before relaxing)
 .debug_str     0x00001f70       0x5f Core\Src\system_stm32f0xx.o
                                0x678 (size before relaxing)
 .debug_str     0x00001fcf      0x1c5 Drivers\STM32F0xx_HAL_Driver\Src\stm32f0xx_hal.o
                                0xa82 (size before relaxing)
 .debug_str     0x00002194      0x1b3 Drivers\STM32F0xx_HAL_Driver\Src\stm32f0xx_hal_cortex.o
                                0xa8a (size before relaxing)
 .debug_str     0x00002347      0x223 Drivers\STM32F0xx_HAL_Driver\Src\stm32f0xx_hal_dma.o
                                0xa5c (size before relaxing)
 .debug_str     0x0000256a       0xe7 Drivers\STM32F0xx_HAL_Driver\Src\stm32f0xx_hal_gpio.o
                                0x84d (size before relaxing)
 .debug_str     0x00002651      0x3d1 Drivers\STM32F0xx_HAL_Driver\Src\stm32f0xx_hal_pcd.o
                                0xcd9 (size before relaxing)
 .debug_str     0x00002a22       0x57 Drivers\STM32F0xx_HAL_Driver\Src\stm32f0xx_hal_pcd_ex.o
                                0x946 (size before relaxing)
 .debug_str     0x00002a79      0x16a Drivers\STM32F0xx_HAL_Driver\Src\stm32f0xx_hal_rcc.o
                                0xa31 (size before relaxing)
 .debug_str     0x00002be3      0x272 Drivers\STM32F0xx_HAL_Driver\Src\stm32f0xx_hal_rcc_ex.o
                                0xa54 (size before relaxing)
 .debug_str     0x00002e55      0x4c5 Drivers\STM32F0xx_HAL_Driver\Src\stm32f0xx_hal_spi.o
                                0xf9a (size before relaxing)
 .debug_str     0x0000331a      0xc5c Drivers\STM32F0xx_HAL_Driver\Src\stm32f0xx_hal_tim.o
                               0x17c8 (size before relaxing)
 .debug_str     0x00003f76      0x49d Drivers\STM32F0xx_HAL_Driver\Src\stm32f0xx_hal_tim_ex.o
                               0x10f4 (size before relaxing)
 .debug_str     0x00004413      0x360 Middlewares\ST\STM32_USB_Device_Library\Class\CustomHID\Src\usbd_customhid.o
                                0xd0a (size before relaxing)
 .debug_str     0x00004773      0x2a7 Middlewares\ST\STM32_USB_Device_Library\Core\Src\usbd_core.o
                                0xc77 (size before relaxing)
 .debug_str     0x00004a1a      0x11b Middlewares\ST\STM32_USB_Device_Library\Core\Src\usbd_ctlreq.o
                                0xb91 (size before relaxing)
 .debug_str     0x00004b35       0x67 Middlewares\ST\STM32_USB_Device_Library\Core\Src\usbd_ioreq.o
                                0xabe (size before relaxing)
 .debug_str     0x00004b9c       0x36 USB_DEVICE\App\usb_device.o
                                0xaa9 (size before relaxing)
 .debug_str     0x00004bd2       0x89 USB_DEVICE\App\usbd_custom_hid_if.o
                                0xb42 (size before relaxing)
 .debug_str     0x00004c5b      0x170 USB_DEVICE\App\usbd_desc.o
                                0x88b (size before relaxing)
 .debug_str     0x00004dcb       0x9b USB_DEVICE\Target\usbd_conf.o
                               0x146e (size before relaxing)

.comment        0x00000000       0x7c
 .comment       0x00000000       0x7c Core\Src\OJ_Main.o
                                 0x7d (size before relaxing)
 .comment       0x0000007c       0x7d Core\Src\OJ_TLE.o
 .comment       0x0000007c       0x7d Core\Src\main.o
 .comment       0x0000007c       0x7d Core\Src\stm32f0xx_hal_msp.o
 .comment       0x0000007c       0x7d Core\Src\stm32f0xx_hal_timebase_tim.o
 .comment       0x0000007c       0x7d Core\Src\stm32f0xx_it.o
 .comment       0x0000007c       0x7d Core\Src\syscalls.o
 .comment       0x0000007c       0x7d Core\Src\system_stm32f0xx.o
 .comment       0x0000007c       0x7d Drivers\STM32F0xx_HAL_Driver\Src\stm32f0xx_hal.o
 .comment       0x0000007c       0x7d Drivers\STM32F0xx_HAL_Driver\Src\stm32f0xx_hal_cortex.o
 .comment       0x0000007c       0x7d Drivers\STM32F0xx_HAL_Driver\Src\stm32f0xx_hal_dma.o
 .comment       0x0000007c       0x7d Drivers\STM32F0xx_HAL_Driver\Src\stm32f0xx_hal_gpio.o
 .comment       0x0000007c       0x7d Drivers\STM32F0xx_HAL_Driver\Src\stm32f0xx_hal_pcd.o
 .comment       0x0000007c       0x7d Drivers\STM32F0xx_HAL_Driver\Src\stm32f0xx_hal_pcd_ex.o
 .comment       0x0000007c       0x7d Drivers\STM32F0xx_HAL_Driver\Src\stm32f0xx_hal_rcc.o
 .comment       0x0000007c       0x7d Drivers\STM32F0xx_HAL_Driver\Src\stm32f0xx_hal_rcc_ex.o
 .comment       0x0000007c       0x7d Drivers\STM32F0xx_HAL_Driver\Src\stm32f0xx_hal_spi.o